{"tool":"pest","result":"failed","tests":11,"passed":7,"assertions":41,"duration_ms":4810,"failed":4,"failures":[{"test":"P\\Tests\\Feature\\Auth\\RoleAccessTest::__pest_evaluable_sidebar_hides_materias_from_user_without_catalogos_permission","file":"\\laragon\\www\\sistemacontrolesc\\vendor\\laravel\\framework\\src\\Illuminate\\Testing\\TestResponseAssert.php","line":45,"message":"Failed asserting that '<!DOCTYPE html>\\n\n<html lang=\"en\" class=\"dark\">\\n\n<head>\\n\n <meta charset=\"utf-8\" />\\n\n<meta name=\"viewport\" content=\"width=device-width, initial-scale=1.0\" />\\n\n\\n\n<title>\\n\n Dashboard - Laravel\\n\n</title>\\n\n\\n\n<link rel=\"icon\" href=\"/favicon.ico\" sizes=\"any\">\\n\n<link rel=\"icon\" href=\"/favicon.svg\" type=\"image/svg+xml\">\\n\n<link rel=\"apple-touch-icon\" href=\"/apple-touch-icon.png\">\\n\n\\n\n<link rel=\"preload\" as=\"font\" href=\"http://localhost:8000/build/assets/instrument-sans-400-normal-DRC__1Mx.woff2\" type=\"font/woff2\" crossorigin=\"anonymous\" />\\n\n<link rel=\"preload\" as=\"font\" href=\"http://localhost:8000/build/assets/instrument-sans-400-normal-Q_nF8v4l.woff2\" type=\"font/woff2\" crossorigin=\"anonymous\" />\\n\n<link rel=\"preload\" as=\"font\" href=\"http://localhost:8000/build/assets/instrument-sans-500-normal-Dk9ku72i.woff2\" type=\"font/woff2\" crossorigin=\"anonymous\" />\\n\n<link rel=\"preload\" as=\"font\" href=\"http://localhost:8000/build/assets/instrument-sans-500-normal-CTEe1bJa.woff2\" type=\"font/woff2\" crossorigin=\"anonymous\" />\\n\n<link rel=\"preload\" as=\"font\" href=\"http://localhost:8000/build/assets/instrument-sans-600-normal-B7fBEWYG.woff2\" type=\"font/woff2\" crossorigin=\"anonymous\" />\\n\n<link rel=\"preload\" as=\"font\" href=\"http://localhost:8000/build/assets/instrument-sans-600-normal-BsaQcF38.woff2\" type=\"font/woff2\" crossorigin=\"anonymous\" />\\n\n<style>\\n\n@font-face {\\n\n font-family: \"Instrument Sans\";\\n\n font-style: normal;\\n\n font-weight: 400;\\n\n font-display: swap;\\n\n src: url(\"/build/assets/instrument-sans-400-normal-DRC__1Mx.woff2\") format(\"woff2\");\\n\n unicode-range: U+0000-00FF,U+0131,U+0152-0153,U+02BB-02BC,U+02C6,U+02DA,U+02DC,U+0304,U+0308,U+0329,U+2000-206F,U+20AC,U+2122,U+2191,U+2193,U+2212,U+2215,U+FEFF,U+FFFD;\\n\n}\\n\n\\n\n@font-face {\\n\n font-family: \"Instrument Sans\";\\n\n font-style: normal;\\n\n font-weight: 400;\\n\n font-display: swap;\\n\n src: url(\"/build/assets/instrument-sans-400-normal-D1W7dsQl.woff\") format(\"woff\");\\n\n unicode-range: U+0000-00FF,U+0131,U+0152-0153,U+02BB-02BC,U+02C6,U+02DA,U+02DC,U+0304,U+0308,U+0329,U+2000-206F,U+20AC,U+2122,U+2191,U+2193,U+2212,U+2215,U+FEFF,U+FFFD;\\n\n}\\n\n\\n\n@font-face {\\n\n font-family: \"Instrument Sans\";\\n\n font-style: normal;\\n\n font-weight: 400;\\n\n font-display: swap;\\n\n src: url(\"/build/assets/instrument-sans-400-normal-Q_nF8v4l.woff2\") format(\"woff2\");\\n\n unicode-range: U+0100-02BA,U+02BD-02C5,U+02C7-02CC,U+02CE-02D7,U+02DD-02FF,U+0304,U+0308,U+0329,U+1D00-1DBF,U+1E00-1E9F,U+1EF2-1EFF,U+2020,U+20A0-20AB,U+20AD-20C0,U+2113,U+2C60-2C7F,U+A720-A7FF;\\n\n}\\n\n\\n\n@font-face {\\n\n font-family: \"Instrument Sans\";\\n\n font-style: normal;\\n\n font-weight: 400;\\n\n font-display: swap;\\n\n src: url(\"/build/assets/instrument-sans-400-normal-r32jotim.woff\") format(\"woff\");\\n\n unicode-range: U+0100-02BA,U+02BD-02C5,U+02C7-02CC,U+02CE-02D7,U+02DD-02FF,U+0304,U+0308,U+0329,U+1D00-1DBF,U+1E00-1E9F,U+1EF2-1EFF,U+2020,U+20A0-20AB,U+20AD-20C0,U+2113,U+2C60-2C7F,U+A720-A7FF;\\n\n}\\n\n\\n\n@font-face {\\n\n font-family: \"Instrument Sans\";\\n\n font-style: normal;\\n\n font-weight: 500;\\n\n font-display: swap;\\n\n src: url(\"/build/assets/instrument-sans-500-normal-Dk9ku72i.woff2\") format(\"woff2\");\\n\n unicode-range: U+0000-00FF,U+0131,U+0152-0153,U+02BB-02BC,U+02C6,U+02DA,U+02DC,U+0304,U+0308,U+0329,U+2000-206F,U+20AC,U+2122,U+2191,U+2193,U+2212,U+2215,U+FEFF,U+FFFD;\\n\n}\\n\n\\n\n@font-face {\\n\n font-family: \"Instrument Sans\";\\n\n font-style: normal;\\n\n font-weight: 500;\\n\n font-display: swap;\\n\n src: url(\"/build/assets/instrument-sans-500-normal-Z6ESRlEs.woff\") format(\"woff\");\\n\n unicode-range: U+0000-00FF,U+0131,U+0152-0153,U+02BB-02BC,U+02C6,U+02DA,U+02DC,U+0304,U+0308,U+0329,U+2000-206F,U+20AC,U+2122,U+2191,U+2193,U+2212,U+2215,U+FEFF,U+FFFD;\\n\n}\\n\n\\n\n@font-face {\\n\n font-family: \"Instrument Sans\";\\n\n font-style: normal;\\n\n font-weight: 500;\\n\n font-display: swap;\\n\n src: url(\"/build/assets/instrument-sans-500-normal-CTEe1bJa.woff2\") format(\"woff2\");\\n\n unicode-range: U+0100-02BA,U+02BD-02C5,U+02C7-02CC,U+02CE-02D7,U+02DD-02FF,U+0304,U+0308,U+0329,U+1D00-1DBF,U+1E00-1E9F,U+1EF2-1EFF,U+2020,U+20A0-20AB,U+20AD-20C0,U+2113,U+2C60-2C7F,U+A720-A7FF;\\n\n}\\n\n\\n\n@font-face {\\n\n font-family: \"Instrument Sans\";\\n\n font-style: normal;\\n\n font-weight: 500;\\n\n font-display: swap;\\n\n src: url(\"/build/assets/instrument-sans-500-normal-CAxz3nsc.woff\") format(\"woff\");\\n\n unicode-range: U+0100-02BA,U+02BD-02C5,U+02C7-02CC,U+02CE-02D7,U+02DD-02FF,U+0304,U+0308,U+0329,U+1D00-1DBF,U+1E00-1E9F,U+1EF2-1EFF,U+2020,U+20A0-20AB,U+20AD-20C0,U+2113,U+2C60-2C7F,U+A720-A7FF;\\n\n}\\n\n\\n\n@font-face {\\n\n font-family: \"Instrument Sans\";\\n\n font-style: normal;\\n\n font-weight: 600;\\n\n font-display: swap;\\n\n src: url(\"/build/assets/instrument-sans-600-normal-B7fBEWYG.woff2\") format(\"woff2\");\\n\n unicode-range: U+0000-00FF,U+0131,U+0152-0153,U+02BB-02BC,U+02C6,U+02DA,U+02DC,U+0304,U+0308,U+0329,U+2000-206F,U+20AC,U+2122,U+2191,U+2193,U+2212,U+2215,U+FEFF,U+FFFD;\\n\n}\\n\n\\n\n@font-face {\\n\n font-family: \"Instrument Sans\";\\n\n font-style: normal;\\n\n font-weight: 600;\\n\n font-display: swap;\\n\n src: url(\"/build/assets/instrument-sans-600-normal-B9e8oLYv.woff\") format(\"woff\");\\n\n unicode-range: U+0000-00FF,U+0131,U+0152-0153,U+02BB-02BC,U+02C6,U+02DA,U+02DC,U+0304,U+0308,U+0329,U+2000-206F,U+20AC,U+2122,U+2191,U+2193,U+2212,U+2215,U+FEFF,U+FFFD;\\n\n}\\n\n\\n\n@font-face {\\n\n font-family: \"Instrument Sans\";\\n\n font-style: normal;\\n\n font-weight: 600;\\n\n font-display: swap;\\n\n src: url(\"/build/assets/instrument-sans-600-normal-BsaQcF38.woff2\") format(\"woff2\");\\n\n unicode-range: U+0100-02BA,U+02BD-02C5,U+02C7-02CC,U+02CE-02D7,U+02DD-02FF,U+0304,U+0308,U+0329,U+1D00-1DBF,U+1E00-1E9F,U+1EF2-1EFF,U+2020,U+20A0-20AB,U+20AD-20C0,U+2113,U+2C60-2C7F,U+A720-A7FF;\\n\n}\\n\n\\n\n@font-face {\\n\n font-family: \"Instrument Sans\";\\n\n font-style: normal;\\n\n font-weight: 600;\\n\n font-display: swap;\\n\n src: url(\"/build/assets/instrument-sans-600-normal-DMks36a2.woff\") format(\"woff\");\\n\n unicode-range: U+0100-02BA,U+02BD-02C5,U+02C7-02CC,U+02CE-02D7,U+02DD-02FF,U+0304,U+0308,U+0329,U+1D00-1DBF,U+1E00-1E9F,U+1EF2-1EFF,U+2020,U+20A0-20AB,U+20AD-20C0,U+2113,U+2C60-2C7F,U+A720-A7FF;\\n\n}\\n\n\\n\n:root {\\n\n --font-instrument-sans: \"Instrument Sans\", \"Instrument Sans fallback\";\\n\n}\\n\n\\n\n.font-instrument-sans {\\n\n font-family: var(--font-instrument-sans);\\n\n}\\n\n</style>\\n\n<link rel=\"preload\" as=\"style\" href=\"http://localhost:8000/build/assets/app-B4fu3CMk.css\" /><link rel=\"modulepreload\" as=\"script\" href=\"http://localhost:8000/build/assets/app-BvRk9kiK.js\" /><link rel=\"stylesheet\" href=\"http://localhost:8000/build/assets/app-B4fu3CMk.css\" data-navigate-track=\"reload\" /><script type=\"module\" src=\"http://localhost:8000/build/assets/app-BvRk9kiK.js\" data-navigate-track=\"reload\"></script><style>\\n\n :root.dark {\\n\n color-scheme: dark;\\n\n }\\n\n</style>\\n\n<script>\\n\n window.Flux = {\\n\n applyAppearance (appearance) {\\n\n let applyDark = () => document.documentElement.classList.add('dark')\\n\n let applyLight = () => document.documentElement.classList.remove('dark')\\n\n\\n\n if (appearance === 'system') {\\n\n let media = window.matchMedia('(prefers-color-scheme: dark)')\\n\n\\n\n window.localStorage.removeItem('flux.appearance')\\n\n\\n\n media.matches ? applyDark() : applyLight()\\n\n } else if (appearance === 'dark') {\\n\n window.localStorage.setItem('flux.appearance', 'dark')\\n\n\\n\n applyDark()\\n\n } else if (appearance === 'light') {\\n\n window.localStorage.setItem('flux.appearance', 'light')\\n\n\\n\n applyLight()\\n\n }\\n\n }\\n\n }\\n\n\\n\n window.Flux.applyAppearance(window.localStorage.getItem('flux.appearance') || 'system')\\n\n</script>\\n\n <style>\\n\n [x-cloak] { display: none !important; }\\n\n </style>\\n\n<!-- Livewire Styles --><style >[wire\\:loading][wire\\:loading], [wire\\:loading\\.delay][wire\\:loading\\.delay], [wire\\:loading\\.list-item][wire\\:loading\\.list-item], [wire\\:loading\\.inline-block][wire\\:loading\\.inline-block], [wire\\:loading\\.inline][wire\\:loading\\.inline], [wire\\:loading\\.block][wire\\:loading\\.block], [wire\\:loading\\.flex][wire\\:loading\\.flex], [wire\\:loading\\.table][wire\\:loading\\.table], [wire\\:loading\\.grid][wire\\:loading\\.grid], [wire\\:loading\\.inline-flex][wire\\:loading\\.inline-flex] {display: none;}[wire\\:loading\\.delay\\.none][wire\\:loading\\.delay\\.none], [wire\\:loading\\.delay\\.shortest][wire\\:loading\\.delay\\.shortest], [wire\\:loading\\.delay\\.shorter][wire\\:loading\\.delay\\.shorter], [wire\\:loading\\.delay\\.short][wire\\:loading\\.delay\\.short], [wire\\:loading\\.delay\\.default][wire\\:loading\\.delay\\.default], [wire\\:loading\\.delay\\.long][wire\\:loading\\.delay\\.long], [wire\\:loading\\.delay\\.longer][wire\\:loading\\.delay\\.longer], [wire\\:loading\\.delay\\.longest][wire\\:loading\\.delay\\.longest] {display: none;}[wire\\:offline][wire\\:offline] {display: none;}[wire\\:dirty]:not(textarea):not(input):not(select) {display: none;}:root {--livewire-progress-bar-color: #2299dd;}[x-cloak] {display: none !important;}[wire\\:cloak] {display: none !important;}dialog#livewire-error::backdrop {background-color: rgba(0, 0, 0, .6);}</style>\\n\n</head>\\n\n<body class=\"min-h-screen bg-zinc-50 dark:bg-zinc-900 text-zinc-900 dark:text-zinc-100\">\\n\n <div\\n\n x-data=\"layout()\"\\n\n x-init=\"init()\"\\n\n class=\"flex min-h-screen\"\\n\n >\\n\n \\n\n \\n\n \\n\n \\n\n <aside\\n\n :style=\"sidebarOpen ? 'translate: none;' : ''\"\\n\n class=\"flex w-64 min-h-0 flex-col border-e border-zinc-200 bg-white dark:border-zinc-700 dark:bg-zinc-800 transition-transform duration-200 ease-in-out max-lg:fixed max-lg:inset-y-0 max-lg:left-0 max-lg:z-50 max-lg:-translate-x-full\"\\n\n >\\n\n \\n\n <div class=\"flex items-center justify-between px-4 py-3\">\\n\n <a href=\"http://localhost:8000/dashboard\" wire:navigate class=\"flex items-center gap-2\">\\n\n <svg xmlns=\"http://www.w3.org/2000/svg\" viewBox=\"0 0 40 42\" class=\"h-8 w-auto text-accent-content\">\\n\n <path \\n\n fill=\"currentColor\" \\n\n fill-rule=\"evenodd\" \\n\n clip-rule=\"evenodd\"\\n\n d=\"M17.2 5.633 8.6.855 0 5.633v26.51l16.2 9 16.2-9v-8.442l7.6-4.223V9.856l-8.6-4.777-8.6 4.777V18.3l-5.6 3.111V5.633ZM38 18.301l-5.6 3.11v-6.157l5.6-3.11V18.3Zm-1.06-7.856-5.54 3.078-5.54-3.079 5.54-3.078 5.54 3.079ZM24.8 18.3v-6.157l5.6 3.111v6.158L24.8 18.3Zm-1 1.732 5.54 3.078-13.14 7.302-5.54-3.078 13.14-7.3v-.002Zm-16.2 7.89 7.6 4.222V38.3L2 30.966V7.92l5.6 3.111v16.892ZM8.6 9.3 3.06 6.222 8.6 3.143l5.54 3.08L8.6 9.3Zm21.8 15.51-13.2 7.334V38.3l13.2-7.334v-6.156ZM9.6 11.034l5.6-3.11v14.6l-5.6 3.11v-14.6Z\"\\n\n />\\n\n</svg>\\n\n <span class=\"text-lg font-bold hidden sm:inline\">Laravel</span>\\n\n </a>\\n\n <button @click=\"sidebarOpen = false\" class=\"lg:hidden p-1 rounded-md hover:bg-zinc-100 dark:hover:bg-zinc-700\">\\n\n <svg class=\"w-5 h-5\" fill=\"none\" viewBox=\"0 0 24 24\" stroke-width=\"1.5\" stroke=\"currentColor\">\\n\n <path stroke-linecap=\"round\" stroke-linejoin=\"round\" d=\"M6 18L18 6M6 6l12 12\" />\\n\n </svg>\\n\n </button>\\n\n </div>\\n\n\\n\n \\n\n <div class=\"shrink-0 px-4 pb-2\">\\n\n <span class=\"inline-flex items-center rounded-full bg-zinc-100 dark:bg-zinc-700 px-2.5 py-0.5 text-xs font-medium text-zinc-600 dark:text-zinc-300\">\\n\n Sin rol\\n\n </span>\\n\n </div>\\n\n\\n\n \\n\n <nav class=\"min-h-0 flex-1 overflow-y-auto px-3 py-2 space-y-1\">\\n\n <div wire:key=\"lw-567624513-0-4\" wire:snapshot=\"{&quot;data&quot;:{&quot;menuGroups&quot;:[{&quot;General&quot;:[[[{&quot;label&quot;:&quot;Dashboard&quot;,&quot;route&quot;:&quot;dashboard&quot;,&quot;route_prefix&quot;:&quot;dashboard&quot;,&quot;params&quot;:[[],{&quot;s&quot;:&quot;arr&quot;}],&quot;svg&quot;:&quot;&lt;svg class=\\&quot;w-5 h-5 shrink-0\\&quot; fill=\\&quot;none\\&quot; viewBox=\\&quot;0 0 24 24\\&quot; stroke-width=\\&quot;1.5\\&quot; stroke=\\&quot;currentColor\\&quot;&gt;&lt;path stroke-linecap=\\&quot;round\\&quot; stroke-linejoin=\\&quot;round\\&quot; d=\\&quot;M2.25 12l8.954-8.955a1.126 1.126 0 011.591 0L21.75 12M4.5 9.75v10.125c0 .621.504 1.125 1.125 1.125H9.75v-4.875c0-.621.504-1.125 1.125-1.125h2.25c.621 0 1.125.504 1.125 1.125V21h4.125c.621 0 1.125-.504 1.125-1.125V9.75M8.25 21h8.25\\&quot;\\/&gt;&lt;\\/svg&gt;&quot;,&quot;visible&quot;:false},{&quot;s&quot;:&quot;arr&quot;}]],{&quot;s&quot;:&quot;arr&quot;}],&quot;Cat\\u00e1logos&quot;:[[[{&quot;label&quot;:&quot;Cat\\u00e1logos&quot;,&quot;route&quot;:&quot;catalogos.index&quot;,&quot;route_prefix&quot;:&quot;catalogos&quot;,&quot;params&quot;:[[],{&quot;s&quot;:&quot;arr&quot;}],&quot;svg&quot;:&quot;&lt;svg class=\\&quot;w-5 h-5 shrink-0\\&quot; fill=\\&quot;none\\&quot; viewBox=\\&quot;0 0 24 24\\&quot; stroke-width=\\&quot;1.5\\&quot; stroke=\\&quot;currentColor\\&quot;&gt;&lt;path stroke-linecap=\\&quot;round\\&quot; stroke-linejoin=\\&quot;round\\&quot; d=\\&quot;M4.26 10.147a60.438 60.438 0 0 0-.491 6.347A48.62 48.62 0 0 1 12 20.904a48.62 48.62 0 0 1 8.232-4.41 60.46 60.46 0 0 0-.491-6.347m-15.482 0a50.636 50.636 0 0 0-2.658-.813A59.906 59.906 0 0 1 12 3.493a59.903 59.903 0 0 1 10.399 5.84c-.896.248-1.783.52-2.658.814m-15.482 0A50.717 50.717 0 0 1 12 13.489a50.702 50.702 0 0 1 7.74-3.342M6.75 15a.75.75 0 1 0 0-1.5.75.75 0 0 0 0 1.5Zm0 0v-3.675A55.378 55.378 0 0 1 12 8.443m-7.007 11.55A5.981 5.981 0 0 0 6.75 15.75v-1.5\\&quot;\\/&gt;&lt;\\/svg&gt;&quot;,&quot;visible&quot;:false},{&quot;s&quot;:&quot;arr&quot;}],[{&quot;label&quot;:&quot;Materias&quot;,&quot;route&quot;:&quot;materias.index&quot;,&quot;route_prefix&quot;:&quot;materias&quot;,&quot;params&quot;:[[],{&quot;s&quot;:&quot;arr&quot;}],&quot;svg&quot;:&quot;&lt;svg class=\\&quot;w-5 h-5 shrink-0\\&quot; fill=\\&quot;none\\&quot; viewBox=\\&quot;0 0 24 24\\&quot; stroke-width=\\&quot;1.5\\&quot; stroke=\\&quot;currentColor\\&quot;&gt;&lt;path stroke-linecap=\\&quot;round\\&quot; stroke-linejoin=\\&quot;round\\&quot; d=\\&quot;M12 6.042A8.967 8.967 0 0 0 6 3.75c-1.052 0-2.062.18-3 .512v14.25A8.987 8.987 0 0 1 6 18c2.305 0 4.408.867 6 2.292m0-14.25a8.966 8.966 0 0 1 6-2.292c1.052 0 2.062.18 3 .512v14.25A8.987 8.987 0 0 0 18 18a8.967 8.967 0 0 0-6 2.292m0-14.25v14.25\\&quot;\\/&gt;&lt;\\/svg&gt;&quot;,&quot;visible&quot;:false},{&quot;s&quot;:&quot;arr&quot;}],[{&quot;label&quot;:&quot;Usuarios&quot;,&quot;route&quot;:&quot;usuarios.index&quot;,&quot;route_prefix&quot;:&quot;usuarios&quot;,&quot;params&quot;:[[],{&quot;s&quot;:&quot;arr&quot;}],&quot;svg&quot;:&quot;&lt;svg class=\\&quot;w-5 h-5 shrink-0\\&quot; fill=\\&quot;none\\&quot; viewBox=\\&quot;0 0 24 24\\&quot; stroke-width=\\&quot;1.5\\&quot; stroke=\\&quot;currentColor\\&quot;&gt;&lt;path stroke-linecap=\\&quot;round\\&quot; stroke-linejoin=\\&quot;round\\&quot; d=\\&quot;M15 19.128a9.38 9.38 0 0 0 2.625.372 9.337 9.337 0 0 0 4.121-.952 4.125 4.125 0 0 0-7.533-2.493M15 19.128v-.003c0-1.113-.285-2.16-.786-3.07M15 19.128v.106A12.318 12.318 0 0 1 8.624 21c-2.331 0-4.512-.645-6.374-1.766l-.001-.109a6.375 6.375 0 0 1 11.964-3.07M12 6.375a3.375 3.375 0 1 1-6.75 0 3.375 3.375 0 0 1 6.75 0Zm8.25 2.25a2.625 2.625 0 1 1-5.25 0 2.625 2.625 0 0 1 5.25 0Z\\&quot;\\/&gt;&lt;\\/svg&gt;&quot;,&quot;visible&quot;:false},{&quot;s&quot;:&quot;arr&quot;}]],{&quot;s&quot;:&quot;arr&quot;}],&quot;Acad\\u00e9mico&quot;:[[[{&quot;label&quot;:&quot;Grupos&quot;,&quot;route&quot;:&quot;grupos.index&quot;,&quot;route_prefix&quot;:&quot;grupos&quot;,&quot;params&quot;:[[],{&quot;s&quot;:&quot;arr&quot;}],&quot;svg&quot;:&quot;&lt;svg class=\\&quot;w-5 h-5 shrink-0\\&quot; fill=\\&quot;none\\&quot; viewBox=\\&quot;0 0 24 24\\&quot; stroke-width=\\&quot;1.5\\&quot; stroke=\\&quot;currentColor\\&quot;&gt;&lt;path stroke-linecap=\\&quot;round\\&quot; stroke-linejoin=\\&quot;round\\&quot; d=\\&quot;M18 18.72a9.094 9.094 0 0 0 3.741-.479 3 3 0 0 0-4.682-2.72m.94 3.198.001.031c0 .225-.012.447-.037.666A11.944 11.944 0 0 1 12 21c-2.17 0-4.207-.576-5.963-1.584A6.062 6.062 0 0 1 6 18.719m12 0a5.971 5.971 0 0 0-.941-3.197m0 0A5.995 5.995 0 0 0 12 12.75a5.995 5.995 0 0 0-5.058 2.772m0 0a3 3 0 0 0-4.681 2.72 8.986 8.986 0 0 0 3.74.477m.94-3.197a5.971 5.971 0 0 0-.94 3.197M15 6.75a3 3 0 1 1-6 0 3 3 0 0 1 6 0Zm6 3a2.25 2.25 0 1 1-4.5 0 2.25 2.25 0 0 1 4.5 0Zm-13.5 0a2.25 2.25 0 1 1-4.5 0 2.25 2.25 0 0 1 4.5 0Z\\&quot;\\/&gt;&lt;\\/svg&gt;&quot;,&quot;visible&quot;:false},{&quot;s&quot;:&quot;arr&quot;}],[{&quot;label&quot;:&quot;Alumnos&quot;,&quot;route&quot;:&quot;alumnos.index&quot;,&quot;route_prefix&quot;:&quot;alumnos&quot;,&quot;params&quot;:[[],{&quot;s&quot;:&quot;arr&quot;}],&quot;svg&quot;:&quot;&lt;svg class=\\&quot;w-5 h-5 shrink-0\\&quot; fill=\\&quot;none\\&quot; viewBox=\\&quot;0 0 24 24\\&quot; stroke-width=\\&quot;1.5\\&quot; stroke=\\&quot;currentColor\\&quot;&gt;&lt;path stroke-linecap=\\&quot;round\\&quot; stroke-linejoin=\\&quot;round\\&quot; d=\\&quot;M15.75 6a3.75 3.75 0 1 1-7.5 0 3.75 3.75 0 0 1 7.5 0ZM4.501 20.118a7.5 7.5 0 0 1 14.998 0A17.933 17.933 0 0 1 12 21.75c-2.676 0-5.216-.584-7.499-1.632Z\\&quot;\\/&gt;&lt;\\/svg&gt;&quot;,&quot;visible&quot;:false},{&quot;s&quot;:&quot;arr&quot;}],[{&quot;label&quot;:&quot;Calificaciones&quot;,&quot;route&quot;:&quot;calificaciones.index&quot;,&quot;route_prefix&quot;:&quot;calificaciones&quot;,&quot;params&quot;:[[],{&quot;s&quot;:&quot;arr&quot;}],&quot;svg&quot;:&quot;&lt;svg class=\\&quot;w-5 h-5 shrink-0\\&quot; fill=\\&quot;none\\&quot; viewBox=\\&quot;0 0 24 24\\&quot; stroke-width=\\&quot;1.5\\&quot; stroke=\\&quot;currentColor\\&quot;&gt;&lt;path stroke-linecap=\\&quot;round\\&quot; stroke-linejoin=\\&quot;round\\&quot; d=\\&quot;M9 12h3.75M9 15h3.75M9 18h3.75m3 .75H18a2.25 2.25 0 0 0 2.25-2.25V6.108c0-1.135-.845-2.098-1.976-2.192a48.424 48.424 0 0 0-1.123-.08m-5.801 0c-.065.21-.1.433-.1.664 0 .414.336.75.75.75h4.5a.75.75 0 0 0 .75-.75 2.25 2.25 0 0 0-.1-.664m-5.8 0A2.251 2.251 0 0 1 13.5 2.25H15a2.25 2.25 0 0 1 2.15 1.586m-5.8 0c-.376.023-.75.05-1.124.08C9.095 4.01 8.25 4.973 8.25 6.108V8.25m0 0H4.875c-.621 0-1.125.504-1.125 1.125v11.25c0 .621.504 1.125 1.125 1.125h9.75c.621 0 1.125-.504 1.125-1.125V9.375c0-.621-.504-1.125-1.125-1.125H8.25ZM6.75 12h.008v.008H6.75V12Zm0 3h.008v.008H6.75V15Zm0 3h.008v.008H6.75V18Z\\&quot;\\/&gt;&lt;\\/svg&gt;&quot;,&quot;visible&quot;:false},{&quot;s&quot;:&quot;arr&quot;}],[{&quot;label&quot;:&quot;Asistencia&quot;,&quot;route&quot;:&quot;asistencia.index&quot;,&quot;route_prefix&quot;:&quot;asistencia&quot;,&quot;params&quot;:[[],{&quot;s&quot;:&quot;arr&quot;}],&quot;svg&quot;:&quot;&lt;svg class=\\&quot;w-5 h-5 shrink-0\\&quot; fill=\\&quot;none\\&quot; viewBox=\\&quot;0 0 24 24\\&quot; stroke-width=\\&quot;1.5\\&quot; stroke=\\&quot;currentColor\\&quot;&gt;&lt;path stroke-linecap=\\&quot;round\\&quot; stroke-linejoin=\\&quot;round\\&quot; d=\\&quot;M6.75 3v2.25M17.25 3v2.25M3 18.75V7.5a2.25 2.25 0 0 1 2.25-2.25h13.5A2.25 2.25 0 0 1 21 7.5v11.25m-18 0A2.25 2.25 0 0 0 5.25 21h13.5A2.25 2.25 0 0 0 21 18.75m-18 0v-7.5A2.25 2.25 0 0 1 5.25 9h13.5A2.25 2.25 0 0 1 21 11.25v7.5m-9-6h.008v.008H12v-.008ZM12 15h.008v.008H12V15Zm0 2.25h.008v.008H12v-.008ZM9.75 15h.008v.008H9.75V15Zm0 2.25h.008v.008H9.75v-.008ZM7.5 15h.008v.008H7.5V15Zm0 2.25h.008v.008H7.5v-.008Zm6.75-4.5h.008v.008h-.008v-.008Zm0 2.25h.008v.008h-.008V15Zm0 2.25h.008v.008h-.008v-.008Zm2.25-4.5h.008v.008H16.5v-.008Zm0 2.25h.008v.008H16.5V15Z\\&quot;\\/&gt;&lt;\\/svg&gt;&quot;,&quot;visible&quot;:false},{&quot;s&quot;:&quot;arr&quot;}],[{&quot;label&quot;:&quot;Reinscripciones&quot;,&quot;route&quot;:&quot;reinscripciones.index&quot;,&quot;route_prefix&quot;:&quot;reinscripciones&quot;,&quot;params&quot;:[[],{&quot;s&quot;:&quot;arr&quot;}],&quot;svg&quot;:&quot;&lt;svg class=\\&quot;w-5 h-5 shrink-0\\&quot; fill=\\&quot;none\\&quot; viewBox=\\&quot;0 0 24 24\\&quot; stroke-width=\\&quot;1.5\\&quot; stroke=\\&quot;currentColor\\&quot;&gt;&lt;path stroke-linecap=\\&quot;round\\&quot; stroke-linejoin=\\&quot;round\\&quot; d=\\&quot;M16.023 9.348h4.992v-.001M2.985 19.644v-4.992m0 0h4.992m-4.993 0l3.181 3.183a8.25 8.25 0 0013.803-3.7M4.031 9.865a8.25 8.25 0 0113.803-3.7l3.181 3.182M2.985 19.644l3.181-3.182\\&quot;\\/&gt;&lt;\\/svg&gt;&quot;,&quot;visible&quot;:false},{&quot;s&quot;:&quot;arr&quot;}]],{&quot;s&quot;:&quot;arr&quot;}],&quot;Reportes&quot;:[[[{&quot;label&quot;:&quot;Boleta&quot;,&quot;route&quot;:&quot;boleta.index&quot;,&quot;route_prefix&quot;:&quot;boleta&quot;,&quot;params&quot;:[[],{&quot;s&quot;:&quot;arr&quot;}],&quot;svg&quot;:&quot;&lt;svg class=\\&quot;w-5 h-5 shrink-0\\&quot; fill=\\&quot;none\\&quot; viewBox=\\&quot;0 0 24 24\\&quot; stroke-width=\\&quot;1.5\\&quot; stroke=\\&quot;currentColor\\&quot;&gt;&lt;path stroke-linecap=\\&quot;round\\&quot; stroke-linejoin=\\&quot;round\\&quot; d=\\&quot;M19.5 14.25v-2.625a3.375 3.375 0 0 0-3.375-3.375h-1.5A1.125 1.125 0 0 1 13.5 7.125v-1.5a3.375 3.375 0 0 0-3.375-3.375H8.25m0 12.75h7.5m-7.5 3H12M10.5 2.25H5.625c-.621 0-1.125.504-1.125 1.125v17.25c0 .621.504 1.125 1.125 1.125h12.75c.621 0 1.125-.504 1.125-1.125V11.25a9 9 0 0 0-9-9Z\\&quot;\\/&gt;&lt;\\/svg&gt;&quot;,&quot;visible&quot;:false},{&quot;s&quot;:&quot;arr&quot;}],[{&quot;label&quot;:&quot;Reportes&quot;,&quot;route&quot;:&quot;reportes.index&quot;,&quot;route_prefix&quot;:&quot;reportes&quot;,&quot;params&quot;:[[],{&quot;s&quot;:&quot;arr&quot;}],&quot;svg&quot;:&quot;&lt;svg class=\\&quot;w-5 h-5 shrink-0\\&quot; fill=\\&quot;none\\&quot; viewBox=\\&quot;0 0 24 24\\&quot; stroke-width=\\&quot;1.5\\&quot; stroke=\\&quot;currentColor\\&quot;&gt;&lt;path stroke-linecap=\\&quot;round\\&quot; stroke-linejoin=\\&quot;round\\&quot; d=\\&quot;M3 13.125C3 12.504 3.504 12 4.125 12h2.25c.621 0 1.125.504 1.125 1.125v6.75C7.5 20.496 6.996 21 6.375 21h-2.25A1.125 1.125 0 0 1 3 19.875v-6.75ZM9.75 8.625c0-.621.504-1.125 1.125-1.125h2.25c.621 0 1.125.504 1.125 1.125v11.25c0 .621-.504 1.125-1.125 1.125h-2.25a1.125 1.125 0 0 1-1.125-1.125V8.625ZM16.5 4.125c0-.621.504-1.125 1.125-1.125h2.25C20.496 3 21 3.504 21 4.125v15.75c0 .621-.504 1.125-1.125 1.125h-2.25a1.125 1.125 0 0 1-1.125-1.125V4.125Z\\&quot;\\/&gt;&lt;\\/svg&gt;&quot;,&quot;visible&quot;:false},{&quot;s&quot;:&quot;arr&quot;}]],{&quot;s&quot;:&quot;arr&quot;}],&quot;Tutor&quot;:[[[{&quot;label&quot;:&quot;Tutor Dashboard&quot;,&quot;route&quot;:&quot;tutor.dashboard&quot;,&quot;route_prefix&quot;:&quot;tutor&quot;,&quot;params&quot;:[[],{&quot;s&quot;:&quot;arr&quot;}],&quot;svg&quot;:&quot;&lt;svg class=\\&quot;w-5 h-5 shrink-0\\&quot; fill=\\&quot;none\\&quot; viewBox=\\&quot;0 0 24 24\\&quot; stroke-width=\\&quot;1.5\\&quot; stroke=\\&quot;currentColor\\&quot;&gt;&lt;path stroke-linecap=\\&quot;round\\&quot; stroke-linejoin=\\&quot;round\\&quot; d=\\&quot;M9 12.75 11.25 15 15 9.75M21 12a9 9 0 1 1-18 0 9 9 0 0 1 18 0Z\\&quot;\\/&gt;&lt;\\/svg&gt;&quot;,&quot;visible&quot;:false},{&quot;s&quot;:&quot;arr&quot;}]],{&quot;s&quot;:&quot;arr&quot;}]},{&quot;s&quot;:&quot;arr&quot;}]},&quot;memo&quot;:{&quot;id&quot;:&quot;fIGPWv7NsMLXWwJKoIdT&quot;,&quot;name&quot;:&quot;nav-sidebar&quot;,&quot;path&quot;:&quot;dashboard&quot;,&quot;method&quot;:&quot;GET&quot;,&quot;release&quot;:&quot;a-a-a&quot;,&quot;children&quot;:[],&quot;scripts&quot;:[],&quot;assets&quot;:[],&quot;errors&quot;:[],&quot;locale&quot;:&quot;en&quot;,&quot;islands&quot;:[]},&quot;checksum&quot;:&quot;95e576cddeac0fe2e23bb9a89425731754984d58285d71d7abb2289290d1e6f2&quot;}\" wire:effects=\"[]\" wire:id=\"fIGPWv7NsMLXWwJKoIdT\" wire:name=\"nav-sidebar\" class=\"space-y-1\">\\n\n <!--[if BLOCK]><![endif]--> <!--[if BLOCK]><![endif]--><!--[if ENDBLOCK]><![endif]--> <!--[if BLOCK]><![endif]--><!--[if ENDBLOCK]><![endif]--> <!--[if BLOCK]><![endif]--><!--[if ENDBLOCK]><![endif]--> <!--[if BLOCK]><![endif]--><!--[if ENDBLOCK]><![endif]--> <!--[if BLOCK]><![endif]--><!--[if ENDBLOCK]><![endif]--> <!--[if ENDBLOCK]><![endif]--></div>\\n\n </nav>\\n\n\\n\n \\n\n \\n\n <div class=\"shrink-0 hidden lg:block border-t border-zinc-200 dark:border-zinc-700 p-2\">\\n\n <div x-data=\"{ open: false }\" class=\"relative\">\\n\n <button @click=\"open = !open\" @click.away=\"open = false\" class=\"flex w-full items-center gap-2 rounded-lg p-2 text-sm hover:bg-zinc-100 dark:hover:bg-zinc-700 transition-colors\">\\n\n <span class=\"flex h-7 w-7 items-center justify-center rounded-full bg-zinc-200 dark:bg-zinc-600 text-xs font-semibold text-zinc-600 dark:text-zinc-300\">\\n\n FK\\n\n </span>\\n\n <span class=\"flex-1 text-left truncate font-medium\">Frederic Kreiger</span>\\n\n <svg class=\"w-4 h-4 text-zinc-400 shrink-0\" fill=\"none\" viewBox=\"0 0 24 24\" stroke-width=\"1.5\" stroke=\"currentColor\">\\n\n <path stroke-linecap=\"round\" stroke-linejoin=\"round\" d=\"M8.25 15L12 18.75 15.75 15m-7.5-6L12 5.25 15.75 9\" />\\n\n </svg>\\n\n </button>\\n\n\\n\n <div x-show=\"open\" x-cloak class=\"absolute bottom-full left-0 right-0 mb-1 rounded-lg border border-zinc-200 dark:border-zinc-700 bg-white dark:bg-zinc-800 shadow-lg overflow-hidden\">\\n\n <div class=\"px-3 py-2 text-xs text-zinc-500 dark:text-zinc-400 border-b border-zinc-100 dark:border-zinc-700\">\\n\n jamar.welch@example.net\\n\n </div>\\n\n <a href=\"http://localhost:8000/settings/profile\" wire:navigate class=\"flex items-center gap-2 px-3 py-2 text-sm hover:bg-zinc-100 dark:hover:bg-zinc-700 transition-colors\">\\n\n <svg class=\"w-4 h-4\" fill=\"none\" viewBox=\"0 0 24 24\" stroke-width=\"1.5\" stroke=\"currentColor\">\\n\n <path stroke-linecap=\"round\" stroke-linejoin=\"round\" d=\"M9.594 3.94c.09-.542.56-.94 1.11-.94h2.593c.55 0 1.02.398 1.11.94l.213 1.281c.063.374.313.686.645.87.074.04.147.083.22.127.324.196.72.257 1.075.124l1.217-.456a1.125 1.125 0 011.37.49l1.296 2.247a1.125 1.125 0 01-.26 1.431l-1.003.827c-.293.24-.438.613-.431.992a6.759 6.759 0 010 .255c-.007.378.138.75.43.99l1.005.828c.424.35.534.954.26 1.43l-1.298 2.247a1.125 1.125 0 01-1.369.491l-1.217-.456c-.355-.133-.75-.072-1.076.124a6.57 6.57 0 01-.22.128c-.331.183-.581.495-.644.869l-.213 1.28c-.09.543-.56.941-1.11.941h-2.594c-.55 0-1.02-.398-1.11-.94l-.213-1.281c-.062-.374-.312-.686-.644-.87a6.52 6.52 0 01-.22-.127c-.325-.196-.72-.257-1.076-.124l-1.217.456a1.125 1.125 0 01-1.369-.49l-1.297-2.247a1.125 1.125 0 01.26-1.431l1.004-.827c.292-.24.437-.613.43-.992a6.932 6.932 0 010-.255c.007-.378-.138-.75-.43-.99l-1.004-.828a1.125 1.125 0 01-.26-1.43l1.297-2.247a1.125 1.125 0 011.37-.491l1.216.456c.356.133.751.072 1.076-.124.072-.044.146-.087.22-.128.332-.183.582-.495.644-.869l.214-1.281z\" />\\n\n <path stroke-linecap=\"round\" stroke-linejoin=\"round\" d=\"M15 12a3 3 0 11-6 0 3 3 0 016 0z\" />\\n\n </svg>\\n\n Settings\\n\n </a>\\n\n <form method=\"POST\" action=\"http://localhost:8000/logout\" class=\"w-full\">\\n\n <input type=\"hidden\" name=\"_token\" value=\"pVu6u148RViiO4YfXkaYkTX6SYKVitZGZICsvW0K\" autocomplete=\"off\"> <button type=\"submit\" class=\"flex w-full items-center gap-2 px-3 py-2 text-sm text-red-600 dark:text-red-400 hover:bg-red-50 dark:hover:bg-red-900/20 transition-colors\">\\n\n <svg class=\"w-4 h-4\" fill=\"none\" viewBox=\"0 0 24 24\" stroke-width=\"1.5\" stroke=\"currentColor\">\\n\n <path stroke-linecap=\"round\" stroke-linejoin=\"round\" d=\"M15.75 9V5.25A2.25 2.25 0 0013.5 3h-6a2.25 2.25 0 00-2.25 2.25v13.5A2.25 2.25 0 007.5 21h6a2.25 2.25 0 002.25-2.25V15m3 0l3-3m0 0l-3-3m3 3H9\" />\\n\n </svg>\\n\n Log out\\n\n </button>\\n\n </form>\\n\n </div>\\n\n </div>\\n\n </div>\\n\n\\n\n </aside>\\n\n\\n\n \\n\n <div\\n\n x-show=\"sidebarOpen\"\\n\n x-cloak\\n\n @click=\"sidebarOpen = false\"\\n\n class=\"fixed inset-0 z-40 bg-black/50 lg:hidden\"\\n\n ></div>\\n\n\\n\n \\n\n \\n\n \\n\n <div class=\"flex min-w-0 flex-1 flex-col min-h-0 overflow-y-auto\">\\n\n \\n\n <header class=\"sticky top-0 z-30 flex items-center gap-3 border-b border-zinc-200 dark:border-zinc-700 bg-white dark:bg-zinc-800 px-4 py-2 lg:hidden\">\\n\n <button @click=\"sidebarOpen = true\" class=\"p-1 rounded-md hover:bg-zinc-100 dark:hover:bg-zinc-700\">\\n\n <svg class=\"w-6 h-6\" fill=\"none\" viewBox=\"0 0 24 24\" stroke-width=\"1.5\" stroke=\"currentColor\">\\n\n <path stroke-linecap=\"round\" stroke-linejoin=\"round\" d=\"M3.75 6.75h16.5M3.75 12h16.5m-16.5 5.25h16.5\" />\\n\n </svg>\\n\n </button>\\n\n\\n\n <a href=\"http://localhost:8000/dashboard\" wire:navigate class=\"flex items-center gap-1\">\\n\n <svg xmlns=\"http://www.w3.org/2000/svg\" viewBox=\"0 0 40 42\" class=\"h-7 w-auto text-accent-content\">\\n\n <path \\n\n fill=\"currentColor\" \\n\n fill-rule=\"evenodd\" \\n\n clip-rule=\"evenodd\"\\n\n d=\"M17.2 5.633 8.6.855 0 5.633v26.51l16.2 9 16.2-9v-8.442l7.6-4.223V9.856l-8.6-4.777-8.6 4.777V18.3l-5.6 3.111V5.633ZM38 18.301l-5.6 3.11v-6.157l5.6-3.11V18.3Zm-1.06-7.856-5.54 3.078-5.54-3.079 5.54-3.078 5.54 3.079ZM24.8 18.3v-6.157l5.6 3.111v6.158L24.8 18.3Zm-1 1.732 5.54 3.078-13.14 7.302-5.54-3.078 13.14-7.3v-.002Zm-16.2 7.89 7.6 4.222V38.3L2 30.966V7.92l5.6 3.111v16.892ZM8.6 9.3 3.06 6.222 8.6 3.143l5.54 3.08L8.6 9.3Zm21.8 15.51-13.2 7.334V38.3l13.2-7.334v-6.156ZM9.6 11.034l5.6-3.11v14.6l-5.6 3.11v-14.6Z\"\\n\n />\\n\n</svg>\\n\n <span class=\"text-sm font-bold\">Laravel</span>\\n\n </a>\\n\n\\n\n <div class=\"flex-1\"></div>\\n\n\\n\n \\n\n <div x-data=\"{ open: false }\" class=\"relative\">\\n\n <button @click=\"open = !open\" class=\"flex items-center gap-1 p-1 rounded-md hover:bg-zinc-100 dark:hover:bg-zinc-700\">\\n\n <span class=\"flex h-7 w-7 items-center justify-center rounded-full bg-zinc-200 dark:bg-zinc-600 text-xs font-semibold text-zinc-600 dark:text-zinc-300\">\\n\n FK\\n\n </span>\\n\n <svg class=\"w-4 h-4 text-zinc-400\" fill=\"none\" viewBox=\"0 0 24 24\" stroke-width=\"1.5\" stroke=\"currentColor\">\\n\n <path stroke-linecap=\"round\" stroke-linejoin=\"round\" d=\"M19.5 8.25l-7.5 7.5-7.5-7.5\" />\\n\n </svg>\\n\n </button>\\n\n\\n\n <div x-show=\"open\" @click.away=\"open = false\" x-cloak class=\"absolute right-0 top-full mt-1 w-56 rounded-lg border border-zinc-200 dark:border-zinc-700 bg-white dark:bg-zinc-800 shadow-lg overflow-hidden\">\\n\n <div class=\"px-3 py-2 border-b border-zinc-100 dark:border-zinc-700\">\\n\n <p class=\"text-sm font-medium truncate\">Frederic Kreiger</p>\\n\n <p class=\"text-xs text-zinc-500 dark:text-zinc-400 truncate\">jamar.welch@example.net</p>\\n\n </div>\\n\n <a href=\"http://localhost:8000/settings/profile\" wire:navigate class=\"flex items-center gap-2 px-3 py-2 text-sm hover:bg-zinc-100 dark:hover:bg-zinc-700 transition-colors\">\\n\n <svg class=\"w-4 h-4\" fill=\"none\" viewBox=\"0 0 24 24\" stroke-width=\"1.5\" stroke=\"currentColor\">\\n\n <path stroke-linecap=\"round\" stroke-linejoin=\"round\" d=\"M9.594 3.94c.09-.542.56-.94 1.11-.94h2.593c.55 0 1.02.398 1.11.94l.213 1.281c.063.374.313.686.645.87.074.04.147.083.22.127.324.196.72.257 1.075.124l1.217-.456a1.125 1.125 0 011.37.49l1.296 2.247a1.125 1.125 0 01-.26 1.431l-1.003.827c-.293.24-.438.613-.431.992a6.759 6.759 0 010 .255c-.007.378.138.75.43.99l1.005.828c.424.35.534.954.26 1.43l-1.298 2.247a1.125 1.125 0 01-1.369.491l-1.217-.456c-.355-.133-.75-.072-1.076.124a6.57 6.57 0 01-.22.128c-.331.183-.581.495-.644.869l-.213 1.28c-.09.543-.56.941-1.11.941h-2.594c-.55 0-1.02-.398-1.11-.94l-.213-1.281c-.062-.374-.312-.686-.644-.87a6.52 6.52 0 01-.22-.127c-.325-.196-.72-.257-1.076-.124l-1.217.456a1.125 1.125 0 01-1.369-.49l-1.297-2.247a1.125 1.125 0 01.26-1.431l1.004-.827c.292-.24.437-.613.43-.992a6.932 6.932 0 010-.255c.007-.378-.138-.75-.43-.99l-1.004-.828a1.125 1.125 0 01-.26-1.43l1.297-2.247a1.125 1.125 0 011.37-.491l1.216.456c.356.133.751.072 1.076-.124.072-.044.146-.087.22-.128.332-.183.582-.495.644-.869l.214-1.281z\" />\\n\n <path stroke-linecap=\"round\" stroke-linejoin=\"round\" d=\"M15 12a3 3 0 11-6 0 3 3 0 016 0z\" />\\n\n </svg>\\n\n Settings\\n\n </a>\\n\n <form method=\"POST\" action=\"http://localhost:8000/logout\" class=\"w-full\">\\n\n <input type=\"hidden\" name=\"_token\" value=\"pVu6u148RViiO4YfXkaYkTX6SYKVitZGZICsvW0K\" autocomplete=\"off\"> <button type=\"submit\" class=\"flex w-full items-center gap-2 px-3 py-2 text-sm text-red-600 dark:text-red-400 hover:bg-red-50 dark:hover:bg-red-900/20 transition-colors\">\\n\n <svg class=\"w-4 h-4\" fill=\"none\" viewBox=\"0 0 24 24\" stroke-width=\"1.5\" stroke=\"currentColor\">\\n\n <path stroke-linecap=\"round\" stroke-linejoin=\"round\" d=\"M15.75 9V5.25A2.25 2.25 0 0013.5 3h-6a2.25 2.25 0 00-2.25 2.25v13.5A2.25 2.25 0 007.5 21h6a2.25 2.25 0 002.25-2.25V15m3 0l3-3m0 0l-3-3m3 3H9\" />\\n\n </svg>\\n\n Log out\\n\n </button>\\n\n </form>\\n\n </div>\\n\n </div>\\n\n </header>\\n\n\\n\n \\n\n <main class=\"flex-1 p-6 mx-auto w-full max-w-7xl\">\\n\n <div class=\"[grid-area:main] p-6 lg:p-8 [[data-flux-container]_&amp;]:px-0\" data-flux-main>\\n\n <div class=\"flex h-full w-full flex-1 flex-col gap-4 rounded-xl\">\\n\n \\n\n <div class=\"hidden lg:flex items-center justify-between border-b border-neutral-200 pb-4 dark:border-neutral-700\">\\n\n <h1 class=\"text-2xl font-bold\">Dashboard</h1>\\n\n\\n\n <ui-dropdown position=\"bottom end\" data-flux-dropdown>\\n\n <button type=\"button\" class=\"flex items-center gap-2 rounded-full p-1 hover:bg-zinc-100 dark:hover:bg-zinc-700 transition-colors\">\\n\n <span class=\"flex h-9 w-9 items-center justify-center rounded-full bg-zinc-300 dark:bg-zinc-600 text-xs font-semibold text-zinc-700 dark:text-zinc-200\">\\n\n FK\\n\n </span>\\n\n <svg\\n\n class=\"shrink-0 [:where(&amp;)]:size-4 size-4 text-zinc-400\"\\n\n data-flux-icon\\n\n xmlns=\"http://www.w3.org/2000/svg\"\\n\n viewBox=\"0 0 24 24\"\\n\n fill=\"none\"\\n\n stroke=\"currentColor\"\\n\n stroke-width=\"2.5\"\\n\n stroke-linecap=\"round\"\\n\n stroke-linejoin=\"round\"\\n\n aria-hidden=\"true\"\\n\n data-slot=\"icon\"\\n\n>\\n\n <path d=\"m7 15 5 5 5-5\" />\\n\n <path d=\"m7 9 5-5 5 5\" />\\n\n</svg>\\n\n </button>\\n\n\\n\n <ui-menu\\n\n class=\"[:where(&amp;)]:min-w-48 p-[.3125rem] rounded-lg shadow-xs border border-zinc-200 dark:border-zinc-600 bg-white dark:bg-zinc-700 focus:outline-hidden\"\\n\n popover=\"manual\"\\n\n data-flux-menu\\n\n>\\n\n <div class=\"flex items-center gap-2 px-1 py-1.5 text-start text-sm\">\\n\n <span class=\"flex h-8 w-8 items-center justify-center rounded-full bg-zinc-200 dark:bg-zinc-600 text-xs font-semibold text-zinc-600 dark:text-zinc-300\">\\n\n FK\\n\n </span>\\n\n <div class=\"grid flex-1 text-start text-sm leading-tight\">\\n\n <div class=\"font-medium [:where(&amp;)]:text-zinc-800 [:where(&amp;)]:dark:text-white text-sm [&amp;:has(+[data-flux-subheading])]:mb-2 [[data-flux-subheading]+&amp;]:mt-2 truncate\" data-flux-heading>Frederic Kreiger</div>\\n\n <p class=\"[:where(&amp;)]:font-normal [:where(&amp;)]:text-sm [:where(&amp;)]:text-zinc-500 [:where(&amp;)]:dark:text-white/70 truncate\" data-flux-text >jamar.welch@example.net</p> </div>\\n\n </div>\\n\n <div class=\"-mx-[.3125rem] my-[.3125rem] h-px\" data-flux-menu-separator>\\n\n <div data-orientation=\"horizontal\" role=\"none\" class=\"border-0 [print-color-adjust:exact] bg-zinc-800/15 dark:bg-white/20 h-px w-full dark:bg-zinc-600!\" data-flux-separator></div>\\n\n</div>\\n\n <ui-menu-radio-group data-flux-menu-radio-group>\\n\n <a href=\"http://localhost:8000/settings/profile\" data-flux-menu-item=\"data-flux-menu-item\" data-flux-menu-item-has-icon=\"data-flux-menu-item-has-icon\" class=\"flex items-center px-2 py-1.5 w-full focus:outline-hidden rounded-md text-start text-sm font-medium [&amp;[disabled]]:opacity-50 text-zinc-800 data-active:bg-zinc-50 dark:text-white dark:data-active:bg-zinc-600 **:data-flux-menu-item-icon:text-zinc-400 dark:**:data-flux-menu-item-icon:text-white/60 [&amp;[data-active]_[data-flux-menu-item-icon]]:text-current\" wire:navigate=\"\">\\n\n <svg class=\"shrink-0 [:where(&amp;)]:size-5 me-2\" data-flux-menu-item-icon=\"data-flux-menu-item-icon\" data-flux-icon xmlns=\"http://www.w3.org/2000/svg\" viewBox=\"0 0 20 20\" fill=\"currentColor\" aria-hidden=\"true\" data-slot=\"icon\">\\n\n <path d=\"M13.024 9.25c.47 0 .827-.433.637-.863a4 4 0 0 0-4.094-2.364c-.468.05-.665.576-.43.984l1.08 1.868a.75.75 0 0 0 .649.375h2.158ZM7.84 7.758c-.236-.408-.79-.5-1.068-.12A3.982 3.982 0 0 0 6 10c0 .884.287 1.7.772 2.363.278.38.832.287 1.068-.12l1.078-1.868a.75.75 0 0 0 0-.75L7.839 7.758ZM9.138 12.993c-.235.408-.039.934.43.984a4 4 0 0 0 4.094-2.364c.19-.43-.168-.863-.638-.863h-2.158a.75.75 0 0 0-.65.375l-1.078 1.868Z\"/>\\n\n <path fill-rule=\"evenodd\" d=\"m14.13 4.347.644-1.117a.75.75 0 0 0-1.299-.75l-.644 1.116a6.954 6.954 0 0 0-2.081-.556V1.75a.75.75 0 0 0-1.5 0v1.29a6.954 6.954 0 0 0-2.081.556L6.525 2.48a.75.75 0 1 0-1.3.75l.645 1.117A7.04 7.04 0 0 0 4.347 5.87L3.23 5.225a.75.75 0 1 0-.75 1.3l1.116.644A6.954 6.954 0 0 0 3.04 9.25H1.75a.75.75 0 0 0 0 1.5h1.29c.078.733.27 1.433.556 2.081l-1.116.645a.75.75 0 1 0 .75 1.298l1.117-.644a7.04 7.04 0 0 0 1.523 1.523l-.645 1.117a.75.75 0 1 0 1.3.75l.644-1.116a6.954 6.954 0 0 0 2.081.556v1.29a.75.75 0 0 0 1.5 0v-1.29a6.954 6.954 0 0 0 2.081-.556l.645 1.116a.75.75 0 0 0 1.299-.75l-.645-1.117a7.042 7.042 0 0 0 1.523-1.523l1.117.644a.75.75 0 0 0 .75-1.298l-1.116-.645a6.954 6.954 0 0 0 .556-2.081h1.29a.75.75 0 0 0 0-1.5h-1.29a6.954 6.954 0 0 0-.556-2.081l1.116-.644a.75.75 0 0 0-.75-1.3l-1.117.645a7.04 7.04 0 0 0-1.524-1.523ZM10 4.5a5.475 5.475 0 0 0-2.781.754A5.527 5.527 0 0 0 5.22 7.277 5.475 5.475 0 0 0 4.5 10a5.475 5.475 0 0 0 .752 2.777 5.527 5.527 0 0 0 2.028 2.004c.802.458 1.73.719 2.72.719a5.474 5.474 0 0 0 2.78-.753 5.527 5.527 0 0 0 2.001-2.027c.458-.802.719-1.73.719-2.72a5.475 5.475 0 0 0-.753-2.78 5.528 5.528 0 0 0-2.028-2.002A5.475 5.475 0 0 0 10 4.5Z\" clip-rule=\"evenodd\"/>\\n\n</svg>\\n\n\\n\n \\n\n Settings\\n\n </a>\\n\n <form method=\"POST\" action=\"http://localhost:8000/logout\" class=\"w-full\">\\n\n <input type=\"hidden\" name=\"_token\" value=\"pVu6u148RViiO4YfXkaYkTX6SYKVitZGZICsvW0K\" autocomplete=\"off\"> <button type=\"submit\" class=\"flex items-center px-2 py-1.5 w-full focus:outline-hidden rounded-md text-start text-sm font-medium [&amp;[disabled]]:opacity-50 text-zinc-800 data-active:bg-zinc-50 dark:text-white dark:data-active:bg-zinc-600 **:data-flux-menu-item-icon:text-zinc-400 dark:**:data-flux-menu-item-icon:text-white/60 [&amp;[data-active]_[data-flux-menu-item-icon]]:text-current w-full cursor-pointer\" data-flux-menu-item=\"data-flux-menu-item\" data-flux-menu-item-has-icon=\"data-flux-menu-item-has-icon\">\\n\n <svg class=\"shrink-0 [:where(&amp;)]:size-5 me-2\" data-flux-menu-item-icon=\"data-flux-menu-item-icon\" data-flux-icon xmlns=\"http://www.w3.org/2000/svg\" viewBox=\"0 0 20 20\" fill=\"currentColor\" aria-hidden=\"true\" data-slot=\"icon\">\\n\n <path fill-rule=\"evenodd\" d=\"M3 4.25A2.25 2.25 0 0 1 5.25 2h5.5A2.25 2.25 0 0 1 13 4.25v2a.75.75 0 0 1-1.5 0v-2a.75.75 0 0 0-.75-.75h-5.5a.75.75 0 0 0-.75.75v11.5c0 .414.336.75.75.75h5.5a.75.75 0 0 0 .75-.75v-2a.75.75 0 0 1 1.5 0v2A2.25 2.25 0 0 1 10.75 18h-5.5A2.25 2.25 0 0 1 3 15.75V4.25Z\" clip-rule=\"evenodd\"/>\\n\n <path fill-rule=\"evenodd\" d=\"M6 10a.75.75 0 0 1 .75-.75h9.546l-1.048-.943a.75.75 0 1 1 1.004-1.114l2.5 2.25a.75.75 0 0 1 0 1.114l-2.5 2.25a.75.75 0 1 1-1.004-1.114l1.048-.943H6.75A.75.75 0 0 1 6 10Z\" clip-rule=\"evenodd\"/>\\n\n</svg>\\n\n\\n\n \\n\n Log out\\n\n </button>\\n\n </form>\\n\n</ui-menu-radio-group>\\n\n</ui-menu>\\n\n</ui-dropdown>\\n\n </div>\\n\n\\n\n \\n\n <div class=\"grid auto-rows-min gap-4 md:grid-cols-3\">\\n\n <div class=\"relative aspect-video overflow-hidden rounded-xl border border-neutral-200 dark:border-neutral-700\">\\n\n <svg class=\"absolute inset-0 size-full stroke-gray-900/20 dark:stroke-neutral-100/20\" fill=\"none\">\\n\n <defs>\\n\n <pattern id=\"pattern-6a1de85e70e6d\" x=\"0\" y=\"0\" width=\"8\" height=\"8\" patternUnits=\"userSpaceOnUse\">\\n\n <path d=\"M-1 5L5 -1M3 9L8.5 3.5\" stroke-width=\"0.5\"></path>\\n\n </pattern>\\n\n </defs>\\n\n <rect stroke=\"none\" fill=\"url(#pattern-6a1de85e70e6d)\" width=\"100%\" height=\"100%\"></rect>\\n\n</svg>\\n\n </div>\\n\n <div class=\"relative aspect-video overflow-hidden rounded-xl border border-neutral-200 dark:border-neutral-700\">\\n\n <svg class=\"absolute inset-0 size-full stroke-gray-900/20 dark:stroke-neutral-100/20\" fill=\"none\">\\n\n <defs>\\n\n <pattern id=\"pattern-6a1de85e70fcc\" x=\"0\" y=\"0\" width=\"8\" height=\"8\" patternUnits=\"userSpaceOnUse\">\\n\n <path d=\"M-1 5L5 -1M3 9L8.5 3.5\" stroke-width=\"0.5\"></path>\\n\n </pattern>\\n\n </defs>\\n\n <rect stroke=\"none\" fill=\"url(#pattern-6a1de85e70fcc)\" width=\"100%\" height=\"100%\"></rect>\\n\n</svg>\\n\n </div>\\n\n <div class=\"relative aspect-video overflow-hidden rounded-xl border border-neutral-200 dark:border-neutral-700\">\\n\n <svg class=\"absolute inset-0 size-full stroke-gray-900/20 dark:stroke-neutral-100/20\" fill=\"none\">\\n\n <defs>\\n\n <pattern id=\"pattern-6a1de85e7110c\" x=\"0\" y=\"0\" width=\"8\" height=\"8\" patternUnits=\"userSpaceOnUse\">\\n\n <path d=\"M-1 5L5 -1M3 9L8.5 3.5\" stroke-width=\"0.5\"></path>\\n\n </pattern>\\n\n </defs>\\n\n <rect stroke=\"none\" fill=\"url(#pattern-6a1de85e7110c)\" width=\"100%\" height=\"100%\"></rect>\\n\n</svg>\\n\n </div>\\n\n </div>\\n\n <div class=\"relative h-full flex-1 overflow-hidden rounded-xl border border-neutral-200 dark:border-neutral-700\">\\n\n <svg class=\"absolute inset-0 size-full stroke-gray-900/20 dark:stroke-neutral-100/20\" fill=\"none\">\\n\n <defs>\\n\n <pattern id=\"pattern-6a1de85e7124e\" x=\"0\" y=\"0\" width=\"8\" height=\"8\" patternUnits=\"userSpaceOnUse\">\\n\n <path d=\"M-1 5L5 -1M3 9L8.5 3.5\" stroke-width=\"0.5\"></path>\\n\n </pattern>\\n\n </defs>\\n\n <rect stroke=\"none\" fill=\"url(#pattern-6a1de85e7124e)\" width=\"100%\" height=\"100%\"></rect>\\n\n</svg>\\n\n </div>\\n\n </div>\\n\n</div>\\n\n </main>\\n\n </div>\\n\n </div>\\n\n\\n\n \\n\n <div\\n\n x-data=\"toast()\"\\n\n x-init=\"init()\"\\n\n x-cloak\\n\n class=\"fixed bottom-4 right-4 z-50 flex flex-col gap-2\"\\n\n >\\n\n <template x-for=\"(t, i) in toasts\" :key=\"i\">\\n\n <div\\n\n x-show=\"t.visible\"\\n\n x-transition:enter=\"transition ease-out duration-300\"\\n\n x-transition:enter-start=\"translate-x-full opacity-0\"\\n\n x-transition:enter-end=\"translate-x-0 opacity-100\"\\n\n x-transition:leave=\"transition ease-in duration-200\"\\n\n x-transition:leave-start=\"translate-x-0 opacity-100\"\\n\n x-transition:leave-end=\"translate-x-full opacity-0\"\\n\n class=\"flex items-center gap-3 rounded-lg border px-4 py-3 shadow-lg text-sm\"\\n\n :class=\"{\\n\n 'bg-green-50 border-green-200 text-green-800 dark:bg-green-900/30 dark:border-green-700 dark:text-green-300': t.type === 'success',\\n\n 'bg-red-50 border-red-200 text-red-800 dark:bg-red-900/30 dark:border-red-700 dark:text-red-300': t.type === 'error',\\n\n 'bg-blue-50 border-blue-200 text-blue-800 dark:bg-blue-900/30 dark:border-blue-700 dark:text-blue-300': t.type === 'info',\\n\n }\"\\n\n >\\n\n <span x-text=\"t.message\"></span>\\n\n <button @click=\"remove(i)\" class=\"ml-2 shrink-0 opacity-60 hover:opacity-100\">\\n\n <svg class=\"w-4 h-4\" fill=\"none\" viewBox=\"0 0 24 24\" stroke-width=\"2\" stroke=\"currentColor\">\\n\n <path stroke-linecap=\"round\" stroke-linejoin=\"round\" d=\"M6 18L18 6M6 6l12 12\" />\\n\n </svg>\\n\n </button>\\n\n </div>\\n\n </template>\\n\n </div>\\n\n\\n\n <script src=\"http://localhost:8000/flux/flux.js?id=497da1a7\" data-navigate-once></script>\\n\n\\n\n <script>\\n\n function layout() {\\n\n return {\\n\n sidebarOpen: false,\\n\n init() {\\n\n // Close sidebar on route navigation (Livewire)\\n\n Livewire?.on('$navigate', () => { this.sidebarOpen = false; });\\n\n }\\n\n };\\n\n }\\n\n\\n\n function toast() {\\n\n return {\\n\n toasts: [],\\n\n init() {\\n\n window.addEventListener('toast', (e) => {\\n\n this.toasts.push({\\n\n message: e.detail.message,\\n\n type: e.detail.type || 'info',\\n\n visible: true,\\n\n });\\n\n setTimeout(() => {\\n\n if (this.toasts.length > 0) {\\n\n const idx = this.toasts.findIndex(t => t.message === e.detail.message);\\n\n if (idx !== -1) this.toasts[idx].visible = false;\\n\n setTimeout(() => { this.toasts = this.toasts.filter(t => t.visible); }, 300);\\n\n }\\n\n }, e.detail.duration || 4000);\\n\n });\\n\n },\\n\n remove(index) {\\n\n this.toasts[index].visible = false;\\n\n setTimeout(() => { this.toasts = this.toasts.filter(t => t.visible); }, 300);\\n\n }\\n\n };\\n\n }\\n\n </script>\\n\n<!-- Livewire Scripts -->\\n\n<script src=\"http://localhost:8000/livewire-dcc4aad2/livewire.js?id=ab6b028c\" data-csrf=\"pVu6u148RViiO4YfXkaYkTX6SYKVitZGZICsvW0K\" data-module-url=\"http://localhost:8000/livewire-dcc4aad2\" data-update-uri=\"http://localhost:8000/livewire-dcc4aad2/update\" data-navigate-once=\"true\"></script>\\n\n</body>\\n\n</html>\\n\n' [ASCII](length: 46885) does not contain \"Materias\" [ASCII](length: 8)."},{"test":"P\\Tests\\Feature\\Auth\\RoleAccessTest::__pest_evaluable_docente_sees_teaching_related_modules","file":"\\laragon\\www\\sistemacontrolesc\\vendor\\laravel\\framework\\src\\Illuminate\\Testing\\TestResponseAssert.php","line":45,"message":"Failed asserting that '<!DOCTYPE html>\\n\n<html lang=\"en\" class=\"dark\">\\n\n<head>\\n\n <meta charset=\"utf-8\" />\\n\n<meta name=\"viewport\" content=\"width=device-width, initial-scale=1.0\" />\\n\n\\n\n<title>\\n\n Dashboard - Laravel\\n\n</title>\\n\n\\n\n<link rel=\"icon\" href=\"/favicon.ico\" sizes=\"any\">\\n\n<link rel=\"icon\" href=\"/favicon.svg\" type=\"image/svg+xml\">\\n\n<link rel=\"apple-touch-icon\" href=\"/apple-touch-icon.png\">\\n\n\\n\n<link rel=\"preload\" as=\"font\" href=\"http://localhost:8000/build/assets/instrument-sans-400-normal-DRC__1Mx.woff2\" type=\"font/woff2\" crossorigin=\"anonymous\" />\\n\n<link rel=\"preload\" as=\"font\" href=\"http://localhost:8000/build/assets/instrument-sans-400-normal-Q_nF8v4l.woff2\" type=\"font/woff2\" crossorigin=\"anonymous\" />\\n\n<link rel=\"preload\" as=\"font\" href=\"http://localhost:8000/build/assets/instrument-sans-500-normal-Dk9ku72i.woff2\" type=\"font/woff2\" crossorigin=\"anonymous\" />\\n\n<link rel=\"preload\" as=\"font\" href=\"http://localhost:8000/build/assets/instrument-sans-500-normal-CTEe1bJa.woff2\" type=\"font/woff2\" crossorigin=\"anonymous\" />\\n\n<link rel=\"preload\" as=\"font\" href=\"http://localhost:8000/build/assets/instrument-sans-600-normal-B7fBEWYG.woff2\" type=\"font/woff2\" crossorigin=\"anonymous\" />\\n\n<link rel=\"preload\" as=\"font\" href=\"http://localhost:8000/build/assets/instrument-sans-600-normal-BsaQcF38.woff2\" type=\"font/woff2\" crossorigin=\"anonymous\" />\\n\n<style>\\n\n@font-face {\\n\n font-family: \"Instrument Sans\";\\n\n font-style: normal;\\n\n font-weight: 400;\\n\n font-display: swap;\\n\n src: url(\"/build/assets/instrument-sans-400-normal-DRC__1Mx.woff2\") format(\"woff2\");\\n\n unicode-range: U+0000-00FF,U+0131,U+0152-0153,U+02BB-02BC,U+02C6,U+02DA,U+02DC,U+0304,U+0308,U+0329,U+2000-206F,U+20AC,U+2122,U+2191,U+2193,U+2212,U+2215,U+FEFF,U+FFFD;\\n\n}\\n\n\\n\n@font-face {\\n\n font-family: \"Instrument Sans\";\\n\n font-style: normal;\\n\n font-weight: 400;\\n\n font-display: swap;\\n\n src: url(\"/build/assets/instrument-sans-400-normal-D1W7dsQl.woff\") format(\"woff\");\\n\n unicode-range: U+0000-00FF,U+0131,U+0152-0153,U+02BB-02BC,U+02C6,U+02DA,U+02DC,U+0304,U+0308,U+0329,U+2000-206F,U+20AC,U+2122,U+2191,U+2193,U+2212,U+2215,U+FEFF,U+FFFD;\\n\n}\\n\n\\n\n@font-face {\\n\n font-family: \"Instrument Sans\";\\n\n font-style: normal;\\n\n font-weight: 400;\\n\n font-display: swap;\\n\n src: url(\"/build/assets/instrument-sans-400-normal-Q_nF8v4l.woff2\") format(\"woff2\");\\n\n unicode-range: U+0100-02BA,U+02BD-02C5,U+02C7-02CC,U+02CE-02D7,U+02DD-02FF,U+0304,U+0308,U+0329,U+1D00-1DBF,U+1E00-1E9F,U+1EF2-1EFF,U+2020,U+20A0-20AB,U+20AD-20C0,U+2113,U+2C60-2C7F,U+A720-A7FF;\\n\n}\\n\n\\n\n@font-face {\\n\n font-family: \"Instrument Sans\";\\n\n font-style: normal;\\n\n font-weight: 400;\\n\n font-display: swap;\\n\n src: url(\"/build/assets/instrument-sans-400-normal-r32jotim.woff\") format(\"woff\");\\n\n unicode-range: U+0100-02BA,U+02BD-02C5,U+02C7-02CC,U+02CE-02D7,U+02DD-02FF,U+0304,U+0308,U+0329,U+1D00-1DBF,U+1E00-1E9F,U+1EF2-1EFF,U+2020,U+20A0-20AB,U+20AD-20C0,U+2113,U+2C60-2C7F,U+A720-A7FF;\\n\n}\\n\n\\n\n@font-face {\\n\n font-family: \"Instrument Sans\";\\n\n font-style: normal;\\n\n font-weight: 500;\\n\n font-display: swap;\\n\n src: url(\"/build/assets/instrument-sans-500-normal-Dk9ku72i.woff2\") format(\"woff2\");\\n\n unicode-range: U+0000-00FF,U+0131,U+0152-0153,U+02BB-02BC,U+02C6,U+02DA,U+02DC,U+0304,U+0308,U+0329,U+2000-206F,U+20AC,U+2122,U+2191,U+2193,U+2212,U+2215,U+FEFF,U+FFFD;\\n\n}\\n\n\\n\n@font-face {\\n\n font-family: \"Instrument Sans\";\\n\n font-style: normal;\\n\n font-weight: 500;\\n\n font-display: swap;\\n\n src: url(\"/build/assets/instrument-sans-500-normal-Z6ESRlEs.woff\") format(\"woff\");\\n\n unicode-range: U+0000-00FF,U+0131,U+0152-0153,U+02BB-02BC,U+02C6,U+02DA,U+02DC,U+0304,U+0308,U+0329,U+2000-206F,U+20AC,U+2122,U+2191,U+2193,U+2212,U+2215,U+FEFF,U+FFFD;\\n\n}\\n\n\\n\n@font-face {\\n\n font-family: \"Instrument Sans\";\\n\n font-style: normal;\\n\n font-weight: 500;\\n\n font-display: swap;\\n\n src: url(\"/build/assets/instrument-sans-500-normal-CTEe1bJa.woff2\") format(\"woff2\");\\n\n unicode-range: U+0100-02BA,U+02BD-02C5,U+02C7-02CC,U+02CE-02D7,U+02DD-02FF,U+0304,U+0308,U+0329,U+1D00-1DBF,U+1E00-1E9F,U+1EF2-1EFF,U+2020,U+20A0-20AB,U+20AD-20C0,U+2113,U+2C60-2C7F,U+A720-A7FF;\\n\n}\\n\n\\n\n@font-face {\\n\n font-family: \"Instrument Sans\";\\n\n font-style: normal;\\n\n font-weight: 500;\\n\n font-display: swap;\\n\n src: url(\"/build/assets/instrument-sans-500-normal-CAxz3nsc.woff\") format(\"woff\");\\n\n unicode-range: U+0100-02BA,U+02BD-02C5,U+02C7-02CC,U+02CE-02D7,U+02DD-02FF,U+0304,U+0308,U+0329,U+1D00-1DBF,U+1E00-1E9F,U+1EF2-1EFF,U+2020,U+20A0-20AB,U+20AD-20C0,U+2113,U+2C60-2C7F,U+A720-A7FF;\\n\n}\\n\n\\n\n@font-face {\\n\n font-family: \"Instrument Sans\";\\n\n font-style: normal;\\n\n font-weight: 600;\\n\n font-display: swap;\\n\n src: url(\"/build/assets/instrument-sans-600-normal-B7fBEWYG.woff2\") format(\"woff2\");\\n\n unicode-range: U+0000-00FF,U+0131,U+0152-0153,U+02BB-02BC,U+02C6,U+02DA,U+02DC,U+0304,U+0308,U+0329,U+2000-206F,U+20AC,U+2122,U+2191,U+2193,U+2212,U+2215,U+FEFF,U+FFFD;\\n\n}\\n\n\\n\n@font-face {\\n\n font-family: \"Instrument Sans\";\\n\n font-style: normal;\\n\n font-weight: 600;\\n\n font-display: swap;\\n\n src: url(\"/build/assets/instrument-sans-600-normal-B9e8oLYv.woff\") format(\"woff\");\\n\n unicode-range: U+0000-00FF,U+0131,U+0152-0153,U+02BB-02BC,U+02C6,U+02DA,U+02DC,U+0304,U+0308,U+0329,U+2000-206F,U+20AC,U+2122,U+2191,U+2193,U+2212,U+2215,U+FEFF,U+FFFD;\\n\n}\\n\n\\n\n@font-face {\\n\n font-family: \"Instrument Sans\";\\n\n font-style: normal;\\n\n font-weight: 600;\\n\n font-display: swap;\\n\n src: url(\"/build/assets/instrument-sans-600-normal-BsaQcF38.woff2\") format(\"woff2\");\\n\n unicode-range: U+0100-02BA,U+02BD-02C5,U+02C7-02CC,U+02CE-02D7,U+02DD-02FF,U+0304,U+0308,U+0329,U+1D00-1DBF,U+1E00-1E9F,U+1EF2-1EFF,U+2020,U+20A0-20AB,U+20AD-20C0,U+2113,U+2C60-2C7F,U+A720-A7FF;\\n\n}\\n\n\\n\n@font-face {\\n\n font-family: \"Instrument Sans\";\\n\n font-style: normal;\\n\n font-weight: 600;\\n\n font-display: swap;\\n\n src: url(\"/build/assets/instrument-sans-600-normal-DMks36a2.woff\") format(\"woff\");\\n\n unicode-range: U+0100-02BA,U+02BD-02C5,U+02C7-02CC,U+02CE-02D7,U+02DD-02FF,U+0304,U+0308,U+0329,U+1D00-1DBF,U+1E00-1E9F,U+1EF2-1EFF,U+2020,U+20A0-20AB,U+20AD-20C0,U+2113,U+2C60-2C7F,U+A720-A7FF;\\n\n}\\n\n\\n\n:root {\\n\n --font-instrument-sans: \"Instrument Sans\", \"Instrument Sans fallback\";\\n\n}\\n\n\\n\n.font-instrument-sans {\\n\n font-family: var(--font-instrument-sans);\\n\n}\\n\n</style>\\n\n<link rel=\"preload\" as=\"style\" href=\"http://localhost:8000/build/assets/app-B4fu3CMk.css\" /><link rel=\"modulepreload\" as=\"script\" href=\"http://localhost:8000/build/assets/app-BvRk9kiK.js\" /><link rel=\"stylesheet\" href=\"http://localhost:8000/build/assets/app-B4fu3CMk.css\" data-navigate-track=\"reload\" /><script type=\"module\" src=\"http://localhost:8000/build/assets/app-BvRk9kiK.js\" data-navigate-track=\"reload\"></script><style>\\n\n :root.dark {\\n\n color-scheme: dark;\\n\n }\\n\n</style>\\n\n<script>\\n\n window.Flux = {\\n\n applyAppearance (appearance) {\\n\n let applyDark = () => document.documentElement.classList.add('dark')\\n\n let applyLight = () => document.documentElement.classList.remove('dark')\\n\n\\n\n if (appearance === 'system') {\\n\n let media = window.matchMedia('(prefers-color-scheme: dark)')\\n\n\\n\n window.localStorage.removeItem('flux.appearance')\\n\n\\n\n media.matches ? applyDark() : applyLight()\\n\n } else if (appearance === 'dark') {\\n\n window.localStorage.setItem('flux.appearance', 'dark')\\n\n\\n\n applyDark()\\n\n } else if (appearance === 'light') {\\n\n window.localStorage.setItem('flux.appearance', 'light')\\n\n\\n\n applyLight()\\n\n }\\n\n }\\n\n }\\n\n\\n\n window.Flux.applyAppearance(window.localStorage.getItem('flux.appearance') || 'system')\\n\n</script>\\n\n <style>\\n\n [x-cloak] { display: none !important; }\\n\n </style>\\n\n<!-- Livewire Styles --><style >[wire\\:loading][wire\\:loading], [wire\\:loading\\.delay][wire\\:loading\\.delay], [wire\\:loading\\.list-item][wire\\:loading\\.list-item], [wire\\:loading\\.inline-block][wire\\:loading\\.inline-block], [wire\\:loading\\.inline][wire\\:loading\\.inline], [wire\\:loading\\.block][wire\\:loading\\.block], [wire\\:loading\\.flex][wire\\:loading\\.flex], [wire\\:loading\\.table][wire\\:loading\\.table], [wire\\:loading\\.grid][wire\\:loading\\.grid], [wire\\:loading\\.inline-flex][wire\\:loading\\.inline-flex] {display: none;}[wire\\:loading\\.delay\\.none][wire\\:loading\\.delay\\.none], [wire\\:loading\\.delay\\.shortest][wire\\:loading\\.delay\\.shortest], [wire\\:loading\\.delay\\.shorter][wire\\:loading\\.delay\\.shorter], [wire\\:loading\\.delay\\.short][wire\\:loading\\.delay\\.short], [wire\\:loading\\.delay\\.default][wire\\:loading\\.delay\\.default], [wire\\:loading\\.delay\\.long][wire\\:loading\\.delay\\.long], [wire\\:loading\\.delay\\.longer][wire\\:loading\\.delay\\.longer], [wire\\:loading\\.delay\\.longest][wire\\:loading\\.delay\\.longest] {display: none;}[wire\\:offline][wire\\:offline] {display: none;}[wire\\:dirty]:not(textarea):not(input):not(select) {display: none;}:root {--livewire-progress-bar-color: #2299dd;}[x-cloak] {display: none !important;}[wire\\:cloak] {display: none !important;}dialog#livewire-error::backdrop {background-color: rgba(0, 0, 0, .6);}</style>\\n\n</head>\\n\n<body class=\"min-h-screen bg-zinc-50 dark:bg-zinc-900 text-zinc-900 dark:text-zinc-100\">\\n\n <div\\n\n x-data=\"layout()\"\\n\n x-init=\"init()\"\\n\n class=\"flex min-h-screen\"\\n\n >\\n\n \\n\n \\n\n \\n\n \\n\n <aside\\n\n :style=\"sidebarOpen ? 'translate: none;' : ''\"\\n\n class=\"flex w-64 min-h-0 flex-col border-e border-zinc-200 bg-white dark:border-zinc-700 dark:bg-zinc-800 transition-transform duration-200 ease-in-out max-lg:fixed max-lg:inset-y-0 max-lg:left-0 max-lg:z-50 max-lg:-translate-x-full\"\\n\n >\\n\n \\n\n <div class=\"flex items-center justify-between px-4 py-3\">\\n\n <a href=\"http://localhost:8000/dashboard\" wire:navigate class=\"flex items-center gap-2\">\\n\n <svg xmlns=\"http://www.w3.org/2000/svg\" viewBox=\"0 0 40 42\" class=\"h-8 w-auto text-accent-content\">\\n\n <path \\n\n fill=\"currentColor\" \\n\n fill-rule=\"evenodd\" \\n\n clip-rule=\"evenodd\"\\n\n d=\"M17.2 5.633 8.6.855 0 5.633v26.51l16.2 9 16.2-9v-8.442l7.6-4.223V9.856l-8.6-4.777-8.6 4.777V18.3l-5.6 3.111V5.633ZM38 18.301l-5.6 3.11v-6.157l5.6-3.11V18.3Zm-1.06-7.856-5.54 3.078-5.54-3.079 5.54-3.078 5.54 3.079ZM24.8 18.3v-6.157l5.6 3.111v6.158L24.8 18.3Zm-1 1.732 5.54 3.078-13.14 7.302-5.54-3.078 13.14-7.3v-.002Zm-16.2 7.89 7.6 4.222V38.3L2 30.966V7.92l5.6 3.111v16.892ZM8.6 9.3 3.06 6.222 8.6 3.143l5.54 3.08L8.6 9.3Zm21.8 15.51-13.2 7.334V38.3l13.2-7.334v-6.156ZM9.6 11.034l5.6-3.11v14.6l-5.6 3.11v-14.6Z\"\\n\n />\\n\n</svg>\\n\n <span class=\"text-lg font-bold hidden sm:inline\">Laravel</span>\\n\n </a>\\n\n <button @click=\"sidebarOpen = false\" class=\"lg:hidden p-1 rounded-md hover:bg-zinc-100 dark:hover:bg-zinc-700\">\\n\n <svg class=\"w-5 h-5\" fill=\"none\" viewBox=\"0 0 24 24\" stroke-width=\"1.5\" stroke=\"currentColor\">\\n\n <path stroke-linecap=\"round\" stroke-linejoin=\"round\" d=\"M6 18L18 6M6 6l12 12\" />\\n\n </svg>\\n\n </button>\\n\n </div>\\n\n\\n\n \\n\n <div class=\"shrink-0 px-4 pb-2\">\\n\n <span class=\"inline-flex items-center rounded-full bg-zinc-100 dark:bg-zinc-700 px-2.5 py-0.5 text-xs font-medium text-zinc-600 dark:text-zinc-300\">\\n\n Docente\\n\n </span>\\n\n </div>\\n\n\\n\n \\n\n <nav class=\"min-h-0 flex-1 overflow-y-auto px-3 py-2 space-y-1\">\\n\n <div wire:key=\"lw-567624513-0-6\" wire:snapshot=\"{&quot;data&quot;:{&quot;menuGroups&quot;:[{&quot;General&quot;:[[[{&quot;label&quot;:&quot;Dashboard&quot;,&quot;route&quot;:&quot;dashboard&quot;,&quot;route_prefix&quot;:&quot;dashboard&quot;,&quot;params&quot;:[[],{&quot;s&quot;:&quot;arr&quot;}],&quot;svg&quot;:&quot;&lt;svg class=\\&quot;w-5 h-5 shrink-0\\&quot; fill=\\&quot;none\\&quot; viewBox=\\&quot;0 0 24 24\\&quot; stroke-width=\\&quot;1.5\\&quot; stroke=\\&quot;currentColor\\&quot;&gt;&lt;path stroke-linecap=\\&quot;round\\&quot; stroke-linejoin=\\&quot;round\\&quot; d=\\&quot;M2.25 12l8.954-8.955a1.126 1.126 0 011.591 0L21.75 12M4.5 9.75v10.125c0 .621.504 1.125 1.125 1.125H9.75v-4.875c0-.621.504-1.125 1.125-1.125h2.25c.621 0 1.125.504 1.125 1.125V21h4.125c.621 0 1.125-.504 1.125-1.125V9.75M8.25 21h8.25\\&quot;\\/&gt;&lt;\\/svg&gt;&quot;,&quot;visible&quot;:true},{&quot;s&quot;:&quot;arr&quot;}]],{&quot;s&quot;:&quot;arr&quot;}],&quot;Cat\\u00e1logos&quot;:[[[{&quot;label&quot;:&quot;Cat\\u00e1logos&quot;,&quot;route&quot;:&quot;catalogos.index&quot;,&quot;route_prefix&quot;:&quot;catalogos&quot;,&quot;params&quot;:[[],{&quot;s&quot;:&quot;arr&quot;}],&quot;svg&quot;:&quot;&lt;svg class=\\&quot;w-5 h-5 shrink-0\\&quot; fill=\\&quot;none\\&quot; viewBox=\\&quot;0 0 24 24\\&quot; stroke-width=\\&quot;1.5\\&quot; stroke=\\&quot;currentColor\\&quot;&gt;&lt;path stroke-linecap=\\&quot;round\\&quot; stroke-linejoin=\\&quot;round\\&quot; d=\\&quot;M4.26 10.147a60.438 60.438 0 0 0-.491 6.347A48.62 48.62 0 0 1 12 20.904a48.62 48.62 0 0 1 8.232-4.41 60.46 60.46 0 0 0-.491-6.347m-15.482 0a50.636 50.636 0 0 0-2.658-.813A59.906 59.906 0 0 1 12 3.493a59.903 59.903 0 0 1 10.399 5.84c-.896.248-1.783.52-2.658.814m-15.482 0A50.717 50.717 0 0 1 12 13.489a50.702 50.702 0 0 1 7.74-3.342M6.75 15a.75.75 0 1 0 0-1.5.75.75 0 0 0 0 1.5Zm0 0v-3.675A55.378 55.378 0 0 1 12 8.443m-7.007 11.55A5.981 5.981 0 0 0 6.75 15.75v-1.5\\&quot;\\/&gt;&lt;\\/svg&gt;&quot;,&quot;visible&quot;:false},{&quot;s&quot;:&quot;arr&quot;}],[{&quot;label&quot;:&quot;Materias&quot;,&quot;route&quot;:&quot;materias.index&quot;,&quot;route_prefix&quot;:&quot;materias&quot;,&quot;params&quot;:[[],{&quot;s&quot;:&quot;arr&quot;}],&quot;svg&quot;:&quot;&lt;svg class=\\&quot;w-5 h-5 shrink-0\\&quot; fill=\\&quot;none\\&quot; viewBox=\\&quot;0 0 24 24\\&quot; stroke-width=\\&quot;1.5\\&quot; stroke=\\&quot;currentColor\\&quot;&gt;&lt;path stroke-linecap=\\&quot;round\\&quot; stroke-linejoin=\\&quot;round\\&quot; d=\\&quot;M12 6.042A8.967 8.967 0 0 0 6 3.75c-1.052 0-2.062.18-3 .512v14.25A8.987 8.987 0 0 1 6 18c2.305 0 4.408.867 6 2.292m0-14.25a8.966 8.966 0 0 1 6-2.292c1.052 0 2.062.18 3 .512v14.25A8.987 8.987 0 0 0 18 18a8.967 8.967 0 0 0-6 2.292m0-14.25v14.25\\&quot;\\/&gt;&lt;\\/svg&gt;&quot;,&quot;visible&quot;:false},{&quot;s&quot;:&quot;arr&quot;}],[{&quot;label&quot;:&quot;Usuarios&quot;,&quot;route&quot;:&quot;usuarios.index&quot;,&quot;route_prefix&quot;:&quot;usuarios&quot;,&quot;params&quot;:[[],{&quot;s&quot;:&quot;arr&quot;}],&quot;svg&quot;:&quot;&lt;svg class=\\&quot;w-5 h-5 shrink-0\\&quot; fill=\\&quot;none\\&quot; viewBox=\\&quot;0 0 24 24\\&quot; stroke-width=\\&quot;1.5\\&quot; stroke=\\&quot;currentColor\\&quot;&gt;&lt;path stroke-linecap=\\&quot;round\\&quot; stroke-linejoin=\\&quot;round\\&quot; d=\\&quot;M15 19.128a9.38 9.38 0 0 0 2.625.372 9.337 9.337 0 0 0 4.121-.952 4.125 4.125 0 0 0-7.533-2.493M15 19.128v-.003c0-1.113-.285-2.16-.786-3.07M15 19.128v.106A12.318 12.318 0 0 1 8.624 21c-2.331 0-4.512-.645-6.374-1.766l-.001-.109a6.375 6.375 0 0 1 11.964-3.07M12 6.375a3.375 3.375 0 1 1-6.75 0 3.375 3.375 0 0 1 6.75 0Zm8.25 2.25a2.625 2.625 0 1 1-5.25 0 2.625 2.625 0 0 1 5.25 0Z\\&quot;\\/&gt;&lt;\\/svg&gt;&quot;,&quot;visible&quot;:false},{&quot;s&quot;:&quot;arr&quot;}]],{&quot;s&quot;:&quot;arr&quot;}],&quot;Acad\\u00e9mico&quot;:[[[{&quot;label&quot;:&quot;Grupos&quot;,&quot;route&quot;:&quot;grupos.index&quot;,&quot;route_prefix&quot;:&quot;grupos&quot;,&quot;params&quot;:[[],{&quot;s&quot;:&quot;arr&quot;}],&quot;svg&quot;:&quot;&lt;svg class=\\&quot;w-5 h-5 shrink-0\\&quot; fill=\\&quot;none\\&quot; viewBox=\\&quot;0 0 24 24\\&quot; stroke-width=\\&quot;1.5\\&quot; stroke=\\&quot;currentColor\\&quot;&gt;&lt;path stroke-linecap=\\&quot;round\\&quot; stroke-linejoin=\\&quot;round\\&quot; d=\\&quot;M18 18.72a9.094 9.094 0 0 0 3.741-.479 3 3 0 0 0-4.682-2.72m.94 3.198.001.031c0 .225-.012.447-.037.666A11.944 11.944 0 0 1 12 21c-2.17 0-4.207-.576-5.963-1.584A6.062 6.062 0 0 1 6 18.719m12 0a5.971 5.971 0 0 0-.941-3.197m0 0A5.995 5.995 0 0 0 12 12.75a5.995 5.995 0 0 0-5.058 2.772m0 0a3 3 0 0 0-4.681 2.72 8.986 8.986 0 0 0 3.74.477m.94-3.197a5.971 5.971 0 0 0-.94 3.197M15 6.75a3 3 0 1 1-6 0 3 3 0 0 1 6 0Zm6 3a2.25 2.25 0 1 1-4.5 0 2.25 2.25 0 0 1 4.5 0Zm-13.5 0a2.25 2.25 0 1 1-4.5 0 2.25 2.25 0 0 1 4.5 0Z\\&quot;\\/&gt;&lt;\\/svg&gt;&quot;,&quot;visible&quot;:false},{&quot;s&quot;:&quot;arr&quot;}],[{&quot;label&quot;:&quot;Alumnos&quot;,&quot;route&quot;:&quot;alumnos.index&quot;,&quot;route_prefix&quot;:&quot;alumnos&quot;,&quot;params&quot;:[[],{&quot;s&quot;:&quot;arr&quot;}],&quot;svg&quot;:&quot;&lt;svg class=\\&quot;w-5 h-5 shrink-0\\&quot; fill=\\&quot;none\\&quot; viewBox=\\&quot;0 0 24 24\\&quot; stroke-width=\\&quot;1.5\\&quot; stroke=\\&quot;currentColor\\&quot;&gt;&lt;path stroke-linecap=\\&quot;round\\&quot; stroke-linejoin=\\&quot;round\\&quot; d=\\&quot;M15.75 6a3.75 3.75 0 1 1-7.5 0 3.75 3.75 0 0 1 7.5 0ZM4.501 20.118a7.5 7.5 0 0 1 14.998 0A17.933 17.933 0 0 1 12 21.75c-2.676 0-5.216-.584-7.499-1.632Z\\&quot;\\/&gt;&lt;\\/svg&gt;&quot;,&quot;visible&quot;:false},{&quot;s&quot;:&quot;arr&quot;}],[{&quot;label&quot;:&quot;Calificaciones&quot;,&quot;route&quot;:&quot;calificaciones.index&quot;,&quot;route_prefix&quot;:&quot;calificaciones&quot;,&quot;params&quot;:[[],{&quot;s&quot;:&quot;arr&quot;}],&quot;svg&quot;:&quot;&lt;svg class=\\&quot;w-5 h-5 shrink-0\\&quot; fill=\\&quot;none\\&quot; viewBox=\\&quot;0 0 24 24\\&quot; stroke-width=\\&quot;1.5\\&quot; stroke=\\&quot;currentColor\\&quot;&gt;&lt;path stroke-linecap=\\&quot;round\\&quot; stroke-linejoin=\\&quot;round\\&quot; d=\\&quot;M9 12h3.75M9 15h3.75M9 18h3.75m3 .75H18a2.25 2.25 0 0 0 2.25-2.25V6.108c0-1.135-.845-2.098-1.976-2.192a48.424 48.424 0 0 0-1.123-.08m-5.801 0c-.065.21-.1.433-.1.664 0 .414.336.75.75.75h4.5a.75.75 0 0 0 .75-.75 2.25 2.25 0 0 0-.1-.664m-5.8 0A2.251 2.251 0 0 1 13.5 2.25H15a2.25 2.25 0 0 1 2.15 1.586m-5.8 0c-.376.023-.75.05-1.124.08C9.095 4.01 8.25 4.973 8.25 6.108V8.25m0 0H4.875c-.621 0-1.125.504-1.125 1.125v11.25c0 .621.504 1.125 1.125 1.125h9.75c.621 0 1.125-.504 1.125-1.125V9.375c0-.621-.504-1.125-1.125-1.125H8.25ZM6.75 12h.008v.008H6.75V12Zm0 3h.008v.008H6.75V15Zm0 3h.008v.008H6.75V18Z\\&quot;\\/&gt;&lt;\\/svg&gt;&quot;,&quot;visible&quot;:true},{&quot;s&quot;:&quot;arr&quot;}],[{&quot;label&quot;:&quot;Asistencia&quot;,&quot;route&quot;:&quot;asistencia.index&quot;,&quot;route_prefix&quot;:&quot;asistencia&quot;,&quot;params&quot;:[[],{&quot;s&quot;:&quot;arr&quot;}],&quot;svg&quot;:&quot;&lt;svg class=\\&quot;w-5 h-5 shrink-0\\&quot; fill=\\&quot;none\\&quot; viewBox=\\&quot;0 0 24 24\\&quot; stroke-width=\\&quot;1.5\\&quot; stroke=\\&quot;currentColor\\&quot;&gt;&lt;path stroke-linecap=\\&quot;round\\&quot; stroke-linejoin=\\&quot;round\\&quot; d=\\&quot;M6.75 3v2.25M17.25 3v2.25M3 18.75V7.5a2.25 2.25 0 0 1 2.25-2.25h13.5A2.25 2.25 0 0 1 21 7.5v11.25m-18 0A2.25 2.25 0 0 0 5.25 21h13.5A2.25 2.25 0 0 0 21 18.75m-18 0v-7.5A2.25 2.25 0 0 1 5.25 9h13.5A2.25 2.25 0 0 1 21 11.25v7.5m-9-6h.008v.008H12v-.008ZM12 15h.008v.008H12V15Zm0 2.25h.008v.008H12v-.008ZM9.75 15h.008v.008H9.75V15Zm0 2.25h.008v.008H9.75v-.008ZM7.5 15h.008v.008H7.5V15Zm0 2.25h.008v.008H7.5v-.008Zm6.75-4.5h.008v.008h-.008v-.008Zm0 2.25h.008v.008h-.008V15Zm0 2.25h.008v.008h-.008v-.008Zm2.25-4.5h.008v.008H16.5v-.008Zm0 2.25h.008v.008H16.5V15Z\\&quot;\\/&gt;&lt;\\/svg&gt;&quot;,&quot;visible&quot;:true},{&quot;s&quot;:&quot;arr&quot;}],[{&quot;label&quot;:&quot;Reinscripciones&quot;,&quot;route&quot;:&quot;reinscripciones.index&quot;,&quot;route_prefix&quot;:&quot;reinscripciones&quot;,&quot;params&quot;:[[],{&quot;s&quot;:&quot;arr&quot;}],&quot;svg&quot;:&quot;&lt;svg class=\\&quot;w-5 h-5 shrink-0\\&quot; fill=\\&quot;none\\&quot; viewBox=\\&quot;0 0 24 24\\&quot; stroke-width=\\&quot;1.5\\&quot; stroke=\\&quot;currentColor\\&quot;&gt;&lt;path stroke-linecap=\\&quot;round\\&quot; stroke-linejoin=\\&quot;round\\&quot; d=\\&quot;M16.023 9.348h4.992v-.001M2.985 19.644v-4.992m0 0h4.992m-4.993 0l3.181 3.183a8.25 8.25 0 0013.803-3.7M4.031 9.865a8.25 8.25 0 0113.803-3.7l3.181 3.182M2.985 19.644l3.181-3.182\\&quot;\\/&gt;&lt;\\/svg&gt;&quot;,&quot;visible&quot;:false},{&quot;s&quot;:&quot;arr&quot;}]],{&quot;s&quot;:&quot;arr&quot;}],&quot;Reportes&quot;:[[[{&quot;label&quot;:&quot;Boleta&quot;,&quot;route&quot;:&quot;boleta.index&quot;,&quot;route_prefix&quot;:&quot;boleta&quot;,&quot;params&quot;:[[],{&quot;s&quot;:&quot;arr&quot;}],&quot;svg&quot;:&quot;&lt;svg class=\\&quot;w-5 h-5 shrink-0\\&quot; fill=\\&quot;none\\&quot; viewBox=\\&quot;0 0 24 24\\&quot; stroke-width=\\&quot;1.5\\&quot; stroke=\\&quot;currentColor\\&quot;&gt;&lt;path stroke-linecap=\\&quot;round\\&quot; stroke-linejoin=\\&quot;round\\&quot; d=\\&quot;M19.5 14.25v-2.625a3.375 3.375 0 0 0-3.375-3.375h-1.5A1.125 1.125 0 0 1 13.5 7.125v-1.5a3.375 3.375 0 0 0-3.375-3.375H8.25m0 12.75h7.5m-7.5 3H12M10.5 2.25H5.625c-.621 0-1.125.504-1.125 1.125v17.25c0 .621.504 1.125 1.125 1.125h12.75c.621 0 1.125-.504 1.125-1.125V11.25a9 9 0 0 0-9-9Z\\&quot;\\/&gt;&lt;\\/svg&gt;&quot;,&quot;visible&quot;:true},{&quot;s&quot;:&quot;arr&quot;}],[{&quot;label&quot;:&quot;Reportes&quot;,&quot;route&quot;:&quot;reportes.index&quot;,&quot;route_prefix&quot;:&quot;reportes&quot;,&quot;params&quot;:[[],{&quot;s&quot;:&quot;arr&quot;}],&quot;svg&quot;:&quot;&lt;svg class=\\&quot;w-5 h-5 shrink-0\\&quot; fill=\\&quot;none\\&quot; viewBox=\\&quot;0 0 24 24\\&quot; stroke-width=\\&quot;1.5\\&quot; stroke=\\&quot;currentColor\\&quot;&gt;&lt;path stroke-linecap=\\&quot;round\\&quot; stroke-linejoin=\\&quot;round\\&quot; d=\\&quot;M3 13.125C3 12.504 3.504 12 4.125 12h2.25c.621 0 1.125.504 1.125 1.125v6.75C7.5 20.496 6.996 21 6.375 21h-2.25A1.125 1.125 0 0 1 3 19.875v-6.75ZM9.75 8.625c0-.621.504-1.125 1.125-1.125h2.25c.621 0 1.125.504 1.125 1.125v11.25c0 .621-.504 1.125-1.125 1.125h-2.25a1.125 1.125 0 0 1-1.125-1.125V8.625ZM16.5 4.125c0-.621.504-1.125 1.125-1.125h2.25C20.496 3 21 3.504 21 4.125v15.75c0 .621-.504 1.125-1.125 1.125h-2.25a1.125 1.125 0 0 1-1.125-1.125V4.125Z\\&quot;\\/&gt;&lt;\\/svg&gt;&quot;,&quot;visible&quot;:false},{&quot;s&quot;:&quot;arr&quot;}]],{&quot;s&quot;:&quot;arr&quot;}],&quot;Tutor&quot;:[[[{&quot;label&quot;:&quot;Tutor Dashboard&quot;,&quot;route&quot;:&quot;tutor.dashboard&quot;,&quot;route_prefix&quot;:&quot;tutor&quot;,&quot;params&quot;:[[],{&quot;s&quot;:&quot;arr&quot;}],&quot;svg&quot;:&quot;&lt;svg class=\\&quot;w-5 h-5 shrink-0\\&quot; fill=\\&quot;none\\&quot; viewBox=\\&quot;0 0 24 24\\&quot; stroke-width=\\&quot;1.5\\&quot; stroke=\\&quot;currentColor\\&quot;&gt;&lt;path stroke-linecap=\\&quot;round\\&quot; stroke-linejoin=\\&quot;round\\&quot; d=\\&quot;M9 12.75 11.25 15 15 9.75M21 12a9 9 0 1 1-18 0 9 9 0 0 1 18 0Z\\&quot;\\/&gt;&lt;\\/svg&gt;&quot;,&quot;visible&quot;:false},{&quot;s&quot;:&quot;arr&quot;}]],{&quot;s&quot;:&quot;arr&quot;}]},{&quot;s&quot;:&quot;arr&quot;}]},&quot;memo&quot;:{&quot;id&quot;:&quot;CSlzkqg2IP24HTiGpaLh&quot;,&quot;name&quot;:&quot;nav-sidebar&quot;,&quot;path&quot;:&quot;dashboard&quot;,&quot;method&quot;:&quot;GET&quot;,&quot;release&quot;:&quot;a-a-a&quot;,&quot;children&quot;:[],&quot;scripts&quot;:[],&quot;assets&quot;:[],&quot;errors&quot;:[],&quot;locale&quot;:&quot;en&quot;,&quot;islands&quot;:[]},&quot;checksum&quot;:&quot;7d6506725e29f7694b087ea20d6f9c4512df6cde3b552f5006b688374fefa984&quot;}\" wire:effects=\"[]\" wire:id=\"CSlzkqg2IP24HTiGpaLh\" wire:name=\"nav-sidebar\" class=\"space-y-1\">\\n\n <!--[if BLOCK]><![endif]--> <!--[if BLOCK]><![endif]--> <p class=\"px-3 py-1 text-xs font-semibold uppercase tracking-wider text-zinc-500 dark:text-zinc-400\">\\n\n General\\n\n </p>\\n\n <!--[if BLOCK]><![endif]--> <a\\n\n href=\"http://localhost:8000/dashboard\"\\n\n wire:navigate\\n\n class=\"flex items-center gap-3 px-3 py-2 rounded-lg text-sm font-medium transition-colors bg-zinc-200 dark:bg-zinc-700 text-zinc-900 dark:text-white\"\\n\n >\\n\n <svg class=\"w-5 h-5 shrink-0\" fill=\"none\" viewBox=\"0 0 24 24\" stroke-width=\"1.5\" stroke=\"currentColor\"><path stroke-linecap=\"round\" stroke-linejoin=\"round\" d=\"M2.25 12l8.954-8.955a1.126 1.126 0 011.591 0L21.75 12M4.5 9.75v10.125c0 .621.504 1.125 1.125 1.125H9.75v-4.875c0-.621.504-1.125 1.125-1.125h2.25c.621 0 1.125.504 1.125 1.125V21h4.125c.621 0 1.125-.504 1.125-1.125V9.75M8.25 21h8.25\"/></svg>\\n\n <span>Dashboard</span>\\n\n </a>\\n\n <!--[if ENDBLOCK]><![endif]--> <!--[if ENDBLOCK]><![endif]--> <!--[if BLOCK]><![endif]--><!--[if ENDBLOCK]><![endif]--> <!--[if BLOCK]><![endif]--> <p class=\"px-3 py-1 text-xs font-semibold uppercase tracking-wider text-zinc-500 dark:text-zinc-400\">\\n\n Acad\u00e9mico\\n\n </p>\\n\n <!--[if BLOCK]><![endif]--> <a\\n\n href=\"http://localhost:8000/calificaciones\"\\n\n wire:navigate\\n\n class=\"flex items-center gap-3 px-3 py-2 rounded-lg text-sm font-medium transition-colors text-zinc-600 dark:text-zinc-400 hover:bg-zinc-100 dark:hover:bg-zinc-700/50 hover:text-zinc-900 dark:hover:text-white\"\\n\n >\\n\n <svg class=\"w-5 h-5 shrink-0\" fill=\"none\" viewBox=\"0 0 24 24\" stroke-width=\"1.5\" stroke=\"currentColor\"><path stroke-linecap=\"round\" stroke-linejoin=\"round\" d=\"M9 12h3.75M9 15h3.75M9 18h3.75m3 .75H18a2.25 2.25 0 0 0 2.25-2.25V6.108c0-1.135-.845-2.098-1.976-2.192a48.424 48.424 0 0 0-1.123-.08m-5.801 0c-.065.21-.1.433-.1.664 0 .414.336.75.75.75h4.5a.75.75 0 0 0 .75-.75 2.25 2.25 0 0 0-.1-.664m-5.8 0A2.251 2.251 0 0 1 13.5 2.25H15a2.25 2.25 0 0 1 2.15 1.586m-5.8 0c-.376.023-.75.05-1.124.08C9.095 4.01 8.25 4.973 8.25 6.108V8.25m0 0H4.875c-.621 0-1.125.504-1.125 1.125v11.25c0 .621.504 1.125 1.125 1.125h9.75c.621 0 1.125-.504 1.125-1.125V9.375c0-.621-.504-1.125-1.125-1.125H8.25ZM6.75 12h.008v.008H6.75V12Zm0 3h.008v.008H6.75V15Zm0 3h.008v.008H6.75V18Z\"/></svg>\\n\n <span>Calificaciones</span>\\n\n </a>\\n\n <a\\n\n href=\"http://localhost:8000/asistencia\"\\n\n wire:navigate\\n\n class=\"flex items-center gap-3 px-3 py-2 rounded-lg text-sm font-medium transition-colors text-zinc-600 dark:text-zinc-400 hover:bg-zinc-100 dark:hover:bg-zinc-700/50 hover:text-zinc-900 dark:hover:text-white\"\\n\n >\\n\n <svg class=\"w-5 h-5 shrink-0\" fill=\"none\" viewBox=\"0 0 24 24\" stroke-width=\"1.5\" stroke=\"currentColor\"><path stroke-linecap=\"round\" stroke-linejoin=\"round\" d=\"M6.75 3v2.25M17.25 3v2.25M3 18.75V7.5a2.25 2.25 0 0 1 2.25-2.25h13.5A2.25 2.25 0 0 1 21 7.5v11.25m-18 0A2.25 2.25 0 0 0 5.25 21h13.5A2.25 2.25 0 0 0 21 18.75m-18 0v-7.5A2.25 2.25 0 0 1 5.25 9h13.5A2.25 2.25 0 0 1 21 11.25v7.5m-9-6h.008v.008H12v-.008ZM12 15h.008v.008H12V15Zm0 2.25h.008v.008H12v-.008ZM9.75 15h.008v.008H9.75V15Zm0 2.25h.008v.008H9.75v-.008ZM7.5 15h.008v.008H7.5V15Zm0 2.25h.008v.008H7.5v-.008Zm6.75-4.5h.008v.008h-.008v-.008Zm0 2.25h.008v.008h-.008V15Zm0 2.25h.008v.008h-.008v-.008Zm2.25-4.5h.008v.008H16.5v-.008Zm0 2.25h.008v.008H16.5V15Z\"/></svg>\\n\n <span>Asistencia</span>\\n\n </a>\\n\n <!--[if ENDBLOCK]><![endif]--> <!--[if ENDBLOCK]><![endif]--> <!--[if BLOCK]><![endif]--> <p class=\"px-3 py-1 text-xs font-semibold uppercase tracking-wider text-zinc-500 dark:text-zinc-400\">\\n\n Reportes\\n\n </p>\\n\n <!--[if BLOCK]><![endif]--> <a\\n\n href=\"http://localhost:8000/boleta\"\\n\n wire:navigate\\n\n class=\"flex items-center gap-3 px-3 py-2 rounded-lg text-sm font-medium transition-colors text-zinc-600 dark:text-zinc-400 hover:bg-zinc-100 dark:hover:bg-zinc-700/50 hover:text-zinc-900 dark:hover:text-white\"\\n\n >\\n\n <svg class=\"w-5 h-5 shrink-0\" fill=\"none\" viewBox=\"0 0 24 24\" stroke-width=\"1.5\" stroke=\"currentColor\"><path stroke-linecap=\"round\" stroke-linejoin=\"round\" d=\"M19.5 14.25v-2.625a3.375 3.375 0 0 0-3.375-3.375h-1.5A1.125 1.125 0 0 1 13.5 7.125v-1.5a3.375 3.375 0 0 0-3.375-3.375H8.25m0 12.75h7.5m-7.5 3H12M10.5 2.25H5.625c-.621 0-1.125.504-1.125 1.125v17.25c0 .621.504 1.125 1.125 1.125h12.75c.621 0 1.125-.504 1.125-1.125V11.25a9 9 0 0 0-9-9Z\"/></svg>\\n\n <span>Boleta</span>\\n\n </a>\\n\n <!--[if ENDBLOCK]><![endif]--> <!--[if ENDBLOCK]><![endif]--> <!--[if BLOCK]><![endif]--><!--[if ENDBLOCK]><![endif]--> <!--[if ENDBLOCK]><![endif]--></div>\\n\n </nav>\\n\n\\n\n \\n\n \\n\n <div class=\"shrink-0 hidden lg:block border-t border-zinc-200 dark:border-zinc-700 p-2\">\\n\n <div x-data=\"{ open: false }\" class=\"relative\">\\n\n <button @click=\"open = !open\" @click.away=\"open = false\" class=\"flex w-full items-center gap-2 rounded-lg p-2 text-sm hover:bg-zinc-100 dark:hover:bg-zinc-700 transition-colors\">\\n\n <span class=\"flex h-7 w-7 items-center justify-center rounded-full bg-zinc-200 dark:bg-zinc-600 text-xs font-semibold text-zinc-600 dark:text-zinc-300\">\\n\n DS\\n\n </span>\\n\n <span class=\"flex-1 text-left truncate font-medium\">Dr. Sarina Jerde</span>\\n\n <svg class=\"w-4 h-4 text-zinc-400 shrink-0\" fill=\"none\" viewBox=\"0 0 24 24\" stroke-width=\"1.5\" stroke=\"currentColor\">\\n\n <path stroke-linecap=\"round\" stroke-linejoin=\"round\" d=\"M8.25 15L12 18.75 15.75 15m-7.5-6L12 5.25 15.75 9\" />\\n\n </svg>\\n\n </button>\\n\n\\n\n <div x-show=\"open\" x-cloak class=\"absolute bottom-full left-0 right-0 mb-1 rounded-lg border border-zinc-200 dark:border-zinc-700 bg-white dark:bg-zinc-800 shadow-lg overflow-hidden\">\\n\n <div class=\"px-3 py-2 text-xs text-zinc-500 dark:text-zinc-400 border-b border-zinc-100 dark:border-zinc-700\">\\n\n boyle.jamir@example.net\\n\n </div>\\n\n <a href=\"http://localhost:8000/settings/profile\" wire:navigate class=\"flex items-center gap-2 px-3 py-2 text-sm hover:bg-zinc-100 dark:hover:bg-zinc-700 transition-colors\">\\n\n <svg class=\"w-4 h-4\" fill=\"none\" viewBox=\"0 0 24 24\" stroke-width=\"1.5\" stroke=\"currentColor\">\\n\n <path stroke-linecap=\"round\" stroke-linejoin=\"round\" d=\"M9.594 3.94c.09-.542.56-.94 1.11-.94h2.593c.55 0 1.02.398 1.11.94l.213 1.281c.063.374.313.686.645.87.074.04.147.083.22.127.324.196.72.257 1.075.124l1.217-.456a1.125 1.125 0 011.37.49l1.296 2.247a1.125 1.125 0 01-.26 1.431l-1.003.827c-.293.24-.438.613-.431.992a6.759 6.759 0 010 .255c-.007.378.138.75.43.99l1.005.828c.424.35.534.954.26 1.43l-1.298 2.247a1.125 1.125 0 01-1.369.491l-1.217-.456c-.355-.133-.75-.072-1.076.124a6.57 6.57 0 01-.22.128c-.331.183-.581.495-.644.869l-.213 1.28c-.09.543-.56.941-1.11.941h-2.594c-.55 0-1.02-.398-1.11-.94l-.213-1.281c-.062-.374-.312-.686-.644-.87a6.52 6.52 0 01-.22-.127c-.325-.196-.72-.257-1.076-.124l-1.217.456a1.125 1.125 0 01-1.369-.49l-1.297-2.247a1.125 1.125 0 01.26-1.431l1.004-.827c.292-.24.437-.613.43-.992a6.932 6.932 0 010-.255c.007-.378-.138-.75-.43-.99l-1.004-.828a1.125 1.125 0 01-.26-1.43l1.297-2.247a1.125 1.125 0 011.37-.491l1.216.456c.356.133.751.072 1.076-.124.072-.044.146-.087.22-.128.332-.183.582-.495.644-.869l.214-1.281z\" />\\n\n <path stroke-linecap=\"round\" stroke-linejoin=\"round\" d=\"M15 12a3 3 0 11-6 0 3 3 0 016 0z\" />\\n\n </svg>\\n\n Settings\\n\n </a>\\n\n <form method=\"POST\" action=\"http://localhost:8000/logout\" class=\"w-full\">\\n\n <input type=\"hidden\" name=\"_token\" value=\"wGDHJ2cpZkpMaVt5QIGqFfTh3h5b8x7MproMNyVb\" autocomplete=\"off\"> <button type=\"submit\" class=\"flex w-full items-center gap-2 px-3 py-2 text-sm text-red-600 dark:text-red-400 hover:bg-red-50 dark:hover:bg-red-900/20 transition-colors\">\\n\n <svg class=\"w-4 h-4\" fill=\"none\" viewBox=\"0 0 24 24\" stroke-width=\"1.5\" stroke=\"currentColor\">\\n\n <path stroke-linecap=\"round\" stroke-linejoin=\"round\" d=\"M15.75 9V5.25A2.25 2.25 0 0013.5 3h-6a2.25 2.25 0 00-2.25 2.25v13.5A2.25 2.25 0 007.5 21h6a2.25 2.25 0 002.25-2.25V15m3 0l3-3m0 0l-3-3m3 3H9\" />\\n\n </svg>\\n\n Log out\\n\n </button>\\n\n </form>\\n\n </div>\\n\n </div>\\n\n </div>\\n\n\\n\n </aside>\\n\n\\n\n \\n\n <div\\n\n x-show=\"sidebarOpen\"\\n\n x-cloak\\n\n @click=\"sidebarOpen = false\"\\n\n class=\"fixed inset-0 z-40 bg-black/50 lg:hidden\"\\n\n ></div>\\n\n\\n\n \\n\n \\n\n \\n\n <div class=\"flex min-w-0 flex-1 flex-col min-h-0 overflow-y-auto\">\\n\n \\n\n <header class=\"sticky top-0 z-30 flex items-center gap-3 border-b border-zinc-200 dark:border-zinc-700 bg-white dark:bg-zinc-800 px-4 py-2 lg:hidden\">\\n\n <button @click=\"sidebarOpen = true\" class=\"p-1 rounded-md hover:bg-zinc-100 dark:hover:bg-zinc-700\">\\n\n <svg class=\"w-6 h-6\" fill=\"none\" viewBox=\"0 0 24 24\" stroke-width=\"1.5\" stroke=\"currentColor\">\\n\n <path stroke-linecap=\"round\" stroke-linejoin=\"round\" d=\"M3.75 6.75h16.5M3.75 12h16.5m-16.5 5.25h16.5\" />\\n\n </svg>\\n\n </button>\\n\n\\n\n <a href=\"http://localhost:8000/dashboard\" wire:navigate class=\"flex items-center gap-1\">\\n\n <svg xmlns=\"http://www.w3.org/2000/svg\" viewBox=\"0 0 40 42\" class=\"h-7 w-auto text-accent-content\">\\n\n <path \\n\n fill=\"currentColor\" \\n\n fill-rule=\"evenodd\" \\n\n clip-rule=\"evenodd\"\\n\n d=\"M17.2 5.633 8.6.855 0 5.633v26.51l16.2 9 16.2-9v-8.442l7.6-4.223V9.856l-8.6-4.777-8.6 4.777V18.3l-5.6 3.111V5.633ZM38 18.301l-5.6 3.11v-6.157l5.6-3.11V18.3Zm-1.06-7.856-5.54 3.078-5.54-3.079 5.54-3.078 5.54 3.079ZM24.8 18.3v-6.157l5.6 3.111v6.158L24.8 18.3Zm-1 1.732 5.54 3.078-13.14 7.302-5.54-3.078 13.14-7.3v-.002Zm-16.2 7.89 7.6 4.222V38.3L2 30.966V7.92l5.6 3.111v16.892ZM8.6 9.3 3.06 6.222 8.6 3.143l5.54 3.08L8.6 9.3Zm21.8 15.51-13.2 7.334V38.3l13.2-7.334v-6.156ZM9.6 11.034l5.6-3.11v14.6l-5.6 3.11v-14.6Z\"\\n\n />\\n\n</svg>\\n\n <span class=\"text-sm font-bold\">Laravel</span>\\n\n </a>\\n\n\\n\n <div class=\"flex-1\"></div>\\n\n\\n\n \\n\n <div x-data=\"{ open: false }\" class=\"relative\">\\n\n <button @click=\"open = !open\" class=\"flex items-center gap-1 p-1 rounded-md hover:bg-zinc-100 dark:hover:bg-zinc-700\">\\n\n <span class=\"flex h-7 w-7 items-center justify-center rounded-full bg-zinc-200 dark:bg-zinc-600 text-xs font-semibold text-zinc-600 dark:text-zinc-300\">\\n\n DS\\n\n </span>\\n\n <svg class=\"w-4 h-4 text-zinc-400\" fill=\"none\" viewBox=\"0 0 24 24\" stroke-width=\"1.5\" stroke=\"currentColor\">\\n\n <path stroke-linecap=\"round\" stroke-linejoin=\"round\" d=\"M19.5 8.25l-7.5 7.5-7.5-7.5\" />\\n\n </svg>\\n\n </button>\\n\n\\n\n <div x-show=\"open\" @click.away=\"open = false\" x-cloak class=\"absolute right-0 top-full mt-1 w-56 rounded-lg border border-zinc-200 dark:border-zinc-700 bg-white dark:bg-zinc-800 shadow-lg overflow-hidden\">\\n\n <div class=\"px-3 py-2 border-b border-zinc-100 dark:border-zinc-700\">\\n\n <p class=\"text-sm font-medium truncate\">Dr. Sarina Jerde</p>\\n\n <p class=\"text-xs text-zinc-500 dark:text-zinc-400 truncate\">boyle.jamir@example.net</p>\\n\n </div>\\n\n <a href=\"http://localhost:8000/settings/profile\" wire:navigate class=\"flex items-center gap-2 px-3 py-2 text-sm hover:bg-zinc-100 dark:hover:bg-zinc-700 transition-colors\">\\n\n <svg class=\"w-4 h-4\" fill=\"none\" viewBox=\"0 0 24 24\" stroke-width=\"1.5\" stroke=\"currentColor\">\\n\n <path stroke-linecap=\"round\" stroke-linejoin=\"round\" d=\"M9.594 3.94c.09-.542.56-.94 1.11-.94h2.593c.55 0 1.02.398 1.11.94l.213 1.281c.063.374.313.686.645.87.074.04.147.083.22.127.324.196.72.257 1.075.124l1.217-.456a1.125 1.125 0 011.37.49l1.296 2.247a1.125 1.125 0 01-.26 1.431l-1.003.827c-.293.24-.438.613-.431.992a6.759 6.759 0 010 .255c-.007.378.138.75.43.99l1.005.828c.424.35.534.954.26 1.43l-1.298 2.247a1.125 1.125 0 01-1.369.491l-1.217-.456c-.355-.133-.75-.072-1.076.124a6.57 6.57 0 01-.22.128c-.331.183-.581.495-.644.869l-.213 1.28c-.09.543-.56.941-1.11.941h-2.594c-.55 0-1.02-.398-1.11-.94l-.213-1.281c-.062-.374-.312-.686-.644-.87a6.52 6.52 0 01-.22-.127c-.325-.196-.72-.257-1.076-.124l-1.217.456a1.125 1.125 0 01-1.369-.49l-1.297-2.247a1.125 1.125 0 01.26-1.431l1.004-.827c.292-.24.437-.613.43-.992a6.932 6.932 0 010-.255c.007-.378-.138-.75-.43-.99l-1.004-.828a1.125 1.125 0 01-.26-1.43l1.297-2.247a1.125 1.125 0 011.37-.491l1.216.456c.356.133.751.072 1.076-.124.072-.044.146-.087.22-.128.332-.183.582-.495.644-.869l.214-1.281z\" />\\n\n <path stroke-linecap=\"round\" stroke-linejoin=\"round\" d=\"M15 12a3 3 0 11-6 0 3 3 0 016 0z\" />\\n\n </svg>\\n\n Settings\\n\n </a>\\n\n <form method=\"POST\" action=\"http://localhost:8000/logout\" class=\"w-full\">\\n\n <input type=\"hidden\" name=\"_token\" value=\"wGDHJ2cpZkpMaVt5QIGqFfTh3h5b8x7MproMNyVb\" autocomplete=\"off\"> <button type=\"submit\" class=\"flex w-full items-center gap-2 px-3 py-2 text-sm text-red-600 dark:text-red-400 hover:bg-red-50 dark:hover:bg-red-900/20 transition-colors\">\\n\n <svg class=\"w-4 h-4\" fill=\"none\" viewBox=\"0 0 24 24\" stroke-width=\"1.5\" stroke=\"currentColor\">\\n\n <path stroke-linecap=\"round\" stroke-linejoin=\"round\" d=\"M15.75 9V5.25A2.25 2.25 0 0013.5 3h-6a2.25 2.25 0 00-2.25 2.25v13.5A2.25 2.25 0 007.5 21h6a2.25 2.25 0 002.25-2.25V15m3 0l3-3m0 0l-3-3m3 3H9\" />\\n\n </svg>\\n\n Log out\\n\n </button>\\n\n </form>\\n\n </div>\\n\n </div>\\n\n </header>\\n\n\\n\n \\n\n <main class=\"flex-1 p-6 mx-auto w-full max-w-7xl\">\\n\n <div class=\"[grid-area:main] p-6 lg:p-8 [[data-flux-container]_&amp;]:px-0\" data-flux-main>\\n\n <div class=\"flex h-full w-full flex-1 flex-col gap-4 rounded-xl\">\\n\n \\n\n <div class=\"hidden lg:flex items-center justify-between border-b border-neutral-200 pb-4 dark:border-neutral-700\">\\n\n <h1 class=\"text-2xl font-bold\">Dashboard</h1>\\n\n\\n\n <ui-dropdown position=\"bottom end\" data-flux-dropdown>\\n\n <button type=\"button\" class=\"flex items-center gap-2 rounded-full p-1 hover:bg-zinc-100 dark:hover:bg-zinc-700 transition-colors\">\\n\n <span class=\"flex h-9 w-9 items-center justify-center rounded-full bg-zinc-300 dark:bg-zinc-600 text-xs font-semibold text-zinc-700 dark:text-zinc-200\">\\n\n DS\\n\n </span>\\n\n <svg\\n\n class=\"shrink-0 [:where(&amp;)]:size-4 size-4 text-zinc-400\"\\n\n data-flux-icon\\n\n xmlns=\"http://www.w3.org/2000/svg\"\\n\n viewBox=\"0 0 24 24\"\\n\n fill=\"none\"\\n\n stroke=\"currentColor\"\\n\n stroke-width=\"2.5\"\\n\n stroke-linecap=\"round\"\\n\n stroke-linejoin=\"round\"\\n\n aria-hidden=\"true\"\\n\n data-slot=\"icon\"\\n\n>\\n\n <path d=\"m7 15 5 5 5-5\" />\\n\n <path d=\"m7 9 5-5 5 5\" />\\n\n</svg>\\n\n </button>\\n\n\\n\n <ui-menu\\n\n class=\"[:where(&amp;)]:min-w-48 p-[.3125rem] rounded-lg shadow-xs border border-zinc-200 dark:border-zinc-600 bg-white dark:bg-zinc-700 focus:outline-hidden\"\\n\n popover=\"manual\"\\n\n data-flux-menu\\n\n>\\n\n <div class=\"flex items-center gap-2 px-1 py-1.5 text-start text-sm\">\\n\n <span class=\"flex h-8 w-8 items-center justify-center rounded-full bg-zinc-200 dark:bg-zinc-600 text-xs font-semibold text-zinc-600 dark:text-zinc-300\">\\n\n DS\\n\n </span>\\n\n <div class=\"grid flex-1 text-start text-sm leading-tight\">\\n\n <div class=\"font-medium [:where(&amp;)]:text-zinc-800 [:where(&amp;)]:dark:text-white text-sm [&amp;:has(+[data-flux-subheading])]:mb-2 [[data-flux-subheading]+&amp;]:mt-2 truncate\" data-flux-heading>Dr. Sarina Jerde</div>\\n\n <p class=\"[:where(&amp;)]:font-normal [:where(&amp;)]:text-sm [:where(&amp;)]:text-zinc-500 [:where(&amp;)]:dark:text-white/70 truncate\" data-flux-text >boyle.jamir@example.net</p> </div>\\n\n </div>\\n\n <div class=\"-mx-[.3125rem] my-[.3125rem] h-px\" data-flux-menu-separator>\\n\n <div data-orientation=\"horizontal\" role=\"none\" class=\"border-0 [print-color-adjust:exact] bg-zinc-800/15 dark:bg-white/20 h-px w-full dark:bg-zinc-600!\" data-flux-separator></div>\\n\n</div>\\n\n <ui-menu-radio-group data-flux-menu-radio-group>\\n\n <a href=\"http://localhost:8000/settings/profile\" data-flux-menu-item=\"data-flux-menu-item\" data-flux-menu-item-has-icon=\"data-flux-menu-item-has-icon\" class=\"flex items-center px-2 py-1.5 w-full focus:outline-hidden rounded-md text-start text-sm font-medium [&amp;[disabled]]:opacity-50 text-zinc-800 data-active:bg-zinc-50 dark:text-white dark:data-active:bg-zinc-600 **:data-flux-menu-item-icon:text-zinc-400 dark:**:data-flux-menu-item-icon:text-white/60 [&amp;[data-active]_[data-flux-menu-item-icon]]:text-current\" wire:navigate=\"\">\\n\n <svg class=\"shrink-0 [:where(&amp;)]:size-5 me-2\" data-flux-menu-item-icon=\"data-flux-menu-item-icon\" data-flux-icon xmlns=\"http://www.w3.org/2000/svg\" viewBox=\"0 0 20 20\" fill=\"currentColor\" aria-hidden=\"true\" data-slot=\"icon\">\\n\n <path d=\"M13.024 9.25c.47 0 .827-.433.637-.863a4 4 0 0 0-4.094-2.364c-.468.05-.665.576-.43.984l1.08 1.868a.75.75 0 0 0 .649.375h2.158ZM7.84 7.758c-.236-.408-.79-.5-1.068-.12A3.982 3.982 0 0 0 6 10c0 .884.287 1.7.772 2.363.278.38.832.287 1.068-.12l1.078-1.868a.75.75 0 0 0 0-.75L7.839 7.758ZM9.138 12.993c-.235.408-.039.934.43.984a4 4 0 0 0 4.094-2.364c.19-.43-.168-.863-.638-.863h-2.158a.75.75 0 0 0-.65.375l-1.078 1.868Z\"/>\\n\n <path fill-rule=\"evenodd\" d=\"m14.13 4.347.644-1.117a.75.75 0 0 0-1.299-.75l-.644 1.116a6.954 6.954 0 0 0-2.081-.556V1.75a.75.75 0 0 0-1.5 0v1.29a6.954 6.954 0 0 0-2.081.556L6.525 2.48a.75.75 0 1 0-1.3.75l.645 1.117A7.04 7.04 0 0 0 4.347 5.87L3.23 5.225a.75.75 0 1 0-.75 1.3l1.116.644A6.954 6.954 0 0 0 3.04 9.25H1.75a.75.75 0 0 0 0 1.5h1.29c.078.733.27 1.433.556 2.081l-1.116.645a.75.75 0 1 0 .75 1.298l1.117-.644a7.04 7.04 0 0 0 1.523 1.523l-.645 1.117a.75.75 0 1 0 1.3.75l.644-1.116a6.954 6.954 0 0 0 2.081.556v1.29a.75.75 0 0 0 1.5 0v-1.29a6.954 6.954 0 0 0 2.081-.556l.645 1.116a.75.75 0 0 0 1.299-.75l-.645-1.117a7.042 7.042 0 0 0 1.523-1.523l1.117.644a.75.75 0 0 0 .75-1.298l-1.116-.645a6.954 6.954 0 0 0 .556-2.081h1.29a.75.75 0 0 0 0-1.5h-1.29a6.954 6.954 0 0 0-.556-2.081l1.116-.644a.75.75 0 0 0-.75-1.3l-1.117.645a7.04 7.04 0 0 0-1.524-1.523ZM10 4.5a5.475 5.475 0 0 0-2.781.754A5.527 5.527 0 0 0 5.22 7.277 5.475 5.475 0 0 0 4.5 10a5.475 5.475 0 0 0 .752 2.777 5.527 5.527 0 0 0 2.028 2.004c.802.458 1.73.719 2.72.719a5.474 5.474 0 0 0 2.78-.753 5.527 5.527 0 0 0 2.001-2.027c.458-.802.719-1.73.719-2.72a5.475 5.475 0 0 0-.753-2.78 5.528 5.528 0 0 0-2.028-2.002A5.475 5.475 0 0 0 10 4.5Z\" clip-rule=\"evenodd\"/>\\n\n</svg>\\n\n\\n\n \\n\n Settings\\n\n </a>\\n\n <form method=\"POST\" action=\"http://localhost:8000/logout\" class=\"w-full\">\\n\n <input type=\"hidden\" name=\"_token\" value=\"wGDHJ2cpZkpMaVt5QIGqFfTh3h5b8x7MproMNyVb\" autocomplete=\"off\"> <button type=\"submit\" class=\"flex items-center px-2 py-1.5 w-full focus:outline-hidden rounded-md text-start text-sm font-medium [&amp;[disabled]]:opacity-50 text-zinc-800 data-active:bg-zinc-50 dark:text-white dark:data-active:bg-zinc-600 **:data-flux-menu-item-icon:text-zinc-400 dark:**:data-flux-menu-item-icon:text-white/60 [&amp;[data-active]_[data-flux-menu-item-icon]]:text-current w-full cursor-pointer\" data-flux-menu-item=\"data-flux-menu-item\" data-flux-menu-item-has-icon=\"data-flux-menu-item-has-icon\">\\n\n <svg class=\"shrink-0 [:where(&amp;)]:size-5 me-2\" data-flux-menu-item-icon=\"data-flux-menu-item-icon\" data-flux-icon xmlns=\"http://www.w3.org/2000/svg\" viewBox=\"0 0 20 20\" fill=\"currentColor\" aria-hidden=\"true\" data-slot=\"icon\">\\n\n <path fill-rule=\"evenodd\" d=\"M3 4.25A2.25 2.25 0 0 1 5.25 2h5.5A2.25 2.25 0 0 1 13 4.25v2a.75.75 0 0 1-1.5 0v-2a.75.75 0 0 0-.75-.75h-5.5a.75.75 0 0 0-.75.75v11.5c0 .414.336.75.75.75h5.5a.75.75 0 0 0 .75-.75v-2a.75.75 0 0 1 1.5 0v2A2.25 2.25 0 0 1 10.75 18h-5.5A2.25 2.25 0 0 1 3 15.75V4.25Z\" clip-rule=\"evenodd\"/>\\n\n <path fill-rule=\"evenodd\" d=\"M6 10a.75.75 0 0 1 .75-.75h9.546l-1.048-.943a.75.75 0 1 1 1.004-1.114l2.5 2.25a.75.75 0 0 1 0 1.114l-2.5 2.25a.75.75 0 1 1-1.004-1.114l1.048-.943H6.75A.75.75 0 0 1 6 10Z\" clip-rule=\"evenodd\"/>\\n\n</svg>\\n\n\\n\n \\n\n Log out\\n\n </button>\\n\n </form>\\n\n</ui-menu-radio-group>\\n\n</ui-menu>\\n\n</ui-dropdown>\\n\n </div>\\n\n\\n\n \\n\n <div class=\"grid auto-rows-min gap-4 md:grid-cols-3\">\\n\n <div class=\"relative aspect-video overflow-hidden rounded-xl border border-neutral-200 dark:border-neutral-700\">\\n\n <svg class=\"absolute inset-0 size-full stroke-gray-900/20 dark:stroke-neutral-100/20\" fill=\"none\">\\n\n <defs>\\n\n <pattern id=\"pattern-6a1de85f1c1e9\" x=\"0\" y=\"0\" width=\"8\" height=\"8\" patternUnits=\"userSpaceOnUse\">\\n\n <path d=\"M-1 5L5 -1M3 9L8.5 3.5\" stroke-width=\"0.5\"></path>\\n\n </pattern>\\n\n </defs>\\n\n <rect stroke=\"none\" fill=\"url(#pattern-6a1de85f1c1e9)\" width=\"100%\" height=\"100%\"></rect>\\n\n</svg>\\n\n </div>\\n\n <div class=\"relative aspect-video overflow-hidden rounded-xl border border-neutral-200 dark:border-neutral-700\">\\n\n <svg class=\"absolute inset-0 size-full stroke-gray-900/20 dark:stroke-neutral-100/20\" fill=\"none\">\\n\n <defs>\\n\n <pattern id=\"pattern-6a1de85f1c372\" x=\"0\" y=\"0\" width=\"8\" height=\"8\" patternUnits=\"userSpaceOnUse\">\\n\n <path d=\"M-1 5L5 -1M3 9L8.5 3.5\" stroke-width=\"0.5\"></path>\\n\n </pattern>\\n\n </defs>\\n\n <rect stroke=\"none\" fill=\"url(#pattern-6a1de85f1c372)\" width=\"100%\" height=\"100%\"></rect>\\n\n</svg>\\n\n </div>\\n\n <div class=\"relative aspect-video overflow-hidden rounded-xl border border-neutral-200 dark:border-neutral-700\">\\n\n <svg class=\"absolute inset-0 size-full stroke-gray-900/20 dark:stroke-neutral-100/20\" fill=\"none\">\\n\n <defs>\\n\n <pattern id=\"pattern-6a1de85f1c4b7\" x=\"0\" y=\"0\" width=\"8\" height=\"8\" patternUnits=\"userSpaceOnUse\">\\n\n <path d=\"M-1 5L5 -1M3 9L8.5 3.5\" stroke-width=\"0.5\"></path>\\n\n </pattern>\\n\n </defs>\\n\n <rect stroke=\"none\" fill=\"url(#pattern-6a1de85f1c4b7)\" width=\"100%\" height=\"100%\"></rect>\\n\n</svg>\\n\n </div>\\n\n </div>\\n\n <div class=\"relative h-full flex-1 overflow-hidden rounded-xl border border-neutral-200 dark:border-neutral-700\">\\n\n <svg class=\"absolute inset-0 size-full stroke-gray-900/20 dark:stroke-neutral-100/20\" fill=\"none\">\\n\n <defs>\\n\n <pattern id=\"pattern-6a1de85f1c881\" x=\"0\" y=\"0\" width=\"8\" height=\"8\" patternUnits=\"userSpaceOnUse\">\\n\n <path d=\"M-1 5L5 -1M3 9L8.5 3.5\" stroke-width=\"0.5\"></path>\\n\n </pattern>\\n\n </defs>\\n\n <rect stroke=\"none\" fill=\"url(#pattern-6a1de85f1c881)\" width=\"100%\" height=\"100%\"></rect>\\n\n</svg>\\n\n </div>\\n\n </div>\\n\n</div>\\n\n </main>\\n\n </div>\\n\n </div>\\n\n\\n\n \\n\n <div\\n\n x-data=\"toast()\"\\n\n x-init=\"init()\"\\n\n x-cloak\\n\n class=\"fixed bottom-4 right-4 z-50 flex flex-col gap-2\"\\n\n >\\n\n <template x-for=\"(t, i) in toasts\" :key=\"i\">\\n\n <div\\n\n x-show=\"t.visible\"\\n\n x-transition:enter=\"transition ease-out duration-300\"\\n\n x-transition:enter-start=\"translate-x-full opacity-0\"\\n\n x-transition:enter-end=\"translate-x-0 opacity-100\"\\n\n x-transition:leave=\"transition ease-in duration-200\"\\n\n x-transition:leave-start=\"translate-x-0 opacity-100\"\\n\n x-transition:leave-end=\"translate-x-full opacity-0\"\\n\n class=\"flex items-center gap-3 rounded-lg border px-4 py-3 shadow-lg text-sm\"\\n\n :class=\"{\\n\n 'bg-green-50 border-green-200 text-green-800 dark:bg-green-900/30 dark:border-green-700 dark:text-green-300': t.type === 'success',\\n\n 'bg-red-50 border-red-200 text-red-800 dark:bg-red-900/30 dark:border-red-700 dark:text-red-300': t.type === 'error',\\n\n 'bg-blue-50 border-blue-200 text-blue-800 dark:bg-blue-900/30 dark:border-blue-700 dark:text-blue-300': t.type === 'info',\\n\n }\"\\n\n >\\n\n <span x-text=\"t.message\"></span>\\n\n <button @click=\"remove(i)\" class=\"ml-2 shrink-0 opacity-60 hover:opacity-100\">\\n\n <svg class=\"w-4 h-4\" fill=\"none\" viewBox=\"0 0 24 24\" stroke-width=\"2\" stroke=\"currentColor\">\\n\n <path stroke-linecap=\"round\" stroke-linejoin=\"round\" d=\"M6 18L18 6M6 6l12 12\" />\\n\n </svg>\\n\n </button>\\n\n </div>\\n\n </template>\\n\n </div>\\n\n\\n\n <script src=\"http://localhost:8000/flux/flux.js?id=497da1a7\" data-navigate-once></script>\\n\n\\n\n <script>\\n\n function layout() {\\n\n return {\\n\n sidebarOpen: false,\\n\n init() {\\n\n // Close sidebar on route navigation (Livewire)\\n\n Livewire?.on('$navigate', () => { this.sidebarOpen = false; });\\n\n }\\n\n };\\n\n }\\n\n\\n\n function toast() {\\n\n return {\\n\n toasts: [],\\n\n init() {\\n\n window.addEventListener('toast', (e) => {\\n\n this.toasts.push({\\n\n message: e.detail.message,\\n\n type: e.detail.type || 'info',\\n\n visible: true,\\n\n });\\n\n setTimeout(() => {\\n\n if (this.toasts.length > 0) {\\n\n const idx = this.toasts.findIndex(t => t.message === e.detail.message);\\n\n if (idx !== -1) this.toasts[idx].visible = false;\\n\n setTimeout(() => { this.toasts = this.toasts.filter(t => t.visible); }, 300);\\n\n }\\n\n }, e.detail.duration || 4000);\\n\n });\\n\n },\\n\n remove(index) {\\n\n this.toasts[index].visible = false;\\n\n setTimeout(() => { this.toasts = this.toasts.filter(t => t.visible); }, 300);\\n\n }\\n\n };\\n\n }\\n\n </script>\\n\n<!-- Livewire Scripts -->\\n\n<script src=\"http://localhost:8000/livewire-dcc4aad2/livewire.js?id=ab6b028c\" data-csrf=\"wGDHJ2cpZkpMaVt5QIGqFfTh3h5b8x7MproMNyVb\" data-module-url=\"http://localhost:8000/livewire-dcc4aad2\" data-update-uri=\"http://localhost:8000/livewire-dcc4aad2/update\" data-navigate-once=\"true\"></script>\\n\n</body>\\n\n</html>\\n\n' [UTF-8](length: 51752) does not contain \"Usuarios\" [ASCII](length: 8)."},{"test":"P\\Tests\\Feature\\Auth\\RoleAccessTest::__pest_evaluable_tutor_sees_only_tutor_related_modules","file":"\\laragon\\www\\sistemacontrolesc\\vendor\\laravel\\framework\\src\\Illuminate\\Testing\\TestResponseAssert.php","line":45,"message":"Failed asserting that '<!DOCTYPE html>\\n\n<html lang=\"en\" class=\"dark\">\\n\n<head>\\n\n <meta charset=\"utf-8\" />\\n\n<meta name=\"viewport\" content=\"width=device-width, initial-scale=1.0\" />\\n\n\\n\n<title>\\n\n Dashboard - Laravel\\n\n</title>\\n\n\\n\n<link rel=\"icon\" href=\"/favicon.ico\" sizes=\"any\">\\n\n<link rel=\"icon\" href=\"/favicon.svg\" type=\"image/svg+xml\">\\n\n<link rel=\"apple-touch-icon\" href=\"/apple-touch-icon.png\">\\n\n\\n\n<link rel=\"preload\" as=\"font\" href=\"http://localhost:8000/build/assets/instrument-sans-400-normal-DRC__1Mx.woff2\" type=\"font/woff2\" crossorigin=\"anonymous\" />\\n\n<link rel=\"preload\" as=\"font\" href=\"http://localhost:8000/build/assets/instrument-sans-400-normal-Q_nF8v4l.woff2\" type=\"font/woff2\" crossorigin=\"anonymous\" />\\n\n<link rel=\"preload\" as=\"font\" href=\"http://localhost:8000/build/assets/instrument-sans-500-normal-Dk9ku72i.woff2\" type=\"font/woff2\" crossorigin=\"anonymous\" />\\n\n<link rel=\"preload\" as=\"font\" href=\"http://localhost:8000/build/assets/instrument-sans-500-normal-CTEe1bJa.woff2\" type=\"font/woff2\" crossorigin=\"anonymous\" />\\n\n<link rel=\"preload\" as=\"font\" href=\"http://localhost:8000/build/assets/instrument-sans-600-normal-B7fBEWYG.woff2\" type=\"font/woff2\" crossorigin=\"anonymous\" />\\n\n<link rel=\"preload\" as=\"font\" href=\"http://localhost:8000/build/assets/instrument-sans-600-normal-BsaQcF38.woff2\" type=\"font/woff2\" crossorigin=\"anonymous\" />\\n\n<style>\\n\n@font-face {\\n\n font-family: \"Instrument Sans\";\\n\n font-style: normal;\\n\n font-weight: 400;\\n\n font-display: swap;\\n\n src: url(\"/build/assets/instrument-sans-400-normal-DRC__1Mx.woff2\") format(\"woff2\");\\n\n unicode-range: U+0000-00FF,U+0131,U+0152-0153,U+02BB-02BC,U+02C6,U+02DA,U+02DC,U+0304,U+0308,U+0329,U+2000-206F,U+20AC,U+2122,U+2191,U+2193,U+2212,U+2215,U+FEFF,U+FFFD;\\n\n}\\n\n\\n\n@font-face {\\n\n font-family: \"Instrument Sans\";\\n\n font-style: normal;\\n\n font-weight: 400;\\n\n font-display: swap;\\n\n src: url(\"/build/assets/instrument-sans-400-normal-D1W7dsQl.woff\") format(\"woff\");\\n\n unicode-range: U+0000-00FF,U+0131,U+0152-0153,U+02BB-02BC,U+02C6,U+02DA,U+02DC,U+0304,U+0308,U+0329,U+2000-206F,U+20AC,U+2122,U+2191,U+2193,U+2212,U+2215,U+FEFF,U+FFFD;\\n\n}\\n\n\\n\n@font-face {\\n\n font-family: \"Instrument Sans\";\\n\n font-style: normal;\\n\n font-weight: 400;\\n\n font-display: swap;\\n\n src: url(\"/build/assets/instrument-sans-400-normal-Q_nF8v4l.woff2\") format(\"woff2\");\\n\n unicode-range: U+0100-02BA,U+02BD-02C5,U+02C7-02CC,U+02CE-02D7,U+02DD-02FF,U+0304,U+0308,U+0329,U+1D00-1DBF,U+1E00-1E9F,U+1EF2-1EFF,U+2020,U+20A0-20AB,U+20AD-20C0,U+2113,U+2C60-2C7F,U+A720-A7FF;\\n\n}\\n\n\\n\n@font-face {\\n\n font-family: \"Instrument Sans\";\\n\n font-style: normal;\\n\n font-weight: 400;\\n\n font-display: swap;\\n\n src: url(\"/build/assets/instrument-sans-400-normal-r32jotim.woff\") format(\"woff\");\\n\n unicode-range: U+0100-02BA,U+02BD-02C5,U+02C7-02CC,U+02CE-02D7,U+02DD-02FF,U+0304,U+0308,U+0329,U+1D00-1DBF,U+1E00-1E9F,U+1EF2-1EFF,U+2020,U+20A0-20AB,U+20AD-20C0,U+2113,U+2C60-2C7F,U+A720-A7FF;\\n\n}\\n\n\\n\n@font-face {\\n\n font-family: \"Instrument Sans\";\\n\n font-style: normal;\\n\n font-weight: 500;\\n\n font-display: swap;\\n\n src: url(\"/build/assets/instrument-sans-500-normal-Dk9ku72i.woff2\") format(\"woff2\");\\n\n unicode-range: U+0000-00FF,U+0131,U+0152-0153,U+02BB-02BC,U+02C6,U+02DA,U+02DC,U+0304,U+0308,U+0329,U+2000-206F,U+20AC,U+2122,U+2191,U+2193,U+2212,U+2215,U+FEFF,U+FFFD;\\n\n}\\n\n\\n\n@font-face {\\n\n font-family: \"Instrument Sans\";\\n\n font-style: normal;\\n\n font-weight: 500;\\n\n font-display: swap;\\n\n src: url(\"/build/assets/instrument-sans-500-normal-Z6ESRlEs.woff\") format(\"woff\");\\n\n unicode-range: U+0000-00FF,U+0131,U+0152-0153,U+02BB-02BC,U+02C6,U+02DA,U+02DC,U+0304,U+0308,U+0329,U+2000-206F,U+20AC,U+2122,U+2191,U+2193,U+2212,U+2215,U+FEFF,U+FFFD;\\n\n}\\n\n\\n\n@font-face {\\n\n font-family: \"Instrument Sans\";\\n\n font-style: normal;\\n\n font-weight: 500;\\n\n font-display: swap;\\n\n src: url(\"/build/assets/instrument-sans-500-normal-CTEe1bJa.woff2\") format(\"woff2\");\\n\n unicode-range: U+0100-02BA,U+02BD-02C5,U+02C7-02CC,U+02CE-02D7,U+02DD-02FF,U+0304,U+0308,U+0329,U+1D00-1DBF,U+1E00-1E9F,U+1EF2-1EFF,U+2020,U+20A0-20AB,U+20AD-20C0,U+2113,U+2C60-2C7F,U+A720-A7FF;\\n\n}\\n\n\\n\n@font-face {\\n\n font-family: \"Instrument Sans\";\\n\n font-style: normal;\\n\n font-weight: 500;\\n\n font-display: swap;\\n\n src: url(\"/build/assets/instrument-sans-500-normal-CAxz3nsc.woff\") format(\"woff\");\\n\n unicode-range: U+0100-02BA,U+02BD-02C5,U+02C7-02CC,U+02CE-02D7,U+02DD-02FF,U+0304,U+0308,U+0329,U+1D00-1DBF,U+1E00-1E9F,U+1EF2-1EFF,U+2020,U+20A0-20AB,U+20AD-20C0,U+2113,U+2C60-2C7F,U+A720-A7FF;\\n\n}\\n\n\\n\n@font-face {\\n\n font-family: \"Instrument Sans\";\\n\n font-style: normal;\\n\n font-weight: 600;\\n\n font-display: swap;\\n\n src: url(\"/build/assets/instrument-sans-600-normal-B7fBEWYG.woff2\") format(\"woff2\");\\n\n unicode-range: U+0000-00FF,U+0131,U+0152-0153,U+02BB-02BC,U+02C6,U+02DA,U+02DC,U+0304,U+0308,U+0329,U+2000-206F,U+20AC,U+2122,U+2191,U+2193,U+2212,U+2215,U+FEFF,U+FFFD;\\n\n}\\n\n\\n\n@font-face {\\n\n font-family: \"Instrument Sans\";\\n\n font-style: normal;\\n\n font-weight: 600;\\n\n font-display: swap;\\n\n src: url(\"/build/assets/instrument-sans-600-normal-B9e8oLYv.woff\") format(\"woff\");\\n\n unicode-range: U+0000-00FF,U+0131,U+0152-0153,U+02BB-02BC,U+02C6,U+02DA,U+02DC,U+0304,U+0308,U+0329,U+2000-206F,U+20AC,U+2122,U+2191,U+2193,U+2212,U+2215,U+FEFF,U+FFFD;\\n\n}\\n\n\\n\n@font-face {\\n\n font-family: \"Instrument Sans\";\\n\n font-style: normal;\\n\n font-weight: 600;\\n\n font-display: swap;\\n\n src: url(\"/build/assets/instrument-sans-600-normal-BsaQcF38.woff2\") format(\"woff2\");\\n\n unicode-range: U+0100-02BA,U+02BD-02C5,U+02C7-02CC,U+02CE-02D7,U+02DD-02FF,U+0304,U+0308,U+0329,U+1D00-1DBF,U+1E00-1E9F,U+1EF2-1EFF,U+2020,U+20A0-20AB,U+20AD-20C0,U+2113,U+2C60-2C7F,U+A720-A7FF;\\n\n}\\n\n\\n\n@font-face {\\n\n font-family: \"Instrument Sans\";\\n\n font-style: normal;\\n\n font-weight: 600;\\n\n font-display: swap;\\n\n src: url(\"/build/assets/instrument-sans-600-normal-DMks36a2.woff\") format(\"woff\");\\n\n unicode-range: U+0100-02BA,U+02BD-02C5,U+02C7-02CC,U+02CE-02D7,U+02DD-02FF,U+0304,U+0308,U+0329,U+1D00-1DBF,U+1E00-1E9F,U+1EF2-1EFF,U+2020,U+20A0-20AB,U+20AD-20C0,U+2113,U+2C60-2C7F,U+A720-A7FF;\\n\n}\\n\n\\n\n:root {\\n\n --font-instrument-sans: \"Instrument Sans\", \"Instrument Sans fallback\";\\n\n}\\n\n\\n\n.font-instrument-sans {\\n\n font-family: var(--font-instrument-sans);\\n\n}\\n\n</style>\\n\n<link rel=\"preload\" as=\"style\" href=\"http://localhost:8000/build/assets/app-B4fu3CMk.css\" /><link rel=\"modulepreload\" as=\"script\" href=\"http://localhost:8000/build/assets/app-BvRk9kiK.js\" /><link rel=\"stylesheet\" href=\"http://localhost:8000/build/assets/app-B4fu3CMk.css\" data-navigate-track=\"reload\" /><script type=\"module\" src=\"http://localhost:8000/build/assets/app-BvRk9kiK.js\" data-navigate-track=\"reload\"></script><style>\\n\n :root.dark {\\n\n color-scheme: dark;\\n\n }\\n\n</style>\\n\n<script>\\n\n window.Flux = {\\n\n applyAppearance (appearance) {\\n\n let applyDark = () => document.documentElement.classList.add('dark')\\n\n let applyLight = () => document.documentElement.classList.remove('dark')\\n\n\\n\n if (appearance === 'system') {\\n\n let media = window.matchMedia('(prefers-color-scheme: dark)')\\n\n\\n\n window.localStorage.removeItem('flux.appearance')\\n\n\\n\n media.matches ? applyDark() : applyLight()\\n\n } else if (appearance === 'dark') {\\n\n window.localStorage.setItem('flux.appearance', 'dark')\\n\n\\n\n applyDark()\\n\n } else if (appearance === 'light') {\\n\n window.localStorage.setItem('flux.appearance', 'light')\\n\n\\n\n applyLight()\\n\n }\\n\n }\\n\n }\\n\n\\n\n window.Flux.applyAppearance(window.localStorage.getItem('flux.appearance') || 'system')\\n\n</script>\\n\n <style>\\n\n [x-cloak] { display: none !important; }\\n\n </style>\\n\n<!-- Livewire Styles --><style >[wire\\:loading][wire\\:loading], [wire\\:loading\\.delay][wire\\:loading\\.delay], [wire\\:loading\\.list-item][wire\\:loading\\.list-item], [wire\\:loading\\.inline-block][wire\\:loading\\.inline-block], [wire\\:loading\\.inline][wire\\:loading\\.inline], [wire\\:loading\\.block][wire\\:loading\\.block], [wire\\:loading\\.flex][wire\\:loading\\.flex], [wire\\:loading\\.table][wire\\:loading\\.table], [wire\\:loading\\.grid][wire\\:loading\\.grid], [wire\\:loading\\.inline-flex][wire\\:loading\\.inline-flex] {display: none;}[wire\\:loading\\.delay\\.none][wire\\:loading\\.delay\\.none], [wire\\:loading\\.delay\\.shortest][wire\\:loading\\.delay\\.shortest], [wire\\:loading\\.delay\\.shorter][wire\\:loading\\.delay\\.shorter], [wire\\:loading\\.delay\\.short][wire\\:loading\\.delay\\.short], [wire\\:loading\\.delay\\.default][wire\\:loading\\.delay\\.default], [wire\\:loading\\.delay\\.long][wire\\:loading\\.delay\\.long], [wire\\:loading\\.delay\\.longer][wire\\:loading\\.delay\\.longer], [wire\\:loading\\.delay\\.longest][wire\\:loading\\.delay\\.longest] {display: none;}[wire\\:offline][wire\\:offline] {display: none;}[wire\\:dirty]:not(textarea):not(input):not(select) {display: none;}:root {--livewire-progress-bar-color: #2299dd;}[x-cloak] {display: none !important;}[wire\\:cloak] {display: none !important;}dialog#livewire-error::backdrop {background-color: rgba(0, 0, 0, .6);}</style>\\n\n</head>\\n\n<body class=\"min-h-screen bg-zinc-50 dark:bg-zinc-900 text-zinc-900 dark:text-zinc-100\">\\n\n <div\\n\n x-data=\"layout()\"\\n\n x-init=\"init()\"\\n\n class=\"flex min-h-screen\"\\n\n >\\n\n \\n\n \\n\n \\n\n \\n\n <aside\\n\n :style=\"sidebarOpen ? 'translate: none;' : ''\"\\n\n class=\"flex w-64 min-h-0 flex-col border-e border-zinc-200 bg-white dark:border-zinc-700 dark:bg-zinc-800 transition-transform duration-200 ease-in-out max-lg:fixed max-lg:inset-y-0 max-lg:left-0 max-lg:z-50 max-lg:-translate-x-full\"\\n\n >\\n\n \\n\n <div class=\"flex items-center justify-between px-4 py-3\">\\n\n <a href=\"http://localhost:8000/dashboard\" wire:navigate class=\"flex items-center gap-2\">\\n\n <svg xmlns=\"http://www.w3.org/2000/svg\" viewBox=\"0 0 40 42\" class=\"h-8 w-auto text-accent-content\">\\n\n <path \\n\n fill=\"currentColor\" \\n\n fill-rule=\"evenodd\" \\n\n clip-rule=\"evenodd\"\\n\n d=\"M17.2 5.633 8.6.855 0 5.633v26.51l16.2 9 16.2-9v-8.442l7.6-4.223V9.856l-8.6-4.777-8.6 4.777V18.3l-5.6 3.111V5.633ZM38 18.301l-5.6 3.11v-6.157l5.6-3.11V18.3Zm-1.06-7.856-5.54 3.078-5.54-3.079 5.54-3.078 5.54 3.079ZM24.8 18.3v-6.157l5.6 3.111v6.158L24.8 18.3Zm-1 1.732 5.54 3.078-13.14 7.302-5.54-3.078 13.14-7.3v-.002Zm-16.2 7.89 7.6 4.222V38.3L2 30.966V7.92l5.6 3.111v16.892ZM8.6 9.3 3.06 6.222 8.6 3.143l5.54 3.08L8.6 9.3Zm21.8 15.51-13.2 7.334V38.3l13.2-7.334v-6.156ZM9.6 11.034l5.6-3.11v14.6l-5.6 3.11v-14.6Z\"\\n\n />\\n\n</svg>\\n\n <span class=\"text-lg font-bold hidden sm:inline\">Laravel</span>\\n\n </a>\\n\n <button @click=\"sidebarOpen = false\" class=\"lg:hidden p-1 rounded-md hover:bg-zinc-100 dark:hover:bg-zinc-700\">\\n\n <svg class=\"w-5 h-5\" fill=\"none\" viewBox=\"0 0 24 24\" stroke-width=\"1.5\" stroke=\"currentColor\">\\n\n <path stroke-linecap=\"round\" stroke-linejoin=\"round\" d=\"M6 18L18 6M6 6l12 12\" />\\n\n </svg>\\n\n </button>\\n\n </div>\\n\n\\n\n \\n\n <div class=\"shrink-0 px-4 pb-2\">\\n\n <span class=\"inline-flex items-center rounded-full bg-zinc-100 dark:bg-zinc-700 px-2.5 py-0.5 text-xs font-medium text-zinc-600 dark:text-zinc-300\">\\n\n Tutor\\n\n </span>\\n\n </div>\\n\n\\n\n \\n\n <nav class=\"min-h-0 flex-1 overflow-y-auto px-3 py-2 space-y-1\">\\n\n <div wire:key=\"lw-567624513-0-7\" wire:snapshot=\"{&quot;data&quot;:{&quot;menuGroups&quot;:[{&quot;General&quot;:[[[{&quot;label&quot;:&quot;Dashboard&quot;,&quot;route&quot;:&quot;dashboard&quot;,&quot;route_prefix&quot;:&quot;dashboard&quot;,&quot;params&quot;:[[],{&quot;s&quot;:&quot;arr&quot;}],&quot;svg&quot;:&quot;&lt;svg class=\\&quot;w-5 h-5 shrink-0\\&quot; fill=\\&quot;none\\&quot; viewBox=\\&quot;0 0 24 24\\&quot; stroke-width=\\&quot;1.5\\&quot; stroke=\\&quot;currentColor\\&quot;&gt;&lt;path stroke-linecap=\\&quot;round\\&quot; stroke-linejoin=\\&quot;round\\&quot; d=\\&quot;M2.25 12l8.954-8.955a1.126 1.126 0 011.591 0L21.75 12M4.5 9.75v10.125c0 .621.504 1.125 1.125 1.125H9.75v-4.875c0-.621.504-1.125 1.125-1.125h2.25c.621 0 1.125.504 1.125 1.125V21h4.125c.621 0 1.125-.504 1.125-1.125V9.75M8.25 21h8.25\\&quot;\\/&gt;&lt;\\/svg&gt;&quot;,&quot;visible&quot;:true},{&quot;s&quot;:&quot;arr&quot;}]],{&quot;s&quot;:&quot;arr&quot;}],&quot;Cat\\u00e1logos&quot;:[[[{&quot;label&quot;:&quot;Cat\\u00e1logos&quot;,&quot;route&quot;:&quot;catalogos.index&quot;,&quot;route_prefix&quot;:&quot;catalogos&quot;,&quot;params&quot;:[[],{&quot;s&quot;:&quot;arr&quot;}],&quot;svg&quot;:&quot;&lt;svg class=\\&quot;w-5 h-5 shrink-0\\&quot; fill=\\&quot;none\\&quot; viewBox=\\&quot;0 0 24 24\\&quot; stroke-width=\\&quot;1.5\\&quot; stroke=\\&quot;currentColor\\&quot;&gt;&lt;path stroke-linecap=\\&quot;round\\&quot; stroke-linejoin=\\&quot;round\\&quot; d=\\&quot;M4.26 10.147a60.438 60.438 0 0 0-.491 6.347A48.62 48.62 0 0 1 12 20.904a48.62 48.62 0 0 1 8.232-4.41 60.46 60.46 0 0 0-.491-6.347m-15.482 0a50.636 50.636 0 0 0-2.658-.813A59.906 59.906 0 0 1 12 3.493a59.903 59.903 0 0 1 10.399 5.84c-.896.248-1.783.52-2.658.814m-15.482 0A50.717 50.717 0 0 1 12 13.489a50.702 50.702 0 0 1 7.74-3.342M6.75 15a.75.75 0 1 0 0-1.5.75.75 0 0 0 0 1.5Zm0 0v-3.675A55.378 55.378 0 0 1 12 8.443m-7.007 11.55A5.981 5.981 0 0 0 6.75 15.75v-1.5\\&quot;\\/&gt;&lt;\\/svg&gt;&quot;,&quot;visible&quot;:false},{&quot;s&quot;:&quot;arr&quot;}],[{&quot;label&quot;:&quot;Materias&quot;,&quot;route&quot;:&quot;materias.index&quot;,&quot;route_prefix&quot;:&quot;materias&quot;,&quot;params&quot;:[[],{&quot;s&quot;:&quot;arr&quot;}],&quot;svg&quot;:&quot;&lt;svg class=\\&quot;w-5 h-5 shrink-0\\&quot; fill=\\&quot;none\\&quot; viewBox=\\&quot;0 0 24 24\\&quot; stroke-width=\\&quot;1.5\\&quot; stroke=\\&quot;currentColor\\&quot;&gt;&lt;path stroke-linecap=\\&quot;round\\&quot; stroke-linejoin=\\&quot;round\\&quot; d=\\&quot;M12 6.042A8.967 8.967 0 0 0 6 3.75c-1.052 0-2.062.18-3 .512v14.25A8.987 8.987 0 0 1 6 18c2.305 0 4.408.867 6 2.292m0-14.25a8.966 8.966 0 0 1 6-2.292c1.052 0 2.062.18 3 .512v14.25A8.987 8.987 0 0 0 18 18a8.967 8.967 0 0 0-6 2.292m0-14.25v14.25\\&quot;\\/&gt;&lt;\\/svg&gt;&quot;,&quot;visible&quot;:false},{&quot;s&quot;:&quot;arr&quot;}],[{&quot;label&quot;:&quot;Usuarios&quot;,&quot;route&quot;:&quot;usuarios.index&quot;,&quot;route_prefix&quot;:&quot;usuarios&quot;,&quot;params&quot;:[[],{&quot;s&quot;:&quot;arr&quot;}],&quot;svg&quot;:&quot;&lt;svg class=\\&quot;w-5 h-5 shrink-0\\&quot; fill=\\&quot;none\\&quot; viewBox=\\&quot;0 0 24 24\\&quot; stroke-width=\\&quot;1.5\\&quot; stroke=\\&quot;currentColor\\&quot;&gt;&lt;path stroke-linecap=\\&quot;round\\&quot; stroke-linejoin=\\&quot;round\\&quot; d=\\&quot;M15 19.128a9.38 9.38 0 0 0 2.625.372 9.337 9.337 0 0 0 4.121-.952 4.125 4.125 0 0 0-7.533-2.493M15 19.128v-.003c0-1.113-.285-2.16-.786-3.07M15 19.128v.106A12.318 12.318 0 0 1 8.624 21c-2.331 0-4.512-.645-6.374-1.766l-.001-.109a6.375 6.375 0 0 1 11.964-3.07M12 6.375a3.375 3.375 0 1 1-6.75 0 3.375 3.375 0 0 1 6.75 0Zm8.25 2.25a2.625 2.625 0 1 1-5.25 0 2.625 2.625 0 0 1 5.25 0Z\\&quot;\\/&gt;&lt;\\/svg&gt;&quot;,&quot;visible&quot;:false},{&quot;s&quot;:&quot;arr&quot;}]],{&quot;s&quot;:&quot;arr&quot;}],&quot;Acad\\u00e9mico&quot;:[[[{&quot;label&quot;:&quot;Grupos&quot;,&quot;route&quot;:&quot;grupos.index&quot;,&quot;route_prefix&quot;:&quot;grupos&quot;,&quot;params&quot;:[[],{&quot;s&quot;:&quot;arr&quot;}],&quot;svg&quot;:&quot;&lt;svg class=\\&quot;w-5 h-5 shrink-0\\&quot; fill=\\&quot;none\\&quot; viewBox=\\&quot;0 0 24 24\\&quot; stroke-width=\\&quot;1.5\\&quot; stroke=\\&quot;currentColor\\&quot;&gt;&lt;path stroke-linecap=\\&quot;round\\&quot; stroke-linejoin=\\&quot;round\\&quot; d=\\&quot;M18 18.72a9.094 9.094 0 0 0 3.741-.479 3 3 0 0 0-4.682-2.72m.94 3.198.001.031c0 .225-.012.447-.037.666A11.944 11.944 0 0 1 12 21c-2.17 0-4.207-.576-5.963-1.584A6.062 6.062 0 0 1 6 18.719m12 0a5.971 5.971 0 0 0-.941-3.197m0 0A5.995 5.995 0 0 0 12 12.75a5.995 5.995 0 0 0-5.058 2.772m0 0a3 3 0 0 0-4.681 2.72 8.986 8.986 0 0 0 3.74.477m.94-3.197a5.971 5.971 0 0 0-.94 3.197M15 6.75a3 3 0 1 1-6 0 3 3 0 0 1 6 0Zm6 3a2.25 2.25 0 1 1-4.5 0 2.25 2.25 0 0 1 4.5 0Zm-13.5 0a2.25 2.25 0 1 1-4.5 0 2.25 2.25 0 0 1 4.5 0Z\\&quot;\\/&gt;&lt;\\/svg&gt;&quot;,&quot;visible&quot;:false},{&quot;s&quot;:&quot;arr&quot;}],[{&quot;label&quot;:&quot;Alumnos&quot;,&quot;route&quot;:&quot;alumnos.index&quot;,&quot;route_prefix&quot;:&quot;alumnos&quot;,&quot;params&quot;:[[],{&quot;s&quot;:&quot;arr&quot;}],&quot;svg&quot;:&quot;&lt;svg class=\\&quot;w-5 h-5 shrink-0\\&quot; fill=\\&quot;none\\&quot; viewBox=\\&quot;0 0 24 24\\&quot; stroke-width=\\&quot;1.5\\&quot; stroke=\\&quot;currentColor\\&quot;&gt;&lt;path stroke-linecap=\\&quot;round\\&quot; stroke-linejoin=\\&quot;round\\&quot; d=\\&quot;M15.75 6a3.75 3.75 0 1 1-7.5 0 3.75 3.75 0 0 1 7.5 0ZM4.501 20.118a7.5 7.5 0 0 1 14.998 0A17.933 17.933 0 0 1 12 21.75c-2.676 0-5.216-.584-7.499-1.632Z\\&quot;\\/&gt;&lt;\\/svg&gt;&quot;,&quot;visible&quot;:false},{&quot;s&quot;:&quot;arr&quot;}],[{&quot;label&quot;:&quot;Calificaciones&quot;,&quot;route&quot;:&quot;calificaciones.index&quot;,&quot;route_prefix&quot;:&quot;calificaciones&quot;,&quot;params&quot;:[[],{&quot;s&quot;:&quot;arr&quot;}],&quot;svg&quot;:&quot;&lt;svg class=\\&quot;w-5 h-5 shrink-0\\&quot; fill=\\&quot;none\\&quot; viewBox=\\&quot;0 0 24 24\\&quot; stroke-width=\\&quot;1.5\\&quot; stroke=\\&quot;currentColor\\&quot;&gt;&lt;path stroke-linecap=\\&quot;round\\&quot; stroke-linejoin=\\&quot;round\\&quot; d=\\&quot;M9 12h3.75M9 15h3.75M9 18h3.75m3 .75H18a2.25 2.25 0 0 0 2.25-2.25V6.108c0-1.135-.845-2.098-1.976-2.192a48.424 48.424 0 0 0-1.123-.08m-5.801 0c-.065.21-.1.433-.1.664 0 .414.336.75.75.75h4.5a.75.75 0 0 0 .75-.75 2.25 2.25 0 0 0-.1-.664m-5.8 0A2.251 2.251 0 0 1 13.5 2.25H15a2.25 2.25 0 0 1 2.15 1.586m-5.8 0c-.376.023-.75.05-1.124.08C9.095 4.01 8.25 4.973 8.25 6.108V8.25m0 0H4.875c-.621 0-1.125.504-1.125 1.125v11.25c0 .621.504 1.125 1.125 1.125h9.75c.621 0 1.125-.504 1.125-1.125V9.375c0-.621-.504-1.125-1.125-1.125H8.25ZM6.75 12h.008v.008H6.75V12Zm0 3h.008v.008H6.75V15Zm0 3h.008v.008H6.75V18Z\\&quot;\\/&gt;&lt;\\/svg&gt;&quot;,&quot;visible&quot;:false},{&quot;s&quot;:&quot;arr&quot;}],[{&quot;label&quot;:&quot;Asistencia&quot;,&quot;route&quot;:&quot;asistencia.index&quot;,&quot;route_prefix&quot;:&quot;asistencia&quot;,&quot;params&quot;:[[],{&quot;s&quot;:&quot;arr&quot;}],&quot;svg&quot;:&quot;&lt;svg class=\\&quot;w-5 h-5 shrink-0\\&quot; fill=\\&quot;none\\&quot; viewBox=\\&quot;0 0 24 24\\&quot; stroke-width=\\&quot;1.5\\&quot; stroke=\\&quot;currentColor\\&quot;&gt;&lt;path stroke-linecap=\\&quot;round\\&quot; stroke-linejoin=\\&quot;round\\&quot; d=\\&quot;M6.75 3v2.25M17.25 3v2.25M3 18.75V7.5a2.25 2.25 0 0 1 2.25-2.25h13.5A2.25 2.25 0 0 1 21 7.5v11.25m-18 0A2.25 2.25 0 0 0 5.25 21h13.5A2.25 2.25 0 0 0 21 18.75m-18 0v-7.5A2.25 2.25 0 0 1 5.25 9h13.5A2.25 2.25 0 0 1 21 11.25v7.5m-9-6h.008v.008H12v-.008ZM12 15h.008v.008H12V15Zm0 2.25h.008v.008H12v-.008ZM9.75 15h.008v.008H9.75V15Zm0 2.25h.008v.008H9.75v-.008ZM7.5 15h.008v.008H7.5V15Zm0 2.25h.008v.008H7.5v-.008Zm6.75-4.5h.008v.008h-.008v-.008Zm0 2.25h.008v.008h-.008V15Zm0 2.25h.008v.008h-.008v-.008Zm2.25-4.5h.008v.008H16.5v-.008Zm0 2.25h.008v.008H16.5V15Z\\&quot;\\/&gt;&lt;\\/svg&gt;&quot;,&quot;visible&quot;:false},{&quot;s&quot;:&quot;arr&quot;}],[{&quot;label&quot;:&quot;Reinscripciones&quot;,&quot;route&quot;:&quot;reinscripciones.index&quot;,&quot;route_prefix&quot;:&quot;reinscripciones&quot;,&quot;params&quot;:[[],{&quot;s&quot;:&quot;arr&quot;}],&quot;svg&quot;:&quot;&lt;svg class=\\&quot;w-5 h-5 shrink-0\\&quot; fill=\\&quot;none\\&quot; viewBox=\\&quot;0 0 24 24\\&quot; stroke-width=\\&quot;1.5\\&quot; stroke=\\&quot;currentColor\\&quot;&gt;&lt;path stroke-linecap=\\&quot;round\\&quot; stroke-linejoin=\\&quot;round\\&quot; d=\\&quot;M16.023 9.348h4.992v-.001M2.985 19.644v-4.992m0 0h4.992m-4.993 0l3.181 3.183a8.25 8.25 0 0013.803-3.7M4.031 9.865a8.25 8.25 0 0113.803-3.7l3.181 3.182M2.985 19.644l3.181-3.182\\&quot;\\/&gt;&lt;\\/svg&gt;&quot;,&quot;visible&quot;:false},{&quot;s&quot;:&quot;arr&quot;}]],{&quot;s&quot;:&quot;arr&quot;}],&quot;Reportes&quot;:[[[{&quot;label&quot;:&quot;Boleta&quot;,&quot;route&quot;:&quot;boleta.index&quot;,&quot;route_prefix&quot;:&quot;boleta&quot;,&quot;params&quot;:[[],{&quot;s&quot;:&quot;arr&quot;}],&quot;svg&quot;:&quot;&lt;svg class=\\&quot;w-5 h-5 shrink-0\\&quot; fill=\\&quot;none\\&quot; viewBox=\\&quot;0 0 24 24\\&quot; stroke-width=\\&quot;1.5\\&quot; stroke=\\&quot;currentColor\\&quot;&gt;&lt;path stroke-linecap=\\&quot;round\\&quot; stroke-linejoin=\\&quot;round\\&quot; d=\\&quot;M19.5 14.25v-2.625a3.375 3.375 0 0 0-3.375-3.375h-1.5A1.125 1.125 0 0 1 13.5 7.125v-1.5a3.375 3.375 0 0 0-3.375-3.375H8.25m0 12.75h7.5m-7.5 3H12M10.5 2.25H5.625c-.621 0-1.125.504-1.125 1.125v17.25c0 .621.504 1.125 1.125 1.125h12.75c.621 0 1.125-.504 1.125-1.125V11.25a9 9 0 0 0-9-9Z\\&quot;\\/&gt;&lt;\\/svg&gt;&quot;,&quot;visible&quot;:true},{&quot;s&quot;:&quot;arr&quot;}],[{&quot;label&quot;:&quot;Reportes&quot;,&quot;route&quot;:&quot;reportes.index&quot;,&quot;route_prefix&quot;:&quot;reportes&quot;,&quot;params&quot;:[[],{&quot;s&quot;:&quot;arr&quot;}],&quot;svg&quot;:&quot;&lt;svg class=\\&quot;w-5 h-5 shrink-0\\&quot; fill=\\&quot;none\\&quot; viewBox=\\&quot;0 0 24 24\\&quot; stroke-width=\\&quot;1.5\\&quot; stroke=\\&quot;currentColor\\&quot;&gt;&lt;path stroke-linecap=\\&quot;round\\&quot; stroke-linejoin=\\&quot;round\\&quot; d=\\&quot;M3 13.125C3 12.504 3.504 12 4.125 12h2.25c.621 0 1.125.504 1.125 1.125v6.75C7.5 20.496 6.996 21 6.375 21h-2.25A1.125 1.125 0 0 1 3 19.875v-6.75ZM9.75 8.625c0-.621.504-1.125 1.125-1.125h2.25c.621 0 1.125.504 1.125 1.125v11.25c0 .621-.504 1.125-1.125 1.125h-2.25a1.125 1.125 0 0 1-1.125-1.125V8.625ZM16.5 4.125c0-.621.504-1.125 1.125-1.125h2.25C20.496 3 21 3.504 21 4.125v15.75c0 .621-.504 1.125-1.125 1.125h-2.25a1.125 1.125 0 0 1-1.125-1.125V4.125Z\\&quot;\\/&gt;&lt;\\/svg&gt;&quot;,&quot;visible&quot;:false},{&quot;s&quot;:&quot;arr&quot;}]],{&quot;s&quot;:&quot;arr&quot;}],&quot;Tutor&quot;:[[[{&quot;label&quot;:&quot;Tutor Dashboard&quot;,&quot;route&quot;:&quot;tutor.dashboard&quot;,&quot;route_prefix&quot;:&quot;tutor&quot;,&quot;params&quot;:[[],{&quot;s&quot;:&quot;arr&quot;}],&quot;svg&quot;:&quot;&lt;svg class=\\&quot;w-5 h-5 shrink-0\\&quot; fill=\\&quot;none\\&quot; viewBox=\\&quot;0 0 24 24\\&quot; stroke-width=\\&quot;1.5\\&quot; stroke=\\&quot;currentColor\\&quot;&gt;&lt;path stroke-linecap=\\&quot;round\\&quot; stroke-linejoin=\\&quot;round\\&quot; d=\\&quot;M9 12.75 11.25 15 15 9.75M21 12a9 9 0 1 1-18 0 9 9 0 0 1 18 0Z\\&quot;\\/&gt;&lt;\\/svg&gt;&quot;,&quot;visible&quot;:true},{&quot;s&quot;:&quot;arr&quot;}]],{&quot;s&quot;:&quot;arr&quot;}]},{&quot;s&quot;:&quot;arr&quot;}]},&quot;memo&quot;:{&quot;id&quot;:&quot;MfIbG5ewZ1MFXj9Xw5BV&quot;,&quot;name&quot;:&quot;nav-sidebar&quot;,&quot;path&quot;:&quot;dashboard&quot;,&quot;method&quot;:&quot;GET&quot;,&quot;release&quot;:&quot;a-a-a&quot;,&quot;children&quot;:[],&quot;scripts&quot;:[],&quot;assets&quot;:[],&quot;errors&quot;:[],&quot;locale&quot;:&quot;en&quot;,&quot;islands&quot;:[]},&quot;checksum&quot;:&quot;21a9d79b8f45b7080be67f9126367ff795c7c8474f08cf4389b16cc1aa258a03&quot;}\" wire:effects=\"[]\" wire:id=\"MfIbG5ewZ1MFXj9Xw5BV\" wire:name=\"nav-sidebar\" class=\"space-y-1\">\\n\n <!--[if BLOCK]><![endif]--> <!--[if BLOCK]><![endif]--> <p class=\"px-3 py-1 text-xs font-semibold uppercase tracking-wider text-zinc-500 dark:text-zinc-400\">\\n\n General\\n\n </p>\\n\n <!--[if BLOCK]><![endif]--> <a\\n\n href=\"http://localhost:8000/dashboard\"\\n\n wire:navigate\\n\n class=\"flex items-center gap-3 px-3 py-2 rounded-lg text-sm font-medium transition-colors bg-zinc-200 dark:bg-zinc-700 text-zinc-900 dark:text-white\"\\n\n >\\n\n <svg class=\"w-5 h-5 shrink-0\" fill=\"none\" viewBox=\"0 0 24 24\" stroke-width=\"1.5\" stroke=\"currentColor\"><path stroke-linecap=\"round\" stroke-linejoin=\"round\" d=\"M2.25 12l8.954-8.955a1.126 1.126 0 011.591 0L21.75 12M4.5 9.75v10.125c0 .621.504 1.125 1.125 1.125H9.75v-4.875c0-.621.504-1.125 1.125-1.125h2.25c.621 0 1.125.504 1.125 1.125V21h4.125c.621 0 1.125-.504 1.125-1.125V9.75M8.25 21h8.25\"/></svg>\\n\n <span>Dashboard</span>\\n\n </a>\\n\n <!--[if ENDBLOCK]><![endif]--> <!--[if ENDBLOCK]><![endif]--> <!--[if BLOCK]><![endif]--><!--[if ENDBLOCK]><![endif]--> <!--[if BLOCK]><![endif]--><!--[if ENDBLOCK]><![endif]--> <!--[if BLOCK]><![endif]--> <p class=\"px-3 py-1 text-xs font-semibold uppercase tracking-wider text-zinc-500 dark:text-zinc-400\">\\n\n Reportes\\n\n </p>\\n\n <!--[if BLOCK]><![endif]--> <a\\n\n href=\"http://localhost:8000/boleta\"\\n\n wire:navigate\\n\n class=\"flex items-center gap-3 px-3 py-2 rounded-lg text-sm font-medium transition-colors text-zinc-600 dark:text-zinc-400 hover:bg-zinc-100 dark:hover:bg-zinc-700/50 hover:text-zinc-900 dark:hover:text-white\"\\n\n >\\n\n <svg class=\"w-5 h-5 shrink-0\" fill=\"none\" viewBox=\"0 0 24 24\" stroke-width=\"1.5\" stroke=\"currentColor\"><path stroke-linecap=\"round\" stroke-linejoin=\"round\" d=\"M19.5 14.25v-2.625a3.375 3.375 0 0 0-3.375-3.375h-1.5A1.125 1.125 0 0 1 13.5 7.125v-1.5a3.375 3.375 0 0 0-3.375-3.375H8.25m0 12.75h7.5m-7.5 3H12M10.5 2.25H5.625c-.621 0-1.125.504-1.125 1.125v17.25c0 .621.504 1.125 1.125 1.125h12.75c.621 0 1.125-.504 1.125-1.125V11.25a9 9 0 0 0-9-9Z\"/></svg>\\n\n <span>Boleta</span>\\n\n </a>\\n\n <!--[if ENDBLOCK]><![endif]--> <!--[if ENDBLOCK]><![endif]--> <!--[if BLOCK]><![endif]--> <p class=\"px-3 py-1 text-xs font-semibold uppercase tracking-wider text-zinc-500 dark:text-zinc-400\">\\n\n Tutor\\n\n </p>\\n\n <!--[if BLOCK]><![endif]--> <a\\n\n href=\"http://localhost:8000/tutor\"\\n\n wire:navigate\\n\n class=\"flex items-center gap-3 px-3 py-2 rounded-lg text-sm font-medium transition-colors text-zinc-600 dark:text-zinc-400 hover:bg-zinc-100 dark:hover:bg-zinc-700/50 hover:text-zinc-900 dark:hover:text-white\"\\n\n >\\n\n <svg class=\"w-5 h-5 shrink-0\" fill=\"none\" viewBox=\"0 0 24 24\" stroke-width=\"1.5\" stroke=\"currentColor\"><path stroke-linecap=\"round\" stroke-linejoin=\"round\" d=\"M9 12.75 11.25 15 15 9.75M21 12a9 9 0 1 1-18 0 9 9 0 0 1 18 0Z\"/></svg>\\n\n <span>Tutor Dashboard</span>\\n\n </a>\\n\n <!--[if ENDBLOCK]><![endif]--> <!--[if ENDBLOCK]><![endif]--> <!--[if ENDBLOCK]><![endif]--></div>\\n\n </nav>\\n\n\\n\n \\n\n \\n\n <div class=\"shrink-0 hidden lg:block border-t border-zinc-200 dark:border-zinc-700 p-2\">\\n\n <div x-data=\"{ open: false }\" class=\"relative\">\\n\n <button @click=\"open = !open\" @click.away=\"open = false\" class=\"flex w-full items-center gap-2 rounded-lg p-2 text-sm hover:bg-zinc-100 dark:hover:bg-zinc-700 transition-colors\">\\n\n <span class=\"flex h-7 w-7 items-center justify-center rounded-full bg-zinc-200 dark:bg-zinc-600 text-xs font-semibold text-zinc-600 dark:text-zinc-300\">\\n\n KF\\n\n </span>\\n\n <span class=\"flex-1 text-left truncate font-medium\">Kaelyn Feest</span>\\n\n <svg class=\"w-4 h-4 text-zinc-400 shrink-0\" fill=\"none\" viewBox=\"0 0 24 24\" stroke-width=\"1.5\" stroke=\"currentColor\">\\n\n <path stroke-linecap=\"round\" stroke-linejoin=\"round\" d=\"M8.25 15L12 18.75 15.75 15m-7.5-6L12 5.25 15.75 9\" />\\n\n </svg>\\n\n </button>\\n\n\\n\n <div x-show=\"open\" x-cloak class=\"absolute bottom-full left-0 right-0 mb-1 rounded-lg border border-zinc-200 dark:border-zinc-700 bg-white dark:bg-zinc-800 shadow-lg overflow-hidden\">\\n\n <div class=\"px-3 py-2 text-xs text-zinc-500 dark:text-zinc-400 border-b border-zinc-100 dark:border-zinc-700\">\\n\n berenice.tremblay@example.net\\n\n </div>\\n\n <a href=\"http://localhost:8000/settings/profile\" wire:navigate class=\"flex items-center gap-2 px-3 py-2 text-sm hover:bg-zinc-100 dark:hover:bg-zinc-700 transition-colors\">\\n\n <svg class=\"w-4 h-4\" fill=\"none\" viewBox=\"0 0 24 24\" stroke-width=\"1.5\" stroke=\"currentColor\">\\n\n <path stroke-linecap=\"round\" stroke-linejoin=\"round\" d=\"M9.594 3.94c.09-.542.56-.94 1.11-.94h2.593c.55 0 1.02.398 1.11.94l.213 1.281c.063.374.313.686.645.87.074.04.147.083.22.127.324.196.72.257 1.075.124l1.217-.456a1.125 1.125 0 011.37.49l1.296 2.247a1.125 1.125 0 01-.26 1.431l-1.003.827c-.293.24-.438.613-.431.992a6.759 6.759 0 010 .255c-.007.378.138.75.43.99l1.005.828c.424.35.534.954.26 1.43l-1.298 2.247a1.125 1.125 0 01-1.369.491l-1.217-.456c-.355-.133-.75-.072-1.076.124a6.57 6.57 0 01-.22.128c-.331.183-.581.495-.644.869l-.213 1.28c-.09.543-.56.941-1.11.941h-2.594c-.55 0-1.02-.398-1.11-.94l-.213-1.281c-.062-.374-.312-.686-.644-.87a6.52 6.52 0 01-.22-.127c-.325-.196-.72-.257-1.076-.124l-1.217.456a1.125 1.125 0 01-1.369-.49l-1.297-2.247a1.125 1.125 0 01.26-1.431l1.004-.827c.292-.24.437-.613.43-.992a6.932 6.932 0 010-.255c.007-.378-.138-.75-.43-.99l-1.004-.828a1.125 1.125 0 01-.26-1.43l1.297-2.247a1.125 1.125 0 011.37-.491l1.216.456c.356.133.751.072 1.076-.124.072-.044.146-.087.22-.128.332-.183.582-.495.644-.869l.214-1.281z\" />\\n\n <path stroke-linecap=\"round\" stroke-linejoin=\"round\" d=\"M15 12a3 3 0 11-6 0 3 3 0 016 0z\" />\\n\n </svg>\\n\n Settings\\n\n </a>\\n\n <form method=\"POST\" action=\"http://localhost:8000/logout\" class=\"w-full\">\\n\n <input type=\"hidden\" name=\"_token\" value=\"R0lePnIUNBlanrgapel0tENHL5rduMqfCQZdEUUN\" autocomplete=\"off\"> <button type=\"submit\" class=\"flex w-full items-center gap-2 px-3 py-2 text-sm text-red-600 dark:text-red-400 hover:bg-red-50 dark:hover:bg-red-900/20 transition-colors\">\\n\n <svg class=\"w-4 h-4\" fill=\"none\" viewBox=\"0 0 24 24\" stroke-width=\"1.5\" stroke=\"currentColor\">\\n\n <path stroke-linecap=\"round\" stroke-linejoin=\"round\" d=\"M15.75 9V5.25A2.25 2.25 0 0013.5 3h-6a2.25 2.25 0 00-2.25 2.25v13.5A2.25 2.25 0 007.5 21h6a2.25 2.25 0 002.25-2.25V15m3 0l3-3m0 0l-3-3m3 3H9\" />\\n\n </svg>\\n\n Log out\\n\n </button>\\n\n </form>\\n\n </div>\\n\n </div>\\n\n </div>\\n\n\\n\n </aside>\\n\n\\n\n \\n\n <div\\n\n x-show=\"sidebarOpen\"\\n\n x-cloak\\n\n @click=\"sidebarOpen = false\"\\n\n class=\"fixed inset-0 z-40 bg-black/50 lg:hidden\"\\n\n ></div>\\n\n\\n\n \\n\n \\n\n \\n\n <div class=\"flex min-w-0 flex-1 flex-col min-h-0 overflow-y-auto\">\\n\n \\n\n <header class=\"sticky top-0 z-30 flex items-center gap-3 border-b border-zinc-200 dark:border-zinc-700 bg-white dark:bg-zinc-800 px-4 py-2 lg:hidden\">\\n\n <button @click=\"sidebarOpen = true\" class=\"p-1 rounded-md hover:bg-zinc-100 dark:hover:bg-zinc-700\">\\n\n <svg class=\"w-6 h-6\" fill=\"none\" viewBox=\"0 0 24 24\" stroke-width=\"1.5\" stroke=\"currentColor\">\\n\n <path stroke-linecap=\"round\" stroke-linejoin=\"round\" d=\"M3.75 6.75h16.5M3.75 12h16.5m-16.5 5.25h16.5\" />\\n\n </svg>\\n\n </button>\\n\n\\n\n <a href=\"http://localhost:8000/dashboard\" wire:navigate class=\"flex items-center gap-1\">\\n\n <svg xmlns=\"http://www.w3.org/2000/svg\" viewBox=\"0 0 40 42\" class=\"h-7 w-auto text-accent-content\">\\n\n <path \\n\n fill=\"currentColor\" \\n\n fill-rule=\"evenodd\" \\n\n clip-rule=\"evenodd\"\\n\n d=\"M17.2 5.633 8.6.855 0 5.633v26.51l16.2 9 16.2-9v-8.442l7.6-4.223V9.856l-8.6-4.777-8.6 4.777V18.3l-5.6 3.111V5.633ZM38 18.301l-5.6 3.11v-6.157l5.6-3.11V18.3Zm-1.06-7.856-5.54 3.078-5.54-3.079 5.54-3.078 5.54 3.079ZM24.8 18.3v-6.157l5.6 3.111v6.158L24.8 18.3Zm-1 1.732 5.54 3.078-13.14 7.302-5.54-3.078 13.14-7.3v-.002Zm-16.2 7.89 7.6 4.222V38.3L2 30.966V7.92l5.6 3.111v16.892ZM8.6 9.3 3.06 6.222 8.6 3.143l5.54 3.08L8.6 9.3Zm21.8 15.51-13.2 7.334V38.3l13.2-7.334v-6.156ZM9.6 11.034l5.6-3.11v14.6l-5.6 3.11v-14.6Z\"\\n\n />\\n\n</svg>\\n\n <span class=\"text-sm font-bold\">Laravel</span>\\n\n </a>\\n\n\\n\n <div class=\"flex-1\"></div>\\n\n\\n\n \\n\n <div x-data=\"{ open: false }\" class=\"relative\">\\n\n <button @click=\"open = !open\" class=\"flex items-center gap-1 p-1 rounded-md hover:bg-zinc-100 dark:hover:bg-zinc-700\">\\n\n <span class=\"flex h-7 w-7 items-center justify-center rounded-full bg-zinc-200 dark:bg-zinc-600 text-xs font-semibold text-zinc-600 dark:text-zinc-300\">\\n\n KF\\n\n </span>\\n\n <svg class=\"w-4 h-4 text-zinc-400\" fill=\"none\" viewBox=\"0 0 24 24\" stroke-width=\"1.5\" stroke=\"currentColor\">\\n\n <path stroke-linecap=\"round\" stroke-linejoin=\"round\" d=\"M19.5 8.25l-7.5 7.5-7.5-7.5\" />\\n\n </svg>\\n\n </button>\\n\n\\n\n <div x-show=\"open\" @click.away=\"open = false\" x-cloak class=\"absolute right-0 top-full mt-1 w-56 rounded-lg border border-zinc-200 dark:border-zinc-700 bg-white dark:bg-zinc-800 shadow-lg overflow-hidden\">\\n\n <div class=\"px-3 py-2 border-b border-zinc-100 dark:border-zinc-700\">\\n\n <p class=\"text-sm font-medium truncate\">Kaelyn Feest</p>\\n\n <p class=\"text-xs text-zinc-500 dark:text-zinc-400 truncate\">berenice.tremblay@example.net</p>\\n\n </div>\\n\n <a href=\"http://localhost:8000/settings/profile\" wire:navigate class=\"flex items-center gap-2 px-3 py-2 text-sm hover:bg-zinc-100 dark:hover:bg-zinc-700 transition-colors\">\\n\n <svg class=\"w-4 h-4\" fill=\"none\" viewBox=\"0 0 24 24\" stroke-width=\"1.5\" stroke=\"currentColor\">\\n\n <path stroke-linecap=\"round\" stroke-linejoin=\"round\" d=\"M9.594 3.94c.09-.542.56-.94 1.11-.94h2.593c.55 0 1.02.398 1.11.94l.213 1.281c.063.374.313.686.645.87.074.04.147.083.22.127.324.196.72.257 1.075.124l1.217-.456a1.125 1.125 0 011.37.49l1.296 2.247a1.125 1.125 0 01-.26 1.431l-1.003.827c-.293.24-.438.613-.431.992a6.759 6.759 0 010 .255c-.007.378.138.75.43.99l1.005.828c.424.35.534.954.26 1.43l-1.298 2.247a1.125 1.125 0 01-1.369.491l-1.217-.456c-.355-.133-.75-.072-1.076.124a6.57 6.57 0 01-.22.128c-.331.183-.581.495-.644.869l-.213 1.28c-.09.543-.56.941-1.11.941h-2.594c-.55 0-1.02-.398-1.11-.94l-.213-1.281c-.062-.374-.312-.686-.644-.87a6.52 6.52 0 01-.22-.127c-.325-.196-.72-.257-1.076-.124l-1.217.456a1.125 1.125 0 01-1.369-.49l-1.297-2.247a1.125 1.125 0 01.26-1.431l1.004-.827c.292-.24.437-.613.43-.992a6.932 6.932 0 010-.255c.007-.378-.138-.75-.43-.99l-1.004-.828a1.125 1.125 0 01-.26-1.43l1.297-2.247a1.125 1.125 0 011.37-.491l1.216.456c.356.133.751.072 1.076-.124.072-.044.146-.087.22-.128.332-.183.582-.495.644-.869l.214-1.281z\" />\\n\n <path stroke-linecap=\"round\" stroke-linejoin=\"round\" d=\"M15 12a3 3 0 11-6 0 3 3 0 016 0z\" />\\n\n </svg>\\n\n Settings\\n\n </a>\\n\n <form method=\"POST\" action=\"http://localhost:8000/logout\" class=\"w-full\">\\n\n <input type=\"hidden\" name=\"_token\" value=\"R0lePnIUNBlanrgapel0tENHL5rduMqfCQZdEUUN\" autocomplete=\"off\"> <button type=\"submit\" class=\"flex w-full items-center gap-2 px-3 py-2 text-sm text-red-600 dark:text-red-400 hover:bg-red-50 dark:hover:bg-red-900/20 transition-colors\">\\n\n <svg class=\"w-4 h-4\" fill=\"none\" viewBox=\"0 0 24 24\" stroke-width=\"1.5\" stroke=\"currentColor\">\\n\n <path stroke-linecap=\"round\" stroke-linejoin=\"round\" d=\"M15.75 9V5.25A2.25 2.25 0 0013.5 3h-6a2.25 2.25 0 00-2.25 2.25v13.5A2.25 2.25 0 007.5 21h6a2.25 2.25 0 002.25-2.25V15m3 0l3-3m0 0l-3-3m3 3H9\" />\\n\n </svg>\\n\n Log out\\n\n </button>\\n\n </form>\\n\n </div>\\n\n </div>\\n\n </header>\\n\n\\n\n \\n\n <main class=\"flex-1 p-6 mx-auto w-full max-w-7xl\">\\n\n <div class=\"[grid-area:main] p-6 lg:p-8 [[data-flux-container]_&amp;]:px-0\" data-flux-main>\\n\n <div class=\"flex h-full w-full flex-1 flex-col gap-4 rounded-xl\">\\n\n \\n\n <div class=\"hidden lg:flex items-center justify-between border-b border-neutral-200 pb-4 dark:border-neutral-700\">\\n\n <h1 class=\"text-2xl font-bold\">Dashboard</h1>\\n\n\\n\n <ui-dropdown position=\"bottom end\" data-flux-dropdown>\\n\n <button type=\"button\" class=\"flex items-center gap-2 rounded-full p-1 hover:bg-zinc-100 dark:hover:bg-zinc-700 transition-colors\">\\n\n <span class=\"flex h-9 w-9 items-center justify-center rounded-full bg-zinc-300 dark:bg-zinc-600 text-xs font-semibold text-zinc-700 dark:text-zinc-200\">\\n\n KF\\n\n </span>\\n\n <svg\\n\n class=\"shrink-0 [:where(&amp;)]:size-4 size-4 text-zinc-400\"\\n\n data-flux-icon\\n\n xmlns=\"http://www.w3.org/2000/svg\"\\n\n viewBox=\"0 0 24 24\"\\n\n fill=\"none\"\\n\n stroke=\"currentColor\"\\n\n stroke-width=\"2.5\"\\n\n stroke-linecap=\"round\"\\n\n stroke-linejoin=\"round\"\\n\n aria-hidden=\"true\"\\n\n data-slot=\"icon\"\\n\n>\\n\n <path d=\"m7 15 5 5 5-5\" />\\n\n <path d=\"m7 9 5-5 5 5\" />\\n\n</svg>\\n\n </button>\\n\n\\n\n <ui-menu\\n\n class=\"[:where(&amp;)]:min-w-48 p-[.3125rem] rounded-lg shadow-xs border border-zinc-200 dark:border-zinc-600 bg-white dark:bg-zinc-700 focus:outline-hidden\"\\n\n popover=\"manual\"\\n\n data-flux-menu\\n\n>\\n\n <div class=\"flex items-center gap-2 px-1 py-1.5 text-start text-sm\">\\n\n <span class=\"flex h-8 w-8 items-center justify-center rounded-full bg-zinc-200 dark:bg-zinc-600 text-xs font-semibold text-zinc-600 dark:text-zinc-300\">\\n\n KF\\n\n </span>\\n\n <div class=\"grid flex-1 text-start text-sm leading-tight\">\\n\n <div class=\"font-medium [:where(&amp;)]:text-zinc-800 [:where(&amp;)]:dark:text-white text-sm [&amp;:has(+[data-flux-subheading])]:mb-2 [[data-flux-subheading]+&amp;]:mt-2 truncate\" data-flux-heading>Kaelyn Feest</div>\\n\n <p class=\"[:where(&amp;)]:font-normal [:where(&amp;)]:text-sm [:where(&amp;)]:text-zinc-500 [:where(&amp;)]:dark:text-white/70 truncate\" data-flux-text >berenice.tremblay@example.net</p> </div>\\n\n </div>\\n\n <div class=\"-mx-[.3125rem] my-[.3125rem] h-px\" data-flux-menu-separator>\\n\n <div data-orientation=\"horizontal\" role=\"none\" class=\"border-0 [print-color-adjust:exact] bg-zinc-800/15 dark:bg-white/20 h-px w-full dark:bg-zinc-600!\" data-flux-separator></div>\\n\n</div>\\n\n <ui-menu-radio-group data-flux-menu-radio-group>\\n\n <a href=\"http://localhost:8000/settings/profile\" data-flux-menu-item=\"data-flux-menu-item\" data-flux-menu-item-has-icon=\"data-flux-menu-item-has-icon\" class=\"flex items-center px-2 py-1.5 w-full focus:outline-hidden rounded-md text-start text-sm font-medium [&amp;[disabled]]:opacity-50 text-zinc-800 data-active:bg-zinc-50 dark:text-white dark:data-active:bg-zinc-600 **:data-flux-menu-item-icon:text-zinc-400 dark:**:data-flux-menu-item-icon:text-white/60 [&amp;[data-active]_[data-flux-menu-item-icon]]:text-current\" wire:navigate=\"\">\\n\n <svg class=\"shrink-0 [:where(&amp;)]:size-5 me-2\" data-flux-menu-item-icon=\"data-flux-menu-item-icon\" data-flux-icon xmlns=\"http://www.w3.org/2000/svg\" viewBox=\"0 0 20 20\" fill=\"currentColor\" aria-hidden=\"true\" data-slot=\"icon\">\\n\n <path d=\"M13.024 9.25c.47 0 .827-.433.637-.863a4 4 0 0 0-4.094-2.364c-.468.05-.665.576-.43.984l1.08 1.868a.75.75 0 0 0 .649.375h2.158ZM7.84 7.758c-.236-.408-.79-.5-1.068-.12A3.982 3.982 0 0 0 6 10c0 .884.287 1.7.772 2.363.278.38.832.287 1.068-.12l1.078-1.868a.75.75 0 0 0 0-.75L7.839 7.758ZM9.138 12.993c-.235.408-.039.934.43.984a4 4 0 0 0 4.094-2.364c.19-.43-.168-.863-.638-.863h-2.158a.75.75 0 0 0-.65.375l-1.078 1.868Z\"/>\\n\n <path fill-rule=\"evenodd\" d=\"m14.13 4.347.644-1.117a.75.75 0 0 0-1.299-.75l-.644 1.116a6.954 6.954 0 0 0-2.081-.556V1.75a.75.75 0 0 0-1.5 0v1.29a6.954 6.954 0 0 0-2.081.556L6.525 2.48a.75.75 0 1 0-1.3.75l.645 1.117A7.04 7.04 0 0 0 4.347 5.87L3.23 5.225a.75.75 0 1 0-.75 1.3l1.116.644A6.954 6.954 0 0 0 3.04 9.25H1.75a.75.75 0 0 0 0 1.5h1.29c.078.733.27 1.433.556 2.081l-1.116.645a.75.75 0 1 0 .75 1.298l1.117-.644a7.04 7.04 0 0 0 1.523 1.523l-.645 1.117a.75.75 0 1 0 1.3.75l.644-1.116a6.954 6.954 0 0 0 2.081.556v1.29a.75.75 0 0 0 1.5 0v-1.29a6.954 6.954 0 0 0 2.081-.556l.645 1.116a.75.75 0 0 0 1.299-.75l-.645-1.117a7.042 7.042 0 0 0 1.523-1.523l1.117.644a.75.75 0 0 0 .75-1.298l-1.116-.645a6.954 6.954 0 0 0 .556-2.081h1.29a.75.75 0 0 0 0-1.5h-1.29a6.954 6.954 0 0 0-.556-2.081l1.116-.644a.75.75 0 0 0-.75-1.3l-1.117.645a7.04 7.04 0 0 0-1.524-1.523ZM10 4.5a5.475 5.475 0 0 0-2.781.754A5.527 5.527 0 0 0 5.22 7.277 5.475 5.475 0 0 0 4.5 10a5.475 5.475 0 0 0 .752 2.777 5.527 5.527 0 0 0 2.028 2.004c.802.458 1.73.719 2.72.719a5.474 5.474 0 0 0 2.78-.753 5.527 5.527 0 0 0 2.001-2.027c.458-.802.719-1.73.719-2.72a5.475 5.475 0 0 0-.753-2.78 5.528 5.528 0 0 0-2.028-2.002A5.475 5.475 0 0 0 10 4.5Z\" clip-rule=\"evenodd\"/>\\n\n</svg>\\n\n\\n\n \\n\n Settings\\n\n </a>\\n\n <form method=\"POST\" action=\"http://localhost:8000/logout\" class=\"w-full\">\\n\n <input type=\"hidden\" name=\"_token\" value=\"R0lePnIUNBlanrgapel0tENHL5rduMqfCQZdEUUN\" autocomplete=\"off\"> <button type=\"submit\" class=\"flex items-center px-2 py-1.5 w-full focus:outline-hidden rounded-md text-start text-sm font-medium [&amp;[disabled]]:opacity-50 text-zinc-800 data-active:bg-zinc-50 dark:text-white dark:data-active:bg-zinc-600 **:data-flux-menu-item-icon:text-zinc-400 dark:**:data-flux-menu-item-icon:text-white/60 [&amp;[data-active]_[data-flux-menu-item-icon]]:text-current w-full cursor-pointer\" data-flux-menu-item=\"data-flux-menu-item\" data-flux-menu-item-has-icon=\"data-flux-menu-item-has-icon\">\\n\n <svg class=\"shrink-0 [:where(&amp;)]:size-5 me-2\" data-flux-menu-item-icon=\"data-flux-menu-item-icon\" data-flux-icon xmlns=\"http://www.w3.org/2000/svg\" viewBox=\"0 0 20 20\" fill=\"currentColor\" aria-hidden=\"true\" data-slot=\"icon\">\\n\n <path fill-rule=\"evenodd\" d=\"M3 4.25A2.25 2.25 0 0 1 5.25 2h5.5A2.25 2.25 0 0 1 13 4.25v2a.75.75 0 0 1-1.5 0v-2a.75.75 0 0 0-.75-.75h-5.5a.75.75 0 0 0-.75.75v11.5c0 .414.336.75.75.75h5.5a.75.75 0 0 0 .75-.75v-2a.75.75 0 0 1 1.5 0v2A2.25 2.25 0 0 1 10.75 18h-5.5A2.25 2.25 0 0 1 3 15.75V4.25Z\" clip-rule=\"evenodd\"/>\\n\n <path fill-rule=\"evenodd\" d=\"M6 10a.75.75 0 0 1 .75-.75h9.546l-1.048-.943a.75.75 0 1 1 1.004-1.114l2.5 2.25a.75.75 0 0 1 0 1.114l-2.5 2.25a.75.75 0 1 1-1.004-1.114l1.048-.943H6.75A.75.75 0 0 1 6 10Z\" clip-rule=\"evenodd\"/>\\n\n</svg>\\n\n\\n\n \\n\n Log out\\n\n </button>\\n\n </form>\\n\n</ui-menu-radio-group>\\n\n</ui-menu>\\n\n</ui-dropdown>\\n\n </div>\\n\n\\n\n \\n\n <div class=\"grid auto-rows-min gap-4 md:grid-cols-3\">\\n\n <div class=\"relative aspect-video overflow-hidden rounded-xl border border-neutral-200 dark:border-neutral-700\">\\n\n <svg class=\"absolute inset-0 size-full stroke-gray-900/20 dark:stroke-neutral-100/20\" fill=\"none\">\\n\n <defs>\\n\n <pattern id=\"pattern-6a1de85f5a323\" x=\"0\" y=\"0\" width=\"8\" height=\"8\" patternUnits=\"userSpaceOnUse\">\\n\n <path d=\"M-1 5L5 -1M3 9L8.5 3.5\" stroke-width=\"0.5\"></path>\\n\n </pattern>\\n\n </defs>\\n\n <rect stroke=\"none\" fill=\"url(#pattern-6a1de85f5a323)\" width=\"100%\" height=\"100%\"></rect>\\n\n</svg>\\n\n </div>\\n\n <div class=\"relative aspect-video overflow-hidden rounded-xl border border-neutral-200 dark:border-neutral-700\">\\n\n <svg class=\"absolute inset-0 size-full stroke-gray-900/20 dark:stroke-neutral-100/20\" fill=\"none\">\\n\n <defs>\\n\n <pattern id=\"pattern-6a1de85f5a4ae\" x=\"0\" y=\"0\" width=\"8\" height=\"8\" patternUnits=\"userSpaceOnUse\">\\n\n <path d=\"M-1 5L5 -1M3 9L8.5 3.5\" stroke-width=\"0.5\"></path>\\n\n </pattern>\\n\n </defs>\\n\n <rect stroke=\"none\" fill=\"url(#pattern-6a1de85f5a4ae)\" width=\"100%\" height=\"100%\"></rect>\\n\n</svg>\\n\n </div>\\n\n <div class=\"relative aspect-video overflow-hidden rounded-xl border border-neutral-200 dark:border-neutral-700\">\\n\n <svg class=\"absolute inset-0 size-full stroke-gray-900/20 dark:stroke-neutral-100/20\" fill=\"none\">\\n\n <defs>\\n\n <pattern id=\"pattern-6a1de85f5a61d\" x=\"0\" y=\"0\" width=\"8\" height=\"8\" patternUnits=\"userSpaceOnUse\">\\n\n <path d=\"M-1 5L5 -1M3 9L8.5 3.5\" stroke-width=\"0.5\"></path>\\n\n </pattern>\\n\n </defs>\\n\n <rect stroke=\"none\" fill=\"url(#pattern-6a1de85f5a61d)\" width=\"100%\" height=\"100%\"></rect>\\n\n</svg>\\n\n </div>\\n\n </div>\\n\n <div class=\"relative h-full flex-1 overflow-hidden rounded-xl border border-neutral-200 dark:border-neutral-700\">\\n\n <svg class=\"absolute inset-0 size-full stroke-gray-900/20 dark:stroke-neutral-100/20\" fill=\"none\">\\n\n <defs>\\n\n <pattern id=\"pattern-6a1de85f5a766\" x=\"0\" y=\"0\" width=\"8\" height=\"8\" patternUnits=\"userSpaceOnUse\">\\n\n <path d=\"M-1 5L5 -1M3 9L8.5 3.5\" stroke-width=\"0.5\"></path>\\n\n </pattern>\\n\n </defs>\\n\n <rect stroke=\"none\" fill=\"url(#pattern-6a1de85f5a766)\" width=\"100%\" height=\"100%\"></rect>\\n\n</svg>\\n\n </div>\\n\n </div>\\n\n</div>\\n\n </main>\\n\n </div>\\n\n </div>\\n\n\\n\n \\n\n <div\\n\n x-data=\"toast()\"\\n\n x-init=\"init()\"\\n\n x-cloak\\n\n class=\"fixed bottom-4 right-4 z-50 flex flex-col gap-2\"\\n\n >\\n\n <template x-for=\"(t, i) in toasts\" :key=\"i\">\\n\n <div\\n\n x-show=\"t.visible\"\\n\n x-transition:enter=\"transition ease-out duration-300\"\\n\n x-transition:enter-start=\"translate-x-full opacity-0\"\\n\n x-transition:enter-end=\"translate-x-0 opacity-100\"\\n\n x-transition:leave=\"transition ease-in duration-200\"\\n\n x-transition:leave-start=\"translate-x-0 opacity-100\"\\n\n x-transition:leave-end=\"translate-x-full opacity-0\"\\n\n class=\"flex items-center gap-3 rounded-lg border px-4 py-3 shadow-lg text-sm\"\\n\n :class=\"{\\n\n 'bg-green-50 border-green-200 text-green-800 dark:bg-green-900/30 dark:border-green-700 dark:text-green-300': t.type === 'success',\\n\n 'bg-red-50 border-red-200 text-red-800 dark:bg-red-900/30 dark:border-red-700 dark:text-red-300': t.type === 'error',\\n\n 'bg-blue-50 border-blue-200 text-blue-800 dark:bg-blue-900/30 dark:border-blue-700 dark:text-blue-300': t.type === 'info',\\n\n }\"\\n\n >\\n\n <span x-text=\"t.message\"></span>\\n\n <button @click=\"remove(i)\" class=\"ml-2 shrink-0 opacity-60 hover:opacity-100\">\\n\n <svg class=\"w-4 h-4\" fill=\"none\" viewBox=\"0 0 24 24\" stroke-width=\"2\" stroke=\"currentColor\">\\n\n <path stroke-linecap=\"round\" stroke-linejoin=\"round\" d=\"M6 18L18 6M6 6l12 12\" />\\n\n </svg>\\n\n </button>\\n\n </div>\\n\n </template>\\n\n </div>\\n\n\\n\n <script src=\"http://localhost:8000/flux/flux.js?id=497da1a7\" data-navigate-once></script>\\n\n\\n\n <script>\\n\n function layout() {\\n\n return {\\n\n sidebarOpen: false,\\n\n init() {\\n\n // Close sidebar on route navigation (Livewire)\\n\n Livewire?.on('$navigate', () => { this.sidebarOpen = false; });\\n\n }\\n\n };\\n\n }\\n\n\\n\n function toast() {\\n\n return {\\n\n toasts: [],\\n\n init() {\\n\n window.addEventListener('toast', (e) => {\\n\n this.toasts.push({\\n\n message: e.detail.message,\\n\n type: e.detail.type || 'info',\\n\n visible: true,\\n\n });\\n\n setTimeout(() => {\\n\n if (this.toasts.length > 0) {\\n\n const idx = this.toasts.findIndex(t => t.message === e.detail.message);\\n\n if (idx !== -1) this.toasts[idx].visible = false;\\n\n setTimeout(() => { this.toasts = this.toasts.filter(t => t.visible); }, 300);\\n\n }\\n\n }, e.detail.duration || 4000);\\n\n });\\n\n },\\n\n remove(index) {\\n\n this.toasts[index].visible = false;\\n\n setTimeout(() => { this.toasts = this.toasts.filter(t => t.visible); }, 300);\\n\n }\\n\n };\\n\n }\\n\n </script>\\n\n<!-- Livewire Scripts -->\\n\n<script src=\"http://localhost:8000/livewire-dcc4aad2/livewire.js?id=ab6b028c\" data-csrf=\"R0lePnIUNBlanrgapel0tENHL5rduMqfCQZdEUUN\" data-module-url=\"http://localhost:8000/livewire-dcc4aad2\" data-update-uri=\"http://localhost:8000/livewire-dcc4aad2/update\" data-navigate-once=\"true\"></script>\\n\n</body>\\n\n</html>\\n\n' [ASCII](length: 50014) does not contain \"Materias\" [ASCII](length: 8)."},{"test":"P\\Tests\\Feature\\Auth\\RoleAccessTest::__pest_evaluable_director_sees_reports_and_management_modules","file":"\\laragon\\www\\sistemacontrolesc\\vendor\\laravel\\framework\\src\\Illuminate\\Testing\\TestResponseAssert.php","line":45,"message":"Failed asserting that '<!DOCTYPE html>\\n\n<html lang=\"en\" class=\"dark\">\\n\n<head>\\n\n <meta charset=\"utf-8\" />\\n\n<meta name=\"viewport\" content=\"width=device-width, initial-scale=1.0\" />\\n\n\\n\n<title>\\n\n Dashboard - Laravel\\n\n</title>\\n\n\\n\n<link rel=\"icon\" href=\"/favicon.ico\" sizes=\"any\">\\n\n<link rel=\"icon\" href=\"/favicon.svg\" type=\"image/svg+xml\">\\n\n<link rel=\"apple-touch-icon\" href=\"/apple-touch-icon.png\">\\n\n\\n\n<link rel=\"preload\" as=\"font\" href=\"http://localhost:8000/build/assets/instrument-sans-400-normal-DRC__1Mx.woff2\" type=\"font/woff2\" crossorigin=\"anonymous\" />\\n\n<link rel=\"preload\" as=\"font\" href=\"http://localhost:8000/build/assets/instrument-sans-400-normal-Q_nF8v4l.woff2\" type=\"font/woff2\" crossorigin=\"anonymous\" />\\n\n<link rel=\"preload\" as=\"font\" href=\"http://localhost:8000/build/assets/instrument-sans-500-normal-Dk9ku72i.woff2\" type=\"font/woff2\" crossorigin=\"anonymous\" />\\n\n<link rel=\"preload\" as=\"font\" href=\"http://localhost:8000/build/assets/instrument-sans-500-normal-CTEe1bJa.woff2\" type=\"font/woff2\" crossorigin=\"anonymous\" />\\n\n<link rel=\"preload\" as=\"font\" href=\"http://localhost:8000/build/assets/instrument-sans-600-normal-B7fBEWYG.woff2\" type=\"font/woff2\" crossorigin=\"anonymous\" />\\n\n<link rel=\"preload\" as=\"font\" href=\"http://localhost:8000/build/assets/instrument-sans-600-normal-BsaQcF38.woff2\" type=\"font/woff2\" crossorigin=\"anonymous\" />\\n\n<style>\\n\n@font-face {\\n\n font-family: \"Instrument Sans\";\\n\n font-style: normal;\\n\n font-weight: 400;\\n\n font-display: swap;\\n\n src: url(\"/build/assets/instrument-sans-400-normal-DRC__1Mx.woff2\") format(\"woff2\");\\n\n unicode-range: U+0000-00FF,U+0131,U+0152-0153,U+02BB-02BC,U+02C6,U+02DA,U+02DC,U+0304,U+0308,U+0329,U+2000-206F,U+20AC,U+2122,U+2191,U+2193,U+2212,U+2215,U+FEFF,U+FFFD;\\n\n}\\n\n\\n\n@font-face {\\n\n font-family: \"Instrument Sans\";\\n\n font-style: normal;\\n\n font-weight: 400;\\n\n font-display: swap;\\n\n src: url(\"/build/assets/instrument-sans-400-normal-D1W7dsQl.woff\") format(\"woff\");\\n\n unicode-range: U+0000-00FF,U+0131,U+0152-0153,U+02BB-02BC,U+02C6,U+02DA,U+02DC,U+0304,U+0308,U+0329,U+2000-206F,U+20AC,U+2122,U+2191,U+2193,U+2212,U+2215,U+FEFF,U+FFFD;\\n\n}\\n\n\\n\n@font-face {\\n\n font-family: \"Instrument Sans\";\\n\n font-style: normal;\\n\n font-weight: 400;\\n\n font-display: swap;\\n\n src: url(\"/build/assets/instrument-sans-400-normal-Q_nF8v4l.woff2\") format(\"woff2\");\\n\n unicode-range: U+0100-02BA,U+02BD-02C5,U+02C7-02CC,U+02CE-02D7,U+02DD-02FF,U+0304,U+0308,U+0329,U+1D00-1DBF,U+1E00-1E9F,U+1EF2-1EFF,U+2020,U+20A0-20AB,U+20AD-20C0,U+2113,U+2C60-2C7F,U+A720-A7FF;\\n\n}\\n\n\\n\n@font-face {\\n\n font-family: \"Instrument Sans\";\\n\n font-style: normal;\\n\n font-weight: 400;\\n\n font-display: swap;\\n\n src: url(\"/build/assets/instrument-sans-400-normal-r32jotim.woff\") format(\"woff\");\\n\n unicode-range: U+0100-02BA,U+02BD-02C5,U+02C7-02CC,U+02CE-02D7,U+02DD-02FF,U+0304,U+0308,U+0329,U+1D00-1DBF,U+1E00-1E9F,U+1EF2-1EFF,U+2020,U+20A0-20AB,U+20AD-20C0,U+2113,U+2C60-2C7F,U+A720-A7FF;\\n\n}\\n\n\\n\n@font-face {\\n\n font-family: \"Instrument Sans\";\\n\n font-style: normal;\\n\n font-weight: 500;\\n\n font-display: swap;\\n\n src: url(\"/build/assets/instrument-sans-500-normal-Dk9ku72i.woff2\") format(\"woff2\");\\n\n unicode-range: U+0000-00FF,U+0131,U+0152-0153,U+02BB-02BC,U+02C6,U+02DA,U+02DC,U+0304,U+0308,U+0329,U+2000-206F,U+20AC,U+2122,U+2191,U+2193,U+2212,U+2215,U+FEFF,U+FFFD;\\n\n}\\n\n\\n\n@font-face {\\n\n font-family: \"Instrument Sans\";\\n\n font-style: normal;\\n\n font-weight: 500;\\n\n font-display: swap;\\n\n src: url(\"/build/assets/instrument-sans-500-normal-Z6ESRlEs.woff\") format(\"woff\");\\n\n unicode-range: U+0000-00FF,U+0131,U+0152-0153,U+02BB-02BC,U+02C6,U+02DA,U+02DC,U+0304,U+0308,U+0329,U+2000-206F,U+20AC,U+2122,U+2191,U+2193,U+2212,U+2215,U+FEFF,U+FFFD;\\n\n}\\n\n\\n\n@font-face {\\n\n font-family: \"Instrument Sans\";\\n\n font-style: normal;\\n\n font-weight: 500;\\n\n font-display: swap;\\n\n src: url(\"/build/assets/instrument-sans-500-normal-CTEe1bJa.woff2\") format(\"woff2\");\\n\n unicode-range: U+0100-02BA,U+02BD-02C5,U+02C7-02CC,U+02CE-02D7,U+02DD-02FF,U+0304,U+0308,U+0329,U+1D00-1DBF,U+1E00-1E9F,U+1EF2-1EFF,U+2020,U+20A0-20AB,U+20AD-20C0,U+2113,U+2C60-2C7F,U+A720-A7FF;\\n\n}\\n\n\\n\n@font-face {\\n\n font-family: \"Instrument Sans\";\\n\n font-style: normal;\\n\n font-weight: 500;\\n\n font-display: swap;\\n\n src: url(\"/build/assets/instrument-sans-500-normal-CAxz3nsc.woff\") format(\"woff\");\\n\n unicode-range: U+0100-02BA,U+02BD-02C5,U+02C7-02CC,U+02CE-02D7,U+02DD-02FF,U+0304,U+0308,U+0329,U+1D00-1DBF,U+1E00-1E9F,U+1EF2-1EFF,U+2020,U+20A0-20AB,U+20AD-20C0,U+2113,U+2C60-2C7F,U+A720-A7FF;\\n\n}\\n\n\\n\n@font-face {\\n\n font-family: \"Instrument Sans\";\\n\n font-style: normal;\\n\n font-weight: 600;\\n\n font-display: swap;\\n\n src: url(\"/build/assets/instrument-sans-600-normal-B7fBEWYG.woff2\") format(\"woff2\");\\n\n unicode-range: U+0000-00FF,U+0131,U+0152-0153,U+02BB-02BC,U+02C6,U+02DA,U+02DC,U+0304,U+0308,U+0329,U+2000-206F,U+20AC,U+2122,U+2191,U+2193,U+2212,U+2215,U+FEFF,U+FFFD;\\n\n}\\n\n\\n\n@font-face {\\n\n font-family: \"Instrument Sans\";\\n\n font-style: normal;\\n\n font-weight: 600;\\n\n font-display: swap;\\n\n src: url(\"/build/assets/instrument-sans-600-normal-B9e8oLYv.woff\") format(\"woff\");\\n\n unicode-range: U+0000-00FF,U+0131,U+0152-0153,U+02BB-02BC,U+02C6,U+02DA,U+02DC,U+0304,U+0308,U+0329,U+2000-206F,U+20AC,U+2122,U+2191,U+2193,U+2212,U+2215,U+FEFF,U+FFFD;\\n\n}\\n\n\\n\n@font-face {\\n\n font-family: \"Instrument Sans\";\\n\n font-style: normal;\\n\n font-weight: 600;\\n\n font-display: swap;\\n\n src: url(\"/build/assets/instrument-sans-600-normal-BsaQcF38.woff2\") format(\"woff2\");\\n\n unicode-range: U+0100-02BA,U+02BD-02C5,U+02C7-02CC,U+02CE-02D7,U+02DD-02FF,U+0304,U+0308,U+0329,U+1D00-1DBF,U+1E00-1E9F,U+1EF2-1EFF,U+2020,U+20A0-20AB,U+20AD-20C0,U+2113,U+2C60-2C7F,U+A720-A7FF;\\n\n}\\n\n\\n\n@font-face {\\n\n font-family: \"Instrument Sans\";\\n\n font-style: normal;\\n\n font-weight: 600;\\n\n font-display: swap;\\n\n src: url(\"/build/assets/instrument-sans-600-normal-DMks36a2.woff\") format(\"woff\");\\n\n unicode-range: U+0100-02BA,U+02BD-02C5,U+02C7-02CC,U+02CE-02D7,U+02DD-02FF,U+0304,U+0308,U+0329,U+1D00-1DBF,U+1E00-1E9F,U+1EF2-1EFF,U+2020,U+20A0-20AB,U+20AD-20C0,U+2113,U+2C60-2C7F,U+A720-A7FF;\\n\n}\\n\n\\n\n:root {\\n\n --font-instrument-sans: \"Instrument Sans\", \"Instrument Sans fallback\";\\n\n}\\n\n\\n\n.font-instrument-sans {\\n\n font-family: var(--font-instrument-sans);\\n\n}\\n\n</style>\\n\n<link rel=\"preload\" as=\"style\" href=\"http://localhost:8000/build/assets/app-B4fu3CMk.css\" /><link rel=\"modulepreload\" as=\"script\" href=\"http://localhost:8000/build/assets/app-BvRk9kiK.js\" /><link rel=\"stylesheet\" href=\"http://localhost:8000/build/assets/app-B4fu3CMk.css\" data-navigate-track=\"reload\" /><script type=\"module\" src=\"http://localhost:8000/build/assets/app-BvRk9kiK.js\" data-navigate-track=\"reload\"></script><style>\\n\n :root.dark {\\n\n color-scheme: dark;\\n\n }\\n\n</style>\\n\n<script>\\n\n window.Flux = {\\n\n applyAppearance (appearance) {\\n\n let applyDark = () => document.documentElement.classList.add('dark')\\n\n let applyLight = () => document.documentElement.classList.remove('dark')\\n\n\\n\n if (appearance === 'system') {\\n\n let media = window.matchMedia('(prefers-color-scheme: dark)')\\n\n\\n\n window.localStorage.removeItem('flux.appearance')\\n\n\\n\n media.matches ? applyDark() : applyLight()\\n\n } else if (appearance === 'dark') {\\n\n window.localStorage.setItem('flux.appearance', 'dark')\\n\n\\n\n applyDark()\\n\n } else if (appearance === 'light') {\\n\n window.localStorage.setItem('flux.appearance', 'light')\\n\n\\n\n applyLight()\\n\n }\\n\n }\\n\n }\\n\n\\n\n window.Flux.applyAppearance(window.localStorage.getItem('flux.appearance') || 'system')\\n\n</script>\\n\n <style>\\n\n [x-cloak] { display: none !important; }\\n\n </style>\\n\n<!-- Livewire Styles --><style >[wire\\:loading][wire\\:loading], [wire\\:loading\\.delay][wire\\:loading\\.delay], [wire\\:loading\\.list-item][wire\\:loading\\.list-item], [wire\\:loading\\.inline-block][wire\\:loading\\.inline-block], [wire\\:loading\\.inline][wire\\:loading\\.inline], [wire\\:loading\\.block][wire\\:loading\\.block], [wire\\:loading\\.flex][wire\\:loading\\.flex], [wire\\:loading\\.table][wire\\:loading\\.table], [wire\\:loading\\.grid][wire\\:loading\\.grid], [wire\\:loading\\.inline-flex][wire\\:loading\\.inline-flex] {display: none;}[wire\\:loading\\.delay\\.none][wire\\:loading\\.delay\\.none], [wire\\:loading\\.delay\\.shortest][wire\\:loading\\.delay\\.shortest], [wire\\:loading\\.delay\\.shorter][wire\\:loading\\.delay\\.shorter], [wire\\:loading\\.delay\\.short][wire\\:loading\\.delay\\.short], [wire\\:loading\\.delay\\.default][wire\\:loading\\.delay\\.default], [wire\\:loading\\.delay\\.long][wire\\:loading\\.delay\\.long], [wire\\:loading\\.delay\\.longer][wire\\:loading\\.delay\\.longer], [wire\\:loading\\.delay\\.longest][wire\\:loading\\.delay\\.longest] {display: none;}[wire\\:offline][wire\\:offline] {display: none;}[wire\\:dirty]:not(textarea):not(input):not(select) {display: none;}:root {--livewire-progress-bar-color: #2299dd;}[x-cloak] {display: none !important;}[wire\\:cloak] {display: none !important;}dialog#livewire-error::backdrop {background-color: rgba(0, 0, 0, .6);}</style>\\n\n</head>\\n\n<body class=\"min-h-screen bg-zinc-50 dark:bg-zinc-900 text-zinc-900 dark:text-zinc-100\">\\n\n <div\\n\n x-data=\"layout()\"\\n\n x-init=\"init()\"\\n\n class=\"flex min-h-screen\"\\n\n >\\n\n \\n\n \\n\n \\n\n \\n\n <aside\\n\n :style=\"sidebarOpen ? 'translate: none;' : ''\"\\n\n class=\"flex w-64 min-h-0 flex-col border-e border-zinc-200 bg-white dark:border-zinc-700 dark:bg-zinc-800 transition-transform duration-200 ease-in-out max-lg:fixed max-lg:inset-y-0 max-lg:left-0 max-lg:z-50 max-lg:-translate-x-full\"\\n\n >\\n\n \\n\n <div class=\"flex items-center justify-between px-4 py-3\">\\n\n <a href=\"http://localhost:8000/dashboard\" wire:navigate class=\"flex items-center gap-2\">\\n\n <svg xmlns=\"http://www.w3.org/2000/svg\" viewBox=\"0 0 40 42\" class=\"h-8 w-auto text-accent-content\">\\n\n <path \\n\n fill=\"currentColor\" \\n\n fill-rule=\"evenodd\" \\n\n clip-rule=\"evenodd\"\\n\n d=\"M17.2 5.633 8.6.855 0 5.633v26.51l16.2 9 16.2-9v-8.442l7.6-4.223V9.856l-8.6-4.777-8.6 4.777V18.3l-5.6 3.111V5.633ZM38 18.301l-5.6 3.11v-6.157l5.6-3.11V18.3Zm-1.06-7.856-5.54 3.078-5.54-3.079 5.54-3.078 5.54 3.079ZM24.8 18.3v-6.157l5.6 3.111v6.158L24.8 18.3Zm-1 1.732 5.54 3.078-13.14 7.302-5.54-3.078 13.14-7.3v-.002Zm-16.2 7.89 7.6 4.222V38.3L2 30.966V7.92l5.6 3.111v16.892ZM8.6 9.3 3.06 6.222 8.6 3.143l5.54 3.08L8.6 9.3Zm21.8 15.51-13.2 7.334V38.3l13.2-7.334v-6.156ZM9.6 11.034l5.6-3.11v14.6l-5.6 3.11v-14.6Z\"\\n\n />\\n\n</svg>\\n\n <span class=\"text-lg font-bold hidden sm:inline\">Laravel</span>\\n\n </a>\\n\n <button @click=\"sidebarOpen = false\" class=\"lg:hidden p-1 rounded-md hover:bg-zinc-100 dark:hover:bg-zinc-700\">\\n\n <svg class=\"w-5 h-5\" fill=\"none\" viewBox=\"0 0 24 24\" stroke-width=\"1.5\" stroke=\"currentColor\">\\n\n <path stroke-linecap=\"round\" stroke-linejoin=\"round\" d=\"M6 18L18 6M6 6l12 12\" />\\n\n </svg>\\n\n </button>\\n\n </div>\\n\n\\n\n \\n\n <div class=\"shrink-0 px-4 pb-2\">\\n\n <span class=\"inline-flex items-center rounded-full bg-zinc-100 dark:bg-zinc-700 px-2.5 py-0.5 text-xs font-medium text-zinc-600 dark:text-zinc-300\">\\n\n Director\\n\n </span>\\n\n </div>\\n\n\\n\n \\n\n <nav class=\"min-h-0 flex-1 overflow-y-auto px-3 py-2 space-y-1\">\\n\n <div wire:key=\"lw-567624513-0-8\" wire:snapshot=\"{&quot;data&quot;:{&quot;menuGroups&quot;:[{&quot;General&quot;:[[[{&quot;label&quot;:&quot;Dashboard&quot;,&quot;route&quot;:&quot;dashboard&quot;,&quot;route_prefix&quot;:&quot;dashboard&quot;,&quot;params&quot;:[[],{&quot;s&quot;:&quot;arr&quot;}],&quot;svg&quot;:&quot;&lt;svg class=\\&quot;w-5 h-5 shrink-0\\&quot; fill=\\&quot;none\\&quot; viewBox=\\&quot;0 0 24 24\\&quot; stroke-width=\\&quot;1.5\\&quot; stroke=\\&quot;currentColor\\&quot;&gt;&lt;path stroke-linecap=\\&quot;round\\&quot; stroke-linejoin=\\&quot;round\\&quot; d=\\&quot;M2.25 12l8.954-8.955a1.126 1.126 0 011.591 0L21.75 12M4.5 9.75v10.125c0 .621.504 1.125 1.125 1.125H9.75v-4.875c0-.621.504-1.125 1.125-1.125h2.25c.621 0 1.125.504 1.125 1.125V21h4.125c.621 0 1.125-.504 1.125-1.125V9.75M8.25 21h8.25\\&quot;\\/&gt;&lt;\\/svg&gt;&quot;,&quot;visible&quot;:true},{&quot;s&quot;:&quot;arr&quot;}]],{&quot;s&quot;:&quot;arr&quot;}],&quot;Cat\\u00e1logos&quot;:[[[{&quot;label&quot;:&quot;Cat\\u00e1logos&quot;,&quot;route&quot;:&quot;catalogos.index&quot;,&quot;route_prefix&quot;:&quot;catalogos&quot;,&quot;params&quot;:[[],{&quot;s&quot;:&quot;arr&quot;}],&quot;svg&quot;:&quot;&lt;svg class=\\&quot;w-5 h-5 shrink-0\\&quot; fill=\\&quot;none\\&quot; viewBox=\\&quot;0 0 24 24\\&quot; stroke-width=\\&quot;1.5\\&quot; stroke=\\&quot;currentColor\\&quot;&gt;&lt;path stroke-linecap=\\&quot;round\\&quot; stroke-linejoin=\\&quot;round\\&quot; d=\\&quot;M4.26 10.147a60.438 60.438 0 0 0-.491 6.347A48.62 48.62 0 0 1 12 20.904a48.62 48.62 0 0 1 8.232-4.41 60.46 60.46 0 0 0-.491-6.347m-15.482 0a50.636 50.636 0 0 0-2.658-.813A59.906 59.906 0 0 1 12 3.493a59.903 59.903 0 0 1 10.399 5.84c-.896.248-1.783.52-2.658.814m-15.482 0A50.717 50.717 0 0 1 12 13.489a50.702 50.702 0 0 1 7.74-3.342M6.75 15a.75.75 0 1 0 0-1.5.75.75 0 0 0 0 1.5Zm0 0v-3.675A55.378 55.378 0 0 1 12 8.443m-7.007 11.55A5.981 5.981 0 0 0 6.75 15.75v-1.5\\&quot;\\/&gt;&lt;\\/svg&gt;&quot;,&quot;visible&quot;:false},{&quot;s&quot;:&quot;arr&quot;}],[{&quot;label&quot;:&quot;Materias&quot;,&quot;route&quot;:&quot;materias.index&quot;,&quot;route_prefix&quot;:&quot;materias&quot;,&quot;params&quot;:[[],{&quot;s&quot;:&quot;arr&quot;}],&quot;svg&quot;:&quot;&lt;svg class=\\&quot;w-5 h-5 shrink-0\\&quot; fill=\\&quot;none\\&quot; viewBox=\\&quot;0 0 24 24\\&quot; stroke-width=\\&quot;1.5\\&quot; stroke=\\&quot;currentColor\\&quot;&gt;&lt;path stroke-linecap=\\&quot;round\\&quot; stroke-linejoin=\\&quot;round\\&quot; d=\\&quot;M12 6.042A8.967 8.967 0 0 0 6 3.75c-1.052 0-2.062.18-3 .512v14.25A8.987 8.987 0 0 1 6 18c2.305 0 4.408.867 6 2.292m0-14.25a8.966 8.966 0 0 1 6-2.292c1.052 0 2.062.18 3 .512v14.25A8.987 8.987 0 0 0 18 18a8.967 8.967 0 0 0-6 2.292m0-14.25v14.25\\&quot;\\/&gt;&lt;\\/svg&gt;&quot;,&quot;visible&quot;:false},{&quot;s&quot;:&quot;arr&quot;}],[{&quot;label&quot;:&quot;Usuarios&quot;,&quot;route&quot;:&quot;usuarios.index&quot;,&quot;route_prefix&quot;:&quot;usuarios&quot;,&quot;params&quot;:[[],{&quot;s&quot;:&quot;arr&quot;}],&quot;svg&quot;:&quot;&lt;svg class=\\&quot;w-5 h-5 shrink-0\\&quot; fill=\\&quot;none\\&quot; viewBox=\\&quot;0 0 24 24\\&quot; stroke-width=\\&quot;1.5\\&quot; stroke=\\&quot;currentColor\\&quot;&gt;&lt;path stroke-linecap=\\&quot;round\\&quot; stroke-linejoin=\\&quot;round\\&quot; d=\\&quot;M15 19.128a9.38 9.38 0 0 0 2.625.372 9.337 9.337 0 0 0 4.121-.952 4.125 4.125 0 0 0-7.533-2.493M15 19.128v-.003c0-1.113-.285-2.16-.786-3.07M15 19.128v.106A12.318 12.318 0 0 1 8.624 21c-2.331 0-4.512-.645-6.374-1.766l-.001-.109a6.375 6.375 0 0 1 11.964-3.07M12 6.375a3.375 3.375 0 1 1-6.75 0 3.375 3.375 0 0 1 6.75 0Zm8.25 2.25a2.625 2.625 0 1 1-5.25 0 2.625 2.625 0 0 1 5.25 0Z\\&quot;\\/&gt;&lt;\\/svg&gt;&quot;,&quot;visible&quot;:false},{&quot;s&quot;:&quot;arr&quot;}]],{&quot;s&quot;:&quot;arr&quot;}],&quot;Acad\\u00e9mico&quot;:[[[{&quot;label&quot;:&quot;Grupos&quot;,&quot;route&quot;:&quot;grupos.index&quot;,&quot;route_prefix&quot;:&quot;grupos&quot;,&quot;params&quot;:[[],{&quot;s&quot;:&quot;arr&quot;}],&quot;svg&quot;:&quot;&lt;svg class=\\&quot;w-5 h-5 shrink-0\\&quot; fill=\\&quot;none\\&quot; viewBox=\\&quot;0 0 24 24\\&quot; stroke-width=\\&quot;1.5\\&quot; stroke=\\&quot;currentColor\\&quot;&gt;&lt;path stroke-linecap=\\&quot;round\\&quot; stroke-linejoin=\\&quot;round\\&quot; d=\\&quot;M18 18.72a9.094 9.094 0 0 0 3.741-.479 3 3 0 0 0-4.682-2.72m.94 3.198.001.031c0 .225-.012.447-.037.666A11.944 11.944 0 0 1 12 21c-2.17 0-4.207-.576-5.963-1.584A6.062 6.062 0 0 1 6 18.719m12 0a5.971 5.971 0 0 0-.941-3.197m0 0A5.995 5.995 0 0 0 12 12.75a5.995 5.995 0 0 0-5.058 2.772m0 0a3 3 0 0 0-4.681 2.72 8.986 8.986 0 0 0 3.74.477m.94-3.197a5.971 5.971 0 0 0-.94 3.197M15 6.75a3 3 0 1 1-6 0 3 3 0 0 1 6 0Zm6 3a2.25 2.25 0 1 1-4.5 0 2.25 2.25 0 0 1 4.5 0Zm-13.5 0a2.25 2.25 0 1 1-4.5 0 2.25 2.25 0 0 1 4.5 0Z\\&quot;\\/&gt;&lt;\\/svg&gt;&quot;,&quot;visible&quot;:true},{&quot;s&quot;:&quot;arr&quot;}],[{&quot;label&quot;:&quot;Alumnos&quot;,&quot;route&quot;:&quot;alumnos.index&quot;,&quot;route_prefix&quot;:&quot;alumnos&quot;,&quot;params&quot;:[[],{&quot;s&quot;:&quot;arr&quot;}],&quot;svg&quot;:&quot;&lt;svg class=\\&quot;w-5 h-5 shrink-0\\&quot; fill=\\&quot;none\\&quot; viewBox=\\&quot;0 0 24 24\\&quot; stroke-width=\\&quot;1.5\\&quot; stroke=\\&quot;currentColor\\&quot;&gt;&lt;path stroke-linecap=\\&quot;round\\&quot; stroke-linejoin=\\&quot;round\\&quot; d=\\&quot;M15.75 6a3.75 3.75 0 1 1-7.5 0 3.75 3.75 0 0 1 7.5 0ZM4.501 20.118a7.5 7.5 0 0 1 14.998 0A17.933 17.933 0 0 1 12 21.75c-2.676 0-5.216-.584-7.499-1.632Z\\&quot;\\/&gt;&lt;\\/svg&gt;&quot;,&quot;visible&quot;:true},{&quot;s&quot;:&quot;arr&quot;}],[{&quot;label&quot;:&quot;Calificaciones&quot;,&quot;route&quot;:&quot;calificaciones.index&quot;,&quot;route_prefix&quot;:&quot;calificaciones&quot;,&quot;params&quot;:[[],{&quot;s&quot;:&quot;arr&quot;}],&quot;svg&quot;:&quot;&lt;svg class=\\&quot;w-5 h-5 shrink-0\\&quot; fill=\\&quot;none\\&quot; viewBox=\\&quot;0 0 24 24\\&quot; stroke-width=\\&quot;1.5\\&quot; stroke=\\&quot;currentColor\\&quot;&gt;&lt;path stroke-linecap=\\&quot;round\\&quot; stroke-linejoin=\\&quot;round\\&quot; d=\\&quot;M9 12h3.75M9 15h3.75M9 18h3.75m3 .75H18a2.25 2.25 0 0 0 2.25-2.25V6.108c0-1.135-.845-2.098-1.976-2.192a48.424 48.424 0 0 0-1.123-.08m-5.801 0c-.065.21-.1.433-.1.664 0 .414.336.75.75.75h4.5a.75.75 0 0 0 .75-.75 2.25 2.25 0 0 0-.1-.664m-5.8 0A2.251 2.251 0 0 1 13.5 2.25H15a2.25 2.25 0 0 1 2.15 1.586m-5.8 0c-.376.023-.75.05-1.124.08C9.095 4.01 8.25 4.973 8.25 6.108V8.25m0 0H4.875c-.621 0-1.125.504-1.125 1.125v11.25c0 .621.504 1.125 1.125 1.125h9.75c.621 0 1.125-.504 1.125-1.125V9.375c0-.621-.504-1.125-1.125-1.125H8.25ZM6.75 12h.008v.008H6.75V12Zm0 3h.008v.008H6.75V15Zm0 3h.008v.008H6.75V18Z\\&quot;\\/&gt;&lt;\\/svg&gt;&quot;,&quot;visible&quot;:true},{&quot;s&quot;:&quot;arr&quot;}],[{&quot;label&quot;:&quot;Asistencia&quot;,&quot;route&quot;:&quot;asistencia.index&quot;,&quot;route_prefix&quot;:&quot;asistencia&quot;,&quot;params&quot;:[[],{&quot;s&quot;:&quot;arr&quot;}],&quot;svg&quot;:&quot;&lt;svg class=\\&quot;w-5 h-5 shrink-0\\&quot; fill=\\&quot;none\\&quot; viewBox=\\&quot;0 0 24 24\\&quot; stroke-width=\\&quot;1.5\\&quot; stroke=\\&quot;currentColor\\&quot;&gt;&lt;path stroke-linecap=\\&quot;round\\&quot; stroke-linejoin=\\&quot;round\\&quot; d=\\&quot;M6.75 3v2.25M17.25 3v2.25M3 18.75V7.5a2.25 2.25 0 0 1 2.25-2.25h13.5A2.25 2.25 0 0 1 21 7.5v11.25m-18 0A2.25 2.25 0 0 0 5.25 21h13.5A2.25 2.25 0 0 0 21 18.75m-18 0v-7.5A2.25 2.25 0 0 1 5.25 9h13.5A2.25 2.25 0 0 1 21 11.25v7.5m-9-6h.008v.008H12v-.008ZM12 15h.008v.008H12V15Zm0 2.25h.008v.008H12v-.008ZM9.75 15h.008v.008H9.75V15Zm0 2.25h.008v.008H9.75v-.008ZM7.5 15h.008v.008H7.5V15Zm0 2.25h.008v.008H7.5v-.008Zm6.75-4.5h.008v.008h-.008v-.008Zm0 2.25h.008v.008h-.008V15Zm0 2.25h.008v.008h-.008v-.008Zm2.25-4.5h.008v.008H16.5v-.008Zm0 2.25h.008v.008H16.5V15Z\\&quot;\\/&gt;&lt;\\/svg&gt;&quot;,&quot;visible&quot;:true},{&quot;s&quot;:&quot;arr&quot;}],[{&quot;label&quot;:&quot;Reinscripciones&quot;,&quot;route&quot;:&quot;reinscripciones.index&quot;,&quot;route_prefix&quot;:&quot;reinscripciones&quot;,&quot;params&quot;:[[],{&quot;s&quot;:&quot;arr&quot;}],&quot;svg&quot;:&quot;&lt;svg class=\\&quot;w-5 h-5 shrink-0\\&quot; fill=\\&quot;none\\&quot; viewBox=\\&quot;0 0 24 24\\&quot; stroke-width=\\&quot;1.5\\&quot; stroke=\\&quot;currentColor\\&quot;&gt;&lt;path stroke-linecap=\\&quot;round\\&quot; stroke-linejoin=\\&quot;round\\&quot; d=\\&quot;M16.023 9.348h4.992v-.001M2.985 19.644v-4.992m0 0h4.992m-4.993 0l3.181 3.183a8.25 8.25 0 0013.803-3.7M4.031 9.865a8.25 8.25 0 0113.803-3.7l3.181 3.182M2.985 19.644l3.181-3.182\\&quot;\\/&gt;&lt;\\/svg&gt;&quot;,&quot;visible&quot;:true},{&quot;s&quot;:&quot;arr&quot;}]],{&quot;s&quot;:&quot;arr&quot;}],&quot;Reportes&quot;:[[[{&quot;label&quot;:&quot;Boleta&quot;,&quot;route&quot;:&quot;boleta.index&quot;,&quot;route_prefix&quot;:&quot;boleta&quot;,&quot;params&quot;:[[],{&quot;s&quot;:&quot;arr&quot;}],&quot;svg&quot;:&quot;&lt;svg class=\\&quot;w-5 h-5 shrink-0\\&quot; fill=\\&quot;none\\&quot; viewBox=\\&quot;0 0 24 24\\&quot; stroke-width=\\&quot;1.5\\&quot; stroke=\\&quot;currentColor\\&quot;&gt;&lt;path stroke-linecap=\\&quot;round\\&quot; stroke-linejoin=\\&quot;round\\&quot; d=\\&quot;M19.5 14.25v-2.625a3.375 3.375 0 0 0-3.375-3.375h-1.5A1.125 1.125 0 0 1 13.5 7.125v-1.5a3.375 3.375 0 0 0-3.375-3.375H8.25m0 12.75h7.5m-7.5 3H12M10.5 2.25H5.625c-.621 0-1.125.504-1.125 1.125v17.25c0 .621.504 1.125 1.125 1.125h12.75c.621 0 1.125-.504 1.125-1.125V11.25a9 9 0 0 0-9-9Z\\&quot;\\/&gt;&lt;\\/svg&gt;&quot;,&quot;visible&quot;:true},{&quot;s&quot;:&quot;arr&quot;}],[{&quot;label&quot;:&quot;Reportes&quot;,&quot;route&quot;:&quot;reportes.index&quot;,&quot;route_prefix&quot;:&quot;reportes&quot;,&quot;params&quot;:[[],{&quot;s&quot;:&quot;arr&quot;}],&quot;svg&quot;:&quot;&lt;svg class=\\&quot;w-5 h-5 shrink-0\\&quot; fill=\\&quot;none\\&quot; viewBox=\\&quot;0 0 24 24\\&quot; stroke-width=\\&quot;1.5\\&quot; stroke=\\&quot;currentColor\\&quot;&gt;&lt;path stroke-linecap=\\&quot;round\\&quot; stroke-linejoin=\\&quot;round\\&quot; d=\\&quot;M3 13.125C3 12.504 3.504 12 4.125 12h2.25c.621 0 1.125.504 1.125 1.125v6.75C7.5 20.496 6.996 21 6.375 21h-2.25A1.125 1.125 0 0 1 3 19.875v-6.75ZM9.75 8.625c0-.621.504-1.125 1.125-1.125h2.25c.621 0 1.125.504 1.125 1.125v11.25c0 .621-.504 1.125-1.125 1.125h-2.25a1.125 1.125 0 0 1-1.125-1.125V8.625ZM16.5 4.125c0-.621.504-1.125 1.125-1.125h2.25C20.496 3 21 3.504 21 4.125v15.75c0 .621-.504 1.125-1.125 1.125h-2.25a1.125 1.125 0 0 1-1.125-1.125V4.125Z\\&quot;\\/&gt;&lt;\\/svg&gt;&quot;,&quot;visible&quot;:true},{&quot;s&quot;:&quot;arr&quot;}]],{&quot;s&quot;:&quot;arr&quot;}],&quot;Tutor&quot;:[[[{&quot;label&quot;:&quot;Tutor Dashboard&quot;,&quot;route&quot;:&quot;tutor.dashboard&quot;,&quot;route_prefix&quot;:&quot;tutor&quot;,&quot;params&quot;:[[],{&quot;s&quot;:&quot;arr&quot;}],&quot;svg&quot;:&quot;&lt;svg class=\\&quot;w-5 h-5 shrink-0\\&quot; fill=\\&quot;none\\&quot; viewBox=\\&quot;0 0 24 24\\&quot; stroke-width=\\&quot;1.5\\&quot; stroke=\\&quot;currentColor\\&quot;&gt;&lt;path stroke-linecap=\\&quot;round\\&quot; stroke-linejoin=\\&quot;round\\&quot; d=\\&quot;M9 12.75 11.25 15 15 9.75M21 12a9 9 0 1 1-18 0 9 9 0 0 1 18 0Z\\&quot;\\/&gt;&lt;\\/svg&gt;&quot;,&quot;visible&quot;:false},{&quot;s&quot;:&quot;arr&quot;}]],{&quot;s&quot;:&quot;arr&quot;}]},{&quot;s&quot;:&quot;arr&quot;}]},&quot;memo&quot;:{&quot;id&quot;:&quot;cpqS1abz12hdpadYWw4y&quot;,&quot;name&quot;:&quot;nav-sidebar&quot;,&quot;path&quot;:&quot;dashboard&quot;,&quot;method&quot;:&quot;GET&quot;,&quot;release&quot;:&quot;a-a-a&quot;,&quot;children&quot;:[],&quot;scripts&quot;:[],&quot;assets&quot;:[],&quot;errors&quot;:[],&quot;locale&quot;:&quot;en&quot;,&quot;islands&quot;:[]},&quot;checksum&quot;:&quot;676af581c7782726f23369269fe00b681686645fd161023322c29d78bcfed485&quot;}\" wire:effects=\"[]\" wire:id=\"cpqS1abz12hdpadYWw4y\" wire:name=\"nav-sidebar\" class=\"space-y-1\">\\n\n <!--[if BLOCK]><![endif]--> <!--[if BLOCK]><![endif]--> <p class=\"px-3 py-1 text-xs font-semibold uppercase tracking-wider text-zinc-500 dark:text-zinc-400\">\\n\n General\\n\n </p>\\n\n <!--[if BLOCK]><![endif]--> <a\\n\n href=\"http://localhost:8000/dashboard\"\\n\n wire:navigate\\n\n class=\"flex items-center gap-3 px-3 py-2 rounded-lg text-sm font-medium transition-colors bg-zinc-200 dark:bg-zinc-700 text-zinc-900 dark:text-white\"\\n\n >\\n\n <svg class=\"w-5 h-5 shrink-0\" fill=\"none\" viewBox=\"0 0 24 24\" stroke-width=\"1.5\" stroke=\"currentColor\"><path stroke-linecap=\"round\" stroke-linejoin=\"round\" d=\"M2.25 12l8.954-8.955a1.126 1.126 0 011.591 0L21.75 12M4.5 9.75v10.125c0 .621.504 1.125 1.125 1.125H9.75v-4.875c0-.621.504-1.125 1.125-1.125h2.25c.621 0 1.125.504 1.125 1.125V21h4.125c.621 0 1.125-.504 1.125-1.125V9.75M8.25 21h8.25\"/></svg>\\n\n <span>Dashboard</span>\\n\n </a>\\n\n <!--[if ENDBLOCK]><![endif]--> <!--[if ENDBLOCK]><![endif]--> <!--[if BLOCK]><![endif]--><!--[if ENDBLOCK]><![endif]--> <!--[if BLOCK]><![endif]--> <p class=\"px-3 py-1 text-xs font-semibold uppercase tracking-wider text-zinc-500 dark:text-zinc-400\">\\n\n Acad\u00e9mico\\n\n </p>\\n\n <!--[if BLOCK]><![endif]--> <a\\n\n href=\"http://localhost:8000/grupos\"\\n\n wire:navigate\\n\n class=\"flex items-center gap-3 px-3 py-2 rounded-lg text-sm font-medium transition-colors text-zinc-600 dark:text-zinc-400 hover:bg-zinc-100 dark:hover:bg-zinc-700/50 hover:text-zinc-900 dark:hover:text-white\"\\n\n >\\n\n <svg class=\"w-5 h-5 shrink-0\" fill=\"none\" viewBox=\"0 0 24 24\" stroke-width=\"1.5\" stroke=\"currentColor\"><path stroke-linecap=\"round\" stroke-linejoin=\"round\" d=\"M18 18.72a9.094 9.094 0 0 0 3.741-.479 3 3 0 0 0-4.682-2.72m.94 3.198.001.031c0 .225-.012.447-.037.666A11.944 11.944 0 0 1 12 21c-2.17 0-4.207-.576-5.963-1.584A6.062 6.062 0 0 1 6 18.719m12 0a5.971 5.971 0 0 0-.941-3.197m0 0A5.995 5.995 0 0 0 12 12.75a5.995 5.995 0 0 0-5.058 2.772m0 0a3 3 0 0 0-4.681 2.72 8.986 8.986 0 0 0 3.74.477m.94-3.197a5.971 5.971 0 0 0-.94 3.197M15 6.75a3 3 0 1 1-6 0 3 3 0 0 1 6 0Zm6 3a2.25 2.25 0 1 1-4.5 0 2.25 2.25 0 0 1 4.5 0Zm-13.5 0a2.25 2.25 0 1 1-4.5 0 2.25 2.25 0 0 1 4.5 0Z\"/></svg>\\n\n <span>Grupos</span>\\n\n </a>\\n\n <a\\n\n href=\"http://localhost:8000/alumnos\"\\n\n wire:navigate\\n\n class=\"flex items-center gap-3 px-3 py-2 rounded-lg text-sm font-medium transition-colors text-zinc-600 dark:text-zinc-400 hover:bg-zinc-100 dark:hover:bg-zinc-700/50 hover:text-zinc-900 dark:hover:text-white\"\\n\n >\\n\n <svg class=\"w-5 h-5 shrink-0\" fill=\"none\" viewBox=\"0 0 24 24\" stroke-width=\"1.5\" stroke=\"currentColor\"><path stroke-linecap=\"round\" stroke-linejoin=\"round\" d=\"M15.75 6a3.75 3.75 0 1 1-7.5 0 3.75 3.75 0 0 1 7.5 0ZM4.501 20.118a7.5 7.5 0 0 1 14.998 0A17.933 17.933 0 0 1 12 21.75c-2.676 0-5.216-.584-7.499-1.632Z\"/></svg>\\n\n <span>Alumnos</span>\\n\n </a>\\n\n <a\\n\n href=\"http://localhost:8000/calificaciones\"\\n\n wire:navigate\\n\n class=\"flex items-center gap-3 px-3 py-2 rounded-lg text-sm font-medium transition-colors text-zinc-600 dark:text-zinc-400 hover:bg-zinc-100 dark:hover:bg-zinc-700/50 hover:text-zinc-900 dark:hover:text-white\"\\n\n >\\n\n <svg class=\"w-5 h-5 shrink-0\" fill=\"none\" viewBox=\"0 0 24 24\" stroke-width=\"1.5\" stroke=\"currentColor\"><path stroke-linecap=\"round\" stroke-linejoin=\"round\" d=\"M9 12h3.75M9 15h3.75M9 18h3.75m3 .75H18a2.25 2.25 0 0 0 2.25-2.25V6.108c0-1.135-.845-2.098-1.976-2.192a48.424 48.424 0 0 0-1.123-.08m-5.801 0c-.065.21-.1.433-.1.664 0 .414.336.75.75.75h4.5a.75.75 0 0 0 .75-.75 2.25 2.25 0 0 0-.1-.664m-5.8 0A2.251 2.251 0 0 1 13.5 2.25H15a2.25 2.25 0 0 1 2.15 1.586m-5.8 0c-.376.023-.75.05-1.124.08C9.095 4.01 8.25 4.973 8.25 6.108V8.25m0 0H4.875c-.621 0-1.125.504-1.125 1.125v11.25c0 .621.504 1.125 1.125 1.125h9.75c.621 0 1.125-.504 1.125-1.125V9.375c0-.621-.504-1.125-1.125-1.125H8.25ZM6.75 12h.008v.008H6.75V12Zm0 3h.008v.008H6.75V15Zm0 3h.008v.008H6.75V18Z\"/></svg>\\n\n <span>Calificaciones</span>\\n\n </a>\\n\n <a\\n\n href=\"http://localhost:8000/asistencia\"\\n\n wire:navigate\\n\n class=\"flex items-center gap-3 px-3 py-2 rounded-lg text-sm font-medium transition-colors text-zinc-600 dark:text-zinc-400 hover:bg-zinc-100 dark:hover:bg-zinc-700/50 hover:text-zinc-900 dark:hover:text-white\"\\n\n >\\n\n <svg class=\"w-5 h-5 shrink-0\" fill=\"none\" viewBox=\"0 0 24 24\" stroke-width=\"1.5\" stroke=\"currentColor\"><path stroke-linecap=\"round\" stroke-linejoin=\"round\" d=\"M6.75 3v2.25M17.25 3v2.25M3 18.75V7.5a2.25 2.25 0 0 1 2.25-2.25h13.5A2.25 2.25 0 0 1 21 7.5v11.25m-18 0A2.25 2.25 0 0 0 5.25 21h13.5A2.25 2.25 0 0 0 21 18.75m-18 0v-7.5A2.25 2.25 0 0 1 5.25 9h13.5A2.25 2.25 0 0 1 21 11.25v7.5m-9-6h.008v.008H12v-.008ZM12 15h.008v.008H12V15Zm0 2.25h.008v.008H12v-.008ZM9.75 15h.008v.008H9.75V15Zm0 2.25h.008v.008H9.75v-.008ZM7.5 15h.008v.008H7.5V15Zm0 2.25h.008v.008H7.5v-.008Zm6.75-4.5h.008v.008h-.008v-.008Zm0 2.25h.008v.008h-.008V15Zm0 2.25h.008v.008h-.008v-.008Zm2.25-4.5h.008v.008H16.5v-.008Zm0 2.25h.008v.008H16.5V15Z\"/></svg>\\n\n <span>Asistencia</span>\\n\n </a>\\n\n <a\\n\n href=\"http://localhost:8000/reinscripciones\"\\n\n wire:navigate\\n\n class=\"flex items-center gap-3 px-3 py-2 rounded-lg text-sm font-medium transition-colors text-zinc-600 dark:text-zinc-400 hover:bg-zinc-100 dark:hover:bg-zinc-700/50 hover:text-zinc-900 dark:hover:text-white\"\\n\n >\\n\n <svg class=\"w-5 h-5 shrink-0\" fill=\"none\" viewBox=\"0 0 24 24\" stroke-width=\"1.5\" stroke=\"currentColor\"><path stroke-linecap=\"round\" stroke-linejoin=\"round\" d=\"M16.023 9.348h4.992v-.001M2.985 19.644v-4.992m0 0h4.992m-4.993 0l3.181 3.183a8.25 8.25 0 0013.803-3.7M4.031 9.865a8.25 8.25 0 0113.803-3.7l3.181 3.182M2.985 19.644l3.181-3.182\"/></svg>\\n\n <span>Reinscripciones</span>\\n\n </a>\\n\n <!--[if ENDBLOCK]><![endif]--> <!--[if ENDBLOCK]><![endif]--> <!--[if BLOCK]><![endif]--> <p class=\"px-3 py-1 text-xs font-semibold uppercase tracking-wider text-zinc-500 dark:text-zinc-400\">\\n\n Reportes\\n\n </p>\\n\n <!--[if BLOCK]><![endif]--> <a\\n\n href=\"http://localhost:8000/boleta\"\\n\n wire:navigate\\n\n class=\"flex items-center gap-3 px-3 py-2 rounded-lg text-sm font-medium transition-colors text-zinc-600 dark:text-zinc-400 hover:bg-zinc-100 dark:hover:bg-zinc-700/50 hover:text-zinc-900 dark:hover:text-white\"\\n\n >\\n\n <svg class=\"w-5 h-5 shrink-0\" fill=\"none\" viewBox=\"0 0 24 24\" stroke-width=\"1.5\" stroke=\"currentColor\"><path stroke-linecap=\"round\" stroke-linejoin=\"round\" d=\"M19.5 14.25v-2.625a3.375 3.375 0 0 0-3.375-3.375h-1.5A1.125 1.125 0 0 1 13.5 7.125v-1.5a3.375 3.375 0 0 0-3.375-3.375H8.25m0 12.75h7.5m-7.5 3H12M10.5 2.25H5.625c-.621 0-1.125.504-1.125 1.125v17.25c0 .621.504 1.125 1.125 1.125h12.75c.621 0 1.125-.504 1.125-1.125V11.25a9 9 0 0 0-9-9Z\"/></svg>\\n\n <span>Boleta</span>\\n\n </a>\\n\n <a\\n\n href=\"http://localhost:8000/reportes\"\\n\n wire:navigate\\n\n class=\"flex items-center gap-3 px-3 py-2 rounded-lg text-sm font-medium transition-colors text-zinc-600 dark:text-zinc-400 hover:bg-zinc-100 dark:hover:bg-zinc-700/50 hover:text-zinc-900 dark:hover:text-white\"\\n\n >\\n\n <svg class=\"w-5 h-5 shrink-0\" fill=\"none\" viewBox=\"0 0 24 24\" stroke-width=\"1.5\" stroke=\"currentColor\"><path stroke-linecap=\"round\" stroke-linejoin=\"round\" d=\"M3 13.125C3 12.504 3.504 12 4.125 12h2.25c.621 0 1.125.504 1.125 1.125v6.75C7.5 20.496 6.996 21 6.375 21h-2.25A1.125 1.125 0 0 1 3 19.875v-6.75ZM9.75 8.625c0-.621.504-1.125 1.125-1.125h2.25c.621 0 1.125.504 1.125 1.125v11.25c0 .621-.504 1.125-1.125 1.125h-2.25a1.125 1.125 0 0 1-1.125-1.125V8.625ZM16.5 4.125c0-.621.504-1.125 1.125-1.125h2.25C20.496 3 21 3.504 21 4.125v15.75c0 .621-.504 1.125-1.125 1.125h-2.25a1.125 1.125 0 0 1-1.125-1.125V4.125Z\"/></svg>\\n\n <span>Reportes</span>\\n\n </a>\\n\n <!--[if ENDBLOCK]><![endif]--> <!--[if ENDBLOCK]><![endif]--> <!--[if BLOCK]><![endif]--><!--[if ENDBLOCK]><![endif]--> <!--[if ENDBLOCK]><![endif]--></div>\\n\n </nav>\\n\n\\n\n \\n\n \\n\n <div class=\"shrink-0 hidden lg:block border-t border-zinc-200 dark:border-zinc-700 p-2\">\\n\n <div x-data=\"{ open: false }\" class=\"relative\">\\n\n <button @click=\"open = !open\" @click.away=\"open = false\" class=\"flex w-full items-center gap-2 rounded-lg p-2 text-sm hover:bg-zinc-100 dark:hover:bg-zinc-700 transition-colors\">\\n\n <span class=\"flex h-7 w-7 items-center justify-center rounded-full bg-zinc-200 dark:bg-zinc-600 text-xs font-semibold text-zinc-600 dark:text-zinc-300\">\\n\n WG\\n\n </span>\\n\n <span class=\"flex-1 text-left truncate font-medium\">Warren Gulgowski</span>\\n\n <svg class=\"w-4 h-4 text-zinc-400 shrink-0\" fill=\"none\" viewBox=\"0 0 24 24\" stroke-width=\"1.5\" stroke=\"currentColor\">\\n\n <path stroke-linecap=\"round\" stroke-linejoin=\"round\" d=\"M8.25 15L12 18.75 15.75 15m-7.5-6L12 5.25 15.75 9\" />\\n\n </svg>\\n\n </button>\\n\n\\n\n <div x-show=\"open\" x-cloak class=\"absolute bottom-full left-0 right-0 mb-1 rounded-lg border border-zinc-200 dark:border-zinc-700 bg-white dark:bg-zinc-800 shadow-lg overflow-hidden\">\\n\n <div class=\"px-3 py-2 text-xs text-zinc-500 dark:text-zinc-400 border-b border-zinc-100 dark:border-zinc-700\">\\n\n little.dawson@example.org\\n\n </div>\\n\n <a href=\"http://localhost:8000/settings/profile\" wire:navigate class=\"flex items-center gap-2 px-3 py-2 text-sm hover:bg-zinc-100 dark:hover:bg-zinc-700 transition-colors\">\\n\n <svg class=\"w-4 h-4\" fill=\"none\" viewBox=\"0 0 24 24\" stroke-width=\"1.5\" stroke=\"currentColor\">\\n\n <path stroke-linecap=\"round\" stroke-linejoin=\"round\" d=\"M9.594 3.94c.09-.542.56-.94 1.11-.94h2.593c.55 0 1.02.398 1.11.94l.213 1.281c.063.374.313.686.645.87.074.04.147.083.22.127.324.196.72.257 1.075.124l1.217-.456a1.125 1.125 0 011.37.49l1.296 2.247a1.125 1.125 0 01-.26 1.431l-1.003.827c-.293.24-.438.613-.431.992a6.759 6.759 0 010 .255c-.007.378.138.75.43.99l1.005.828c.424.35.534.954.26 1.43l-1.298 2.247a1.125 1.125 0 01-1.369.491l-1.217-.456c-.355-.133-.75-.072-1.076.124a6.57 6.57 0 01-.22.128c-.331.183-.581.495-.644.869l-.213 1.28c-.09.543-.56.941-1.11.941h-2.594c-.55 0-1.02-.398-1.11-.94l-.213-1.281c-.062-.374-.312-.686-.644-.87a6.52 6.52 0 01-.22-.127c-.325-.196-.72-.257-1.076-.124l-1.217.456a1.125 1.125 0 01-1.369-.49l-1.297-2.247a1.125 1.125 0 01.26-1.431l1.004-.827c.292-.24.437-.613.43-.992a6.932 6.932 0 010-.255c.007-.378-.138-.75-.43-.99l-1.004-.828a1.125 1.125 0 01-.26-1.43l1.297-2.247a1.125 1.125 0 011.37-.491l1.216.456c.356.133.751.072 1.076-.124.072-.044.146-.087.22-.128.332-.183.582-.495.644-.869l.214-1.281z\" />\\n\n <path stroke-linecap=\"round\" stroke-linejoin=\"round\" d=\"M15 12a3 3 0 11-6 0 3 3 0 016 0z\" />\\n\n </svg>\\n\n Settings\\n\n </a>\\n\n <form method=\"POST\" action=\"http://localhost:8000/logout\" class=\"w-full\">\\n\n <input type=\"hidden\" name=\"_token\" value=\"LFx7B3tFTnJOSgAuvtVVEXBpXbafzVgu4iyEDclC\" autocomplete=\"off\"> <button type=\"submit\" class=\"flex w-full items-center gap-2 px-3 py-2 text-sm text-red-600 dark:text-red-400 hover:bg-red-50 dark:hover:bg-red-900/20 transition-colors\">\\n\n <svg class=\"w-4 h-4\" fill=\"none\" viewBox=\"0 0 24 24\" stroke-width=\"1.5\" stroke=\"currentColor\">\\n\n <path stroke-linecap=\"round\" stroke-linejoin=\"round\" d=\"M15.75 9V5.25A2.25 2.25 0 0013.5 3h-6a2.25 2.25 0 00-2.25 2.25v13.5A2.25 2.25 0 007.5 21h6a2.25 2.25 0 002.25-2.25V15m3 0l3-3m0 0l-3-3m3 3H9\" />\\n\n </svg>\\n\n Log out\\n\n </button>\\n\n </form>\\n\n </div>\\n\n </div>\\n\n </div>\\n\n\\n\n </aside>\\n\n\\n\n \\n\n <div\\n\n x-show=\"sidebarOpen\"\\n\n x-cloak\\n\n @click=\"sidebarOpen = false\"\\n\n class=\"fixed inset-0 z-40 bg-black/50 lg:hidden\"\\n\n ></div>\\n\n\\n\n \\n\n \\n\n \\n\n <div class=\"flex min-w-0 flex-1 flex-col min-h-0 overflow-y-auto\">\\n\n \\n\n <header class=\"sticky top-0 z-30 flex items-center gap-3 border-b border-zinc-200 dark:border-zinc-700 bg-white dark:bg-zinc-800 px-4 py-2 lg:hidden\">\\n\n <button @click=\"sidebarOpen = true\" class=\"p-1 rounded-md hover:bg-zinc-100 dark:hover:bg-zinc-700\">\\n\n <svg class=\"w-6 h-6\" fill=\"none\" viewBox=\"0 0 24 24\" stroke-width=\"1.5\" stroke=\"currentColor\">\\n\n <path stroke-linecap=\"round\" stroke-linejoin=\"round\" d=\"M3.75 6.75h16.5M3.75 12h16.5m-16.5 5.25h16.5\" />\\n\n </svg>\\n\n </button>\\n\n\\n\n <a href=\"http://localhost:8000/dashboard\" wire:navigate class=\"flex items-center gap-1\">\\n\n <svg xmlns=\"http://www.w3.org/2000/svg\" viewBox=\"0 0 40 42\" class=\"h-7 w-auto text-accent-content\">\\n\n <path \\n\n fill=\"currentColor\" \\n\n fill-rule=\"evenodd\" \\n\n clip-rule=\"evenodd\"\\n\n d=\"M17.2 5.633 8.6.855 0 5.633v26.51l16.2 9 16.2-9v-8.442l7.6-4.223V9.856l-8.6-4.777-8.6 4.777V18.3l-5.6 3.111V5.633ZM38 18.301l-5.6 3.11v-6.157l5.6-3.11V18.3Zm-1.06-7.856-5.54 3.078-5.54-3.079 5.54-3.078 5.54 3.079ZM24.8 18.3v-6.157l5.6 3.111v6.158L24.8 18.3Zm-1 1.732 5.54 3.078-13.14 7.302-5.54-3.078 13.14-7.3v-.002Zm-16.2 7.89 7.6 4.222V38.3L2 30.966V7.92l5.6 3.111v16.892ZM8.6 9.3 3.06 6.222 8.6 3.143l5.54 3.08L8.6 9.3Zm21.8 15.51-13.2 7.334V38.3l13.2-7.334v-6.156ZM9.6 11.034l5.6-3.11v14.6l-5.6 3.11v-14.6Z\"\\n\n />\\n\n</svg>\\n\n <span class=\"text-sm font-bold\">Laravel</span>\\n\n </a>\\n\n\\n\n <div class=\"flex-1\"></div>\\n\n\\n\n \\n\n <div x-data=\"{ open: false }\" class=\"relative\">\\n\n <button @click=\"open = !open\" class=\"flex items-center gap-1 p-1 rounded-md hover:bg-zinc-100 dark:hover:bg-zinc-700\">\\n\n <span class=\"flex h-7 w-7 items-center justify-center rounded-full bg-zinc-200 dark:bg-zinc-600 text-xs font-semibold text-zinc-600 dark:text-zinc-300\">\\n\n WG\\n\n </span>\\n\n <svg class=\"w-4 h-4 text-zinc-400\" fill=\"none\" viewBox=\"0 0 24 24\" stroke-width=\"1.5\" stroke=\"currentColor\">\\n\n <path stroke-linecap=\"round\" stroke-linejoin=\"round\" d=\"M19.5 8.25l-7.5 7.5-7.5-7.5\" />\\n\n </svg>\\n\n </button>\\n\n\\n\n <div x-show=\"open\" @click.away=\"open = false\" x-cloak class=\"absolute right-0 top-full mt-1 w-56 rounded-lg border border-zinc-200 dark:border-zinc-700 bg-white dark:bg-zinc-800 shadow-lg overflow-hidden\">\\n\n <div class=\"px-3 py-2 border-b border-zinc-100 dark:border-zinc-700\">\\n\n <p class=\"text-sm font-medium truncate\">Warren Gulgowski</p>\\n\n <p class=\"text-xs text-zinc-500 dark:text-zinc-400 truncate\">little.dawson@example.org</p>\\n\n </div>\\n\n <a href=\"http://localhost:8000/settings/profile\" wire:navigate class=\"flex items-center gap-2 px-3 py-2 text-sm hover:bg-zinc-100 dark:hover:bg-zinc-700 transition-colors\">\\n\n <svg class=\"w-4 h-4\" fill=\"none\" viewBox=\"0 0 24 24\" stroke-width=\"1.5\" stroke=\"currentColor\">\\n\n <path stroke-linecap=\"round\" stroke-linejoin=\"round\" d=\"M9.594 3.94c.09-.542.56-.94 1.11-.94h2.593c.55 0 1.02.398 1.11.94l.213 1.281c.063.374.313.686.645.87.074.04.147.083.22.127.324.196.72.257 1.075.124l1.217-.456a1.125 1.125 0 011.37.49l1.296 2.247a1.125 1.125 0 01-.26 1.431l-1.003.827c-.293.24-.438.613-.431.992a6.759 6.759 0 010 .255c-.007.378.138.75.43.99l1.005.828c.424.35.534.954.26 1.43l-1.298 2.247a1.125 1.125 0 01-1.369.491l-1.217-.456c-.355-.133-.75-.072-1.076.124a6.57 6.57 0 01-.22.128c-.331.183-.581.495-.644.869l-.213 1.28c-.09.543-.56.941-1.11.941h-2.594c-.55 0-1.02-.398-1.11-.94l-.213-1.281c-.062-.374-.312-.686-.644-.87a6.52 6.52 0 01-.22-.127c-.325-.196-.72-.257-1.076-.124l-1.217.456a1.125 1.125 0 01-1.369-.49l-1.297-2.247a1.125 1.125 0 01.26-1.431l1.004-.827c.292-.24.437-.613.43-.992a6.932 6.932 0 010-.255c.007-.378-.138-.75-.43-.99l-1.004-.828a1.125 1.125 0 01-.26-1.43l1.297-2.247a1.125 1.125 0 011.37-.491l1.216.456c.356.133.751.072 1.076-.124.072-.044.146-.087.22-.128.332-.183.582-.495.644-.869l.214-1.281z\" />\\n\n <path stroke-linecap=\"round\" stroke-linejoin=\"round\" d=\"M15 12a3 3 0 11-6 0 3 3 0 016 0z\" />\\n\n </svg>\\n\n Settings\\n\n </a>\\n\n <form method=\"POST\" action=\"http://localhost:8000/logout\" class=\"w-full\">\\n\n <input type=\"hidden\" name=\"_token\" value=\"LFx7B3tFTnJOSgAuvtVVEXBpXbafzVgu4iyEDclC\" autocomplete=\"off\"> <button type=\"submit\" class=\"flex w-full items-center gap-2 px-3 py-2 text-sm text-red-600 dark:text-red-400 hover:bg-red-50 dark:hover:bg-red-900/20 transition-colors\">\\n\n <svg class=\"w-4 h-4\" fill=\"none\" viewBox=\"0 0 24 24\" stroke-width=\"1.5\" stroke=\"currentColor\">\\n\n <path stroke-linecap=\"round\" stroke-linejoin=\"round\" d=\"M15.75 9V5.25A2.25 2.25 0 0013.5 3h-6a2.25 2.25 0 00-2.25 2.25v13.5A2.25 2.25 0 007.5 21h6a2.25 2.25 0 002.25-2.25V15m3 0l3-3m0 0l-3-3m3 3H9\" />\\n\n </svg>\\n\n Log out\\n\n </button>\\n\n </form>\\n\n </div>\\n\n </div>\\n\n </header>\\n\n\\n\n \\n\n <main class=\"flex-1 p-6 mx-auto w-full max-w-7xl\">\\n\n <div class=\"[grid-area:main] p-6 lg:p-8 [[data-flux-container]_&amp;]:px-0\" data-flux-main>\\n\n <div class=\"flex h-full w-full flex-1 flex-col gap-4 rounded-xl\">\\n\n \\n\n <div class=\"hidden lg:flex items-center justify-between border-b border-neutral-200 pb-4 dark:border-neutral-700\">\\n\n <h1 class=\"text-2xl font-bold\">Dashboard</h1>\\n\n\\n\n <ui-dropdown position=\"bottom end\" data-flux-dropdown>\\n\n <button type=\"button\" class=\"flex items-center gap-2 rounded-full p-1 hover:bg-zinc-100 dark:hover:bg-zinc-700 transition-colors\">\\n\n <span class=\"flex h-9 w-9 items-center justify-center rounded-full bg-zinc-300 dark:bg-zinc-600 text-xs font-semibold text-zinc-700 dark:text-zinc-200\">\\n\n WG\\n\n </span>\\n\n <svg\\n\n class=\"shrink-0 [:where(&amp;)]:size-4 size-4 text-zinc-400\"\\n\n data-flux-icon\\n\n xmlns=\"http://www.w3.org/2000/svg\"\\n\n viewBox=\"0 0 24 24\"\\n\n fill=\"none\"\\n\n stroke=\"currentColor\"\\n\n stroke-width=\"2.5\"\\n\n stroke-linecap=\"round\"\\n\n stroke-linejoin=\"round\"\\n\n aria-hidden=\"true\"\\n\n data-slot=\"icon\"\\n\n>\\n\n <path d=\"m7 15 5 5 5-5\" />\\n\n <path d=\"m7 9 5-5 5 5\" />\\n\n</svg>\\n\n </button>\\n\n\\n\n <ui-menu\\n\n class=\"[:where(&amp;)]:min-w-48 p-[.3125rem] rounded-lg shadow-xs border border-zinc-200 dark:border-zinc-600 bg-white dark:bg-zinc-700 focus:outline-hidden\"\\n\n popover=\"manual\"\\n\n data-flux-menu\\n\n>\\n\n <div class=\"flex items-center gap-2 px-1 py-1.5 text-start text-sm\">\\n\n <span class=\"flex h-8 w-8 items-center justify-center rounded-full bg-zinc-200 dark:bg-zinc-600 text-xs font-semibold text-zinc-600 dark:text-zinc-300\">\\n\n WG\\n\n </span>\\n\n <div class=\"grid flex-1 text-start text-sm leading-tight\">\\n\n <div class=\"font-medium [:where(&amp;)]:text-zinc-800 [:where(&amp;)]:dark:text-white text-sm [&amp;:has(+[data-flux-subheading])]:mb-2 [[data-flux-subheading]+&amp;]:mt-2 truncate\" data-flux-heading>Warren Gulgowski</div>\\n\n <p class=\"[:where(&amp;)]:font-normal [:where(&amp;)]:text-sm [:where(&amp;)]:text-zinc-500 [:where(&amp;)]:dark:text-white/70 truncate\" data-flux-text >little.dawson@example.org</p> </div>\\n\n </div>\\n\n <div class=\"-mx-[.3125rem] my-[.3125rem] h-px\" data-flux-menu-separator>\\n\n <div data-orientation=\"horizontal\" role=\"none\" class=\"border-0 [print-color-adjust:exact] bg-zinc-800/15 dark:bg-white/20 h-px w-full dark:bg-zinc-600!\" data-flux-separator></div>\\n\n</div>\\n\n <ui-menu-radio-group data-flux-menu-radio-group>\\n\n <a href=\"http://localhost:8000/settings/profile\" data-flux-menu-item=\"data-flux-menu-item\" data-flux-menu-item-has-icon=\"data-flux-menu-item-has-icon\" class=\"flex items-center px-2 py-1.5 w-full focus:outline-hidden rounded-md text-start text-sm font-medium [&amp;[disabled]]:opacity-50 text-zinc-800 data-active:bg-zinc-50 dark:text-white dark:data-active:bg-zinc-600 **:data-flux-menu-item-icon:text-zinc-400 dark:**:data-flux-menu-item-icon:text-white/60 [&amp;[data-active]_[data-flux-menu-item-icon]]:text-current\" wire:navigate=\"\">\\n\n <svg class=\"shrink-0 [:where(&amp;)]:size-5 me-2\" data-flux-menu-item-icon=\"data-flux-menu-item-icon\" data-flux-icon xmlns=\"http://www.w3.org/2000/svg\" viewBox=\"0 0 20 20\" fill=\"currentColor\" aria-hidden=\"true\" data-slot=\"icon\">\\n\n <path d=\"M13.024 9.25c.47 0 .827-.433.637-.863a4 4 0 0 0-4.094-2.364c-.468.05-.665.576-.43.984l1.08 1.868a.75.75 0 0 0 .649.375h2.158ZM7.84 7.758c-.236-.408-.79-.5-1.068-.12A3.982 3.982 0 0 0 6 10c0 .884.287 1.7.772 2.363.278.38.832.287 1.068-.12l1.078-1.868a.75.75 0 0 0 0-.75L7.839 7.758ZM9.138 12.993c-.235.408-.039.934.43.984a4 4 0 0 0 4.094-2.364c.19-.43-.168-.863-.638-.863h-2.158a.75.75 0 0 0-.65.375l-1.078 1.868Z\"/>\\n\n <path fill-rule=\"evenodd\" d=\"m14.13 4.347.644-1.117a.75.75 0 0 0-1.299-.75l-.644 1.116a6.954 6.954 0 0 0-2.081-.556V1.75a.75.75 0 0 0-1.5 0v1.29a6.954 6.954 0 0 0-2.081.556L6.525 2.48a.75.75 0 1 0-1.3.75l.645 1.117A7.04 7.04 0 0 0 4.347 5.87L3.23 5.225a.75.75 0 1 0-.75 1.3l1.116.644A6.954 6.954 0 0 0 3.04 9.25H1.75a.75.75 0 0 0 0 1.5h1.29c.078.733.27 1.433.556 2.081l-1.116.645a.75.75 0 1 0 .75 1.298l1.117-.644a7.04 7.04 0 0 0 1.523 1.523l-.645 1.117a.75.75 0 1 0 1.3.75l.644-1.116a6.954 6.954 0 0 0 2.081.556v1.29a.75.75 0 0 0 1.5 0v-1.29a6.954 6.954 0 0 0 2.081-.556l.645 1.116a.75.75 0 0 0 1.299-.75l-.645-1.117a7.042 7.042 0 0 0 1.523-1.523l1.117.644a.75.75 0 0 0 .75-1.298l-1.116-.645a6.954 6.954 0 0 0 .556-2.081h1.29a.75.75 0 0 0 0-1.5h-1.29a6.954 6.954 0 0 0-.556-2.081l1.116-.644a.75.75 0 0 0-.75-1.3l-1.117.645a7.04 7.04 0 0 0-1.524-1.523ZM10 4.5a5.475 5.475 0 0 0-2.781.754A5.527 5.527 0 0 0 5.22 7.277 5.475 5.475 0 0 0 4.5 10a5.475 5.475 0 0 0 .752 2.777 5.527 5.527 0 0 0 2.028 2.004c.802.458 1.73.719 2.72.719a5.474 5.474 0 0 0 2.78-.753 5.527 5.527 0 0 0 2.001-2.027c.458-.802.719-1.73.719-2.72a5.475 5.475 0 0 0-.753-2.78 5.528 5.528 0 0 0-2.028-2.002A5.475 5.475 0 0 0 10 4.5Z\" clip-rule=\"evenodd\"/>\\n\n</svg>\\n\n\\n\n \\n\n Settings\\n\n </a>\\n\n <form method=\"POST\" action=\"http://localhost:8000/logout\" class=\"w-full\">\\n\n <input type=\"hidden\" name=\"_token\" value=\"LFx7B3tFTnJOSgAuvtVVEXBpXbafzVgu4iyEDclC\" autocomplete=\"off\"> <button type=\"submit\" class=\"flex items-center px-2 py-1.5 w-full focus:outline-hidden rounded-md text-start text-sm font-medium [&amp;[disabled]]:opacity-50 text-zinc-800 data-active:bg-zinc-50 dark:text-white dark:data-active:bg-zinc-600 **:data-flux-menu-item-icon:text-zinc-400 dark:**:data-flux-menu-item-icon:text-white/60 [&amp;[data-active]_[data-flux-menu-item-icon]]:text-current w-full cursor-pointer\" data-flux-menu-item=\"data-flux-menu-item\" data-flux-menu-item-has-icon=\"data-flux-menu-item-has-icon\">\\n\n <svg class=\"shrink-0 [:where(&amp;)]:size-5 me-2\" data-flux-menu-item-icon=\"data-flux-menu-item-icon\" data-flux-icon xmlns=\"http://www.w3.org/2000/svg\" viewBox=\"0 0 20 20\" fill=\"currentColor\" aria-hidden=\"true\" data-slot=\"icon\">\\n\n <path fill-rule=\"evenodd\" d=\"M3 4.25A2.25 2.25 0 0 1 5.25 2h5.5A2.25 2.25 0 0 1 13 4.25v2a.75.75 0 0 1-1.5 0v-2a.75.75 0 0 0-.75-.75h-5.5a.75.75 0 0 0-.75.75v11.5c0 .414.336.75.75.75h5.5a.75.75 0 0 0 .75-.75v-2a.75.75 0 0 1 1.5 0v2A2.25 2.25 0 0 1 10.75 18h-5.5A2.25 2.25 0 0 1 3 15.75V4.25Z\" clip-rule=\"evenodd\"/>\\n\n <path fill-rule=\"evenodd\" d=\"M6 10a.75.75 0 0 1 .75-.75h9.546l-1.048-.943a.75.75 0 1 1 1.004-1.114l2.5 2.25a.75.75 0 0 1 0 1.114l-2.5 2.25a.75.75 0 1 1-1.004-1.114l1.048-.943H6.75A.75.75 0 0 1 6 10Z\" clip-rule=\"evenodd\"/>\\n\n</svg>\\n\n\\n\n \\n\n Log out\\n\n </button>\\n\n </form>\\n\n</ui-menu-radio-group>\\n\n</ui-menu>\\n\n</ui-dropdown>\\n\n </div>\\n\n\\n\n \\n\n <div class=\"grid auto-rows-min gap-4 md:grid-cols-3\">\\n\n <div class=\"relative aspect-video overflow-hidden rounded-xl border border-neutral-200 dark:border-neutral-700\">\\n\n <svg class=\"absolute inset-0 size-full stroke-gray-900/20 dark:stroke-neutral-100/20\" fill=\"none\">\\n\n <defs>\\n\n <pattern id=\"pattern-6a1de85f99cb5\" x=\"0\" y=\"0\" width=\"8\" height=\"8\" patternUnits=\"userSpaceOnUse\">\\n\n <path d=\"M-1 5L5 -1M3 9L8.5 3.5\" stroke-width=\"0.5\"></path>\\n\n </pattern>\\n\n </defs>\\n\n <rect stroke=\"none\" fill=\"url(#pattern-6a1de85f99cb5)\" width=\"100%\" height=\"100%\"></rect>\\n\n</svg>\\n\n </div>\\n\n <div class=\"relative aspect-video overflow-hidden rounded-xl border border-neutral-200 dark:border-neutral-700\">\\n\n <svg class=\"absolute inset-0 size-full stroke-gray-900/20 dark:stroke-neutral-100/20\" fill=\"none\">\\n\n <defs>\\n\n <pattern id=\"pattern-6a1de85f99e0c\" x=\"0\" y=\"0\" width=\"8\" height=\"8\" patternUnits=\"userSpaceOnUse\">\\n\n <path d=\"M-1 5L5 -1M3 9L8.5 3.5\" stroke-width=\"0.5\"></path>\\n\n </pattern>\\n\n </defs>\\n\n <rect stroke=\"none\" fill=\"url(#pattern-6a1de85f99e0c)\" width=\"100%\" height=\"100%\"></rect>\\n\n</svg>\\n\n </div>\\n\n <div class=\"relative aspect-video overflow-hidden rounded-xl border border-neutral-200 dark:border-neutral-700\">\\n\n <svg class=\"absolute inset-0 size-full stroke-gray-900/20 dark:stroke-neutral-100/20\" fill=\"none\">\\n\n <defs>\\n\n <pattern id=\"pattern-6a1de85f9a34a\" x=\"0\" y=\"0\" width=\"8\" height=\"8\" patternUnits=\"userSpaceOnUse\">\\n\n <path d=\"M-1 5L5 -1M3 9L8.5 3.5\" stroke-width=\"0.5\"></path>\\n\n </pattern>\\n\n </defs>\\n\n <rect stroke=\"none\" fill=\"url(#pattern-6a1de85f9a34a)\" width=\"100%\" height=\"100%\"></rect>\\n\n</svg>\\n\n </div>\\n\n </div>\\n\n <div class=\"relative h-full flex-1 overflow-hidden rounded-xl border border-neutral-200 dark:border-neutral-700\">\\n\n <svg class=\"absolute inset-0 size-full stroke-gray-900/20 dark:stroke-neutral-100/20\" fill=\"none\">\\n\n <defs>\\n\n <pattern id=\"pattern-6a1de85f9a570\" x=\"0\" y=\"0\" width=\"8\" height=\"8\" patternUnits=\"userSpaceOnUse\">\\n\n <path d=\"M-1 5L5 -1M3 9L8.5 3.5\" stroke-width=\"0.5\"></path>\\n\n </pattern>\\n\n </defs>\\n\n <rect stroke=\"none\" fill=\"url(#pattern-6a1de85f9a570)\" width=\"100%\" height=\"100%\"></rect>\\n\n</svg>\\n\n </div>\\n\n </div>\\n\n</div>\\n\n </main>\\n\n </div>\\n\n </div>\\n\n\\n\n \\n\n <div\\n\n x-data=\"toast()\"\\n\n x-init=\"init()\"\\n\n x-cloak\\n\n class=\"fixed bottom-4 right-4 z-50 flex flex-col gap-2\"\\n\n >\\n\n <template x-for=\"(t, i) in toasts\" :key=\"i\">\\n\n <div\\n\n x-show=\"t.visible\"\\n\n x-transition:enter=\"transition ease-out duration-300\"\\n\n x-transition:enter-start=\"translate-x-full opacity-0\"\\n\n x-transition:enter-end=\"translate-x-0 opacity-100\"\\n\n x-transition:leave=\"transition ease-in duration-200\"\\n\n x-transition:leave-start=\"translate-x-0 opacity-100\"\\n\n x-transition:leave-end=\"translate-x-full opacity-0\"\\n\n class=\"flex items-center gap-3 rounded-lg border px-4 py-3 shadow-lg text-sm\"\\n\n :class=\"{\\n\n 'bg-green-50 border-green-200 text-green-800 dark:bg-green-900/30 dark:border-green-700 dark:text-green-300': t.type === 'success',\\n\n 'bg-red-50 border-red-200 text-red-800 dark:bg-red-900/30 dark:border-red-700 dark:text-red-300': t.type === 'error',\\n\n 'bg-blue-50 border-blue-200 text-blue-800 dark:bg-blue-900/30 dark:border-blue-700 dark:text-blue-300': t.type === 'info',\\n\n }\"\\n\n >\\n\n <span x-text=\"t.message\"></span>\\n\n <button @click=\"remove(i)\" class=\"ml-2 shrink-0 opacity-60 hover:opacity-100\">\\n\n <svg class=\"w-4 h-4\" fill=\"none\" viewBox=\"0 0 24 24\" stroke-width=\"2\" stroke=\"currentColor\">\\n\n <path stroke-linecap=\"round\" stroke-linejoin=\"round\" d=\"M6 18L18 6M6 6l12 12\" />\\n\n </svg>\\n\n </button>\\n\n </div>\\n\n </template>\\n\n </div>\\n\n\\n\n <script src=\"http://localhost:8000/flux/flux.js?id=497da1a7\" data-navigate-once></script>\\n\n\\n\n <script>\\n\n function layout() {\\n\n return {\\n\n sidebarOpen: false,\\n\n init() {\\n\n // Close sidebar on route navigation (Livewire)\\n\n Livewire?.on('$navigate', () => { this.sidebarOpen = false; });\\n\n }\\n\n };\\n\n }\\n\n\\n\n function toast() {\\n\n return {\\n\n toasts: [],\\n\n init() {\\n\n window.addEventListener('toast', (e) => {\\n\n this.toasts.push({\\n\n message: e.detail.message,\\n\n type: e.detail.type || 'info',\\n\n visible: true,\\n\n });\\n\n setTimeout(() => {\\n\n if (this.toasts.length > 0) {\\n\n const idx = this.toasts.findIndex(t => t.message === e.detail.message);\\n\n if (idx !== -1) this.toasts[idx].visible = false;\\n\n setTimeout(() => { this.toasts = this.toasts.filter(t => t.visible); }, 300);\\n\n }\\n\n }, e.detail.duration || 4000);\\n\n });\\n\n },\\n\n remove(index) {\\n\n this.toasts[index].visible = false;\\n\n setTimeout(() => { this.toasts = this.toasts.filter(t => t.visible); }, 300);\\n\n }\\n\n };\\n\n }\\n\n </script>\\n\n<!-- Livewire Scripts -->\\n\n<script src=\"http://localhost:8000/livewire-dcc4aad2/livewire.js?id=ab6b028c\" data-csrf=\"LFx7B3tFTnJOSgAuvtVVEXBpXbafzVgu4iyEDclC\" data-module-url=\"http://localhost:8000/livewire-dcc4aad2\" data-update-uri=\"http://localhost:8000/livewire-dcc4aad2/update\" data-navigate-once=\"true\"></script>\\n\n</body>\\n\n</html>\\n\n' [UTF-8](length: 55603) does not contain \"Usuarios\" [ASCII](length: 8)."}]}
